Copyright 1986-2021 Xilinx, Inc. All Rights Reserved.
------------------------------------------------------------------------------------
| Tool Version : Vivado v.2021.1 (win64) Build 3247384 Thu Jun 10 19:36:33 MDT 2021
| Date         : Tue Feb 24 14:50:02 2026
| Host         : DESKTOP-0G8LKRK running 64-bit major release  (build 9200)
| Command      : report_control_sets -verbose -file top_control_sets_placed.rpt
| Design       : top
| Device       : xc7a35t
------------------------------------------------------------------------------------

Control Set Information

Table of Contents
-----------------
1. Summary
2. Histogram
3. Flip-Flop Distribution
4. Detailed Control Set Information

1. Summary
----------

+----------------------------------------------------------+-------+
|                          Status                          | Count |
+----------------------------------------------------------+-------+
| Total control sets                                       |    14 |
|    Minimum number of control sets                        |    14 |
|    Addition due to synthesis replication                 |     0 |
|    Addition due to physical synthesis replication        |     0 |
| Unused register locations in slices containing registers |    61 |
+----------------------------------------------------------+-------+
* Control sets can be merged at opt_design using control_set_merge or merge_equivalent_drivers
** Run report_qor_suggestions for automated merging and remapping suggestions


2. Histogram
------------

+--------------------+-------+
|       Fanout       | Count |
+--------------------+-------+
| Total control sets |    14 |
| >= 0 to < 4        |     4 |
| >= 4 to < 6        |     5 |
| >= 6 to < 8        |     0 |
| >= 8 to < 10       |     0 |
| >= 10 to < 12      |     0 |
| >= 12 to < 14      |     2 |
| >= 14 to < 16      |     1 |
| >= 16              |     2 |
+--------------------+-------+
* Control sets can be remapped at either synth_design or opt_design


3. Flip-Flop Distribution
-------------------------

+--------------+-----------------------+------------------------+-----------------+--------------+
| Clock Enable | Synchronous Set/Reset | Asynchronous Set/Reset | Total Registers | Total Slices |
+--------------+-----------------------+------------------------+-----------------+--------------+
| No           | No                    | No                     |              14 |            9 |
| No           | No                    | Yes                    |              18 |            8 |
| No           | Yes                   | No                     |              28 |            7 |
| Yes          | No                    | No                     |               7 |            4 |
| Yes          | No                    | Yes                    |              32 |           10 |
| Yes          | Yes                   | No                     |               0 |            0 |
+--------------+-----------------------+------------------------+-----------------+--------------+


4. Detailed Control Set Information
-----------------------------------

+----------------+--------------------------------------------------------+------------------------------------------------------+------------------+----------------+--------------+
|  Clock Signal  |                      Enable Signal                     |                   Set/Reset Signal                   | Slice Load Count | Bel Load Count | Bels / Slice |
+----------------+--------------------------------------------------------+------------------------------------------------------+------------------+----------------+--------------+
|  tick_BUFG     | u_btn_debouncer/U_debouncer_btnL/btn_state             |                                                      |                1 |              1 |         1.00 |
|  tick_BUFG     | u_btn_debouncer/U_debouncer_btnC/btn_state             |                                                      |                1 |              1 |         1.00 |
|  tick_BUFG     | u_btn_debouncer/U_debouncer_btnR/btn_state             |                                                      |                1 |              1 |         1.00 |
|  clk_IBUF_BUFG |                                                        |                                                      |                2 |              2 |         1.00 |
|  tick_BUFG     |                                                        | u_btn_debouncer/U_debouncer_btnC/count[3]_i_1__0_n_0 |                1 |              4 |         4.00 |
|  tick_BUFG     |                                                        | u_btn_debouncer/U_debouncer_btnL/count[3]_i_1_n_0    |                1 |              4 |         4.00 |
|  tick_BUFG     |                                                        | u_btn_debouncer/U_debouncer_btnR/count[3]_i_1__1_n_0 |                1 |              4 |         4.00 |
|  tick_BUFG     | u_fnd_controller/u_bin2bdc4digit/circle_count          |                                                      |                1 |              4 |         4.00 |
|  tick_BUFG     | u_coffee_machine/FSM_onehot_r_current_state[4]_i_1_n_0 | reset_IBUF                                           |                2 |              5 |         2.50 |
|  tick_BUFG     |                                                        |                                                      |                7 |             12 |         1.71 |
|  tick_BUFG     | u_coffee_machine/D[0]                                  | reset_IBUF                                           |                4 |             13 |         3.25 |
|  tick_BUFG     | u_coffee_machine/coin_val[15]_i_1_n_0                  | reset_IBUF                                           |                4 |             14 |         3.50 |
|  clk_IBUF_BUFG |                                                        | u_tick_gen/r_tick_counter[16]_i_1_n_0                |                4 |             16 |         4.00 |
|  tick_BUFG     |                                                        | reset_IBUF                                           |                8 |             18 |         2.25 |
+----------------+--------------------------------------------------------+------------------------------------------------------+------------------+----------------+--------------+


