
*** Running vivado
    with args -log top.vds -m64 -product Vivado -mode batch -messageDb vivado.pb -notrace -source top.tcl



****** Vivado v2021.1 (64-bit)
  **** SW Build 3247384 on Thu Jun 10 19:36:33 MDT 2021
  **** IP Build 3246043 on Fri Jun 11 00:30:35 MDT 2021
    ** Copyright 1986-2021 Xilinx, Inc. All Rights Reserved.

source top.tcl -notrace
Command: synth_design -top top -part xc7a35tcpg236-1
Starting synth_design
Attempting to get a license for feature 'Synthesis' and/or device 'xc7a35t'
INFO: [Common 17-349] Got license for feature 'Synthesis' and/or device 'xc7a35t'
INFO: [Device 21-403] Loading part xc7a35tcpg236-1
INFO: [Synth 8-7079] Multithreading enabled for synth_design using a maximum of 2 processes.
INFO: [Synth 8-7078] Launching helper process for spawning children vivado processes
INFO: [Synth 8-7075] Helper process launched with PID 7348
---------------------------------------------------------------------------------
Starting RTL Elaboration : Time (s): cpu = 00:00:03 ; elapsed = 00:00:03 . Memory (MB): peak = 1283.062 ; gain = 0.000
---------------------------------------------------------------------------------
INFO: [Synth 8-6157] synthesizing module 'top' [G:/Project/FPGA/ai1/06.up_down_counter/06.up_down_counter.srcs/sources_1/new/top.v:3]
INFO: [Synth 8-6157] synthesizing module 'tick_gen' [G:/Project/FPGA/ai1/06.up_down_counter/06.up_down_counter.srcs/sources_1/new/tick_gen.v:3]
INFO: [Synth 8-6155] done synthesizing module 'tick_gen' (1#1) [G:/Project/FPGA/ai1/06.up_down_counter/06.up_down_counter.srcs/sources_1/new/tick_gen.v:3]
INFO: [Synth 8-6157] synthesizing module 'btn_debouncer' [G:/Project/FPGA/ai1/06.up_down_counter/06.up_down_counter.srcs/sources_1/new/btn_debounce.v:1]
INFO: [Synth 8-6157] synthesizing module 'debouncer' [G:/Project/FPGA/ai1/06.up_down_counter/06.up_down_counter.srcs/sources_1/new/btn_debounce.v:36]
INFO: [Synth 8-6155] done synthesizing module 'debouncer' (2#1) [G:/Project/FPGA/ai1/06.up_down_counter/06.up_down_counter.srcs/sources_1/new/btn_debounce.v:36]
INFO: [Synth 8-6155] done synthesizing module 'btn_debouncer' (3#1) [G:/Project/FPGA/ai1/06.up_down_counter/06.up_down_counter.srcs/sources_1/new/btn_debounce.v:1]
INFO: [Synth 8-6157] synthesizing module 'control_tower' [G:/Project/FPGA/ai1/06.up_down_counter/06.up_down_counter.srcs/sources_1/new/control_tower.v:3]
INFO: [Synth 8-6155] done synthesizing module 'control_tower' (4#1) [G:/Project/FPGA/ai1/06.up_down_counter/06.up_down_counter.srcs/sources_1/new/control_tower.v:3]
INFO: [Synth 8-6157] synthesizing module 'fnd_controller' [G:/Project/FPGA/ai1/06.up_down_counter/06.up_down_counter.srcs/sources_1/new/fnd_controller.v:3]
INFO: [Synth 8-6157] synthesizing module 'fnd_digit_select' [G:/Project/FPGA/ai1/06.up_down_counter/06.up_down_counter.srcs/sources_1/new/fnd_controller.v:47]
INFO: [Synth 8-6155] done synthesizing module 'fnd_digit_select' (5#1) [G:/Project/FPGA/ai1/06.up_down_counter/06.up_down_counter.srcs/sources_1/new/fnd_controller.v:47]
INFO: [Synth 8-6157] synthesizing module 'bin2bdc4digit' [G:/Project/FPGA/ai1/06.up_down_counter/06.up_down_counter.srcs/sources_1/new/fnd_controller.v:80]
INFO: [Synth 8-6155] done synthesizing module 'bin2bdc4digit' (6#1) [G:/Project/FPGA/ai1/06.up_down_counter/06.up_down_counter.srcs/sources_1/new/fnd_controller.v:80]
INFO: [Synth 8-6157] synthesizing module 'fnd_digit_display' [G:/Project/FPGA/ai1/06.up_down_counter/06.up_down_counter.srcs/sources_1/new/fnd_controller.v:93]
INFO: [Synth 8-226] default block is never used [G:/Project/FPGA/ai1/06.up_down_counter/06.up_down_counter.srcs/sources_1/new/fnd_controller.v:105]
WARNING: [Synth 8-567] referenced signal 'd1' should be on the sensitivity list [G:/Project/FPGA/ai1/06.up_down_counter/06.up_down_counter.srcs/sources_1/new/fnd_controller.v:104]
WARNING: [Synth 8-567] referenced signal 'd10' should be on the sensitivity list [G:/Project/FPGA/ai1/06.up_down_counter/06.up_down_counter.srcs/sources_1/new/fnd_controller.v:104]
WARNING: [Synth 8-567] referenced signal 'd100' should be on the sensitivity list [G:/Project/FPGA/ai1/06.up_down_counter/06.up_down_counter.srcs/sources_1/new/fnd_controller.v:104]
WARNING: [Synth 8-567] referenced signal 'd1000' should be on the sensitivity list [G:/Project/FPGA/ai1/06.up_down_counter/06.up_down_counter.srcs/sources_1/new/fnd_controller.v:104]
INFO: [Synth 8-6155] done synthesizing module 'fnd_digit_display' (7#1) [G:/Project/FPGA/ai1/06.up_down_counter/06.up_down_counter.srcs/sources_1/new/fnd_controller.v:93]
INFO: [Synth 8-6155] done synthesizing module 'fnd_controller' (8#1) [G:/Project/FPGA/ai1/06.up_down_counter/06.up_down_counter.srcs/sources_1/new/fnd_controller.v:3]
INFO: [Synth 8-6155] done synthesizing module 'top' (9#1) [G:/Project/FPGA/ai1/06.up_down_counter/06.up_down_counter.srcs/sources_1/new/top.v:3]
---------------------------------------------------------------------------------
Finished RTL Elaboration : Time (s): cpu = 00:00:04 ; elapsed = 00:00:04 . Memory (MB): peak = 1283.062 ; gain = 0.000
---------------------------------------------------------------------------------
---------------------------------------------------------------------------------
Start Handling Custom Attributes
---------------------------------------------------------------------------------
---------------------------------------------------------------------------------
Finished Handling Custom Attributes : Time (s): cpu = 00:00:04 ; elapsed = 00:00:04 . Memory (MB): peak = 1283.062 ; gain = 0.000
---------------------------------------------------------------------------------
---------------------------------------------------------------------------------
Finished RTL Optimization Phase 1 : Time (s): cpu = 00:00:04 ; elapsed = 00:00:04 . Memory (MB): peak = 1283.062 ; gain = 0.000
---------------------------------------------------------------------------------
Netlist sorting complete. Time (s): cpu = 00:00:00 ; elapsed = 00:00:00.003 . Memory (MB): peak = 1283.062 ; gain = 0.000
INFO: [Project 1-570] Preparing netlist for logic optimization

Processing XDC Constraints
Initializing timing engine
Parsing XDC File [G:/Project/FPGA/ai1/06.up_down_counter/06.up_down_counter.srcs/constrs_1/new/basys3.xdc]
Finished Parsing XDC File [G:/Project/FPGA/ai1/06.up_down_counter/06.up_down_counter.srcs/constrs_1/new/basys3.xdc]
INFO: [Project 1-236] Implementation specific constraints were found while reading constraint file [G:/Project/FPGA/ai1/06.up_down_counter/06.up_down_counter.srcs/constrs_1/new/basys3.xdc]. These constraints will be ignored for synthesis but will be used in implementation. Impacted constraints are listed in the file [.Xil/top_propImpl.xdc].
Resolution: To avoid this warning, move constraints listed in [.Xil/top_propImpl.xdc] to another XDC file and exclude this new file from synthesis with the used_in_synthesis property (File Properties dialog in GUI) and re-run elaboration/synthesis.
Completed Processing XDC Constraints

Netlist sorting complete. Time (s): cpu = 00:00:00 ; elapsed = 00:00:00 . Memory (MB): peak = 1283.062 ; gain = 0.000
INFO: [Project 1-111] Unisim Transformation Summary:
No Unisim elements were transformed.

Constraint Validation Runtime : Time (s): cpu = 00:00:00 ; elapsed = 00:00:00.002 . Memory (MB): peak = 1283.062 ; gain = 0.000
---------------------------------------------------------------------------------
Finished Constraint Validation : Time (s): cpu = 00:00:09 ; elapsed = 00:00:09 . Memory (MB): peak = 1283.062 ; gain = 0.000
---------------------------------------------------------------------------------
---------------------------------------------------------------------------------
Start Loading Part and Timing Information
---------------------------------------------------------------------------------
Loading part: xc7a35tcpg236-1
---------------------------------------------------------------------------------
Finished Loading Part and Timing Information : Time (s): cpu = 00:00:09 ; elapsed = 00:00:09 . Memory (MB): peak = 1283.062 ; gain = 0.000
---------------------------------------------------------------------------------
---------------------------------------------------------------------------------
Start Applying 'set_property' XDC Constraints
---------------------------------------------------------------------------------
---------------------------------------------------------------------------------
Finished applying 'set_property' XDC Constraints : Time (s): cpu = 00:00:09 ; elapsed = 00:00:09 . Memory (MB): peak = 1283.062 ; gain = 0.000
---------------------------------------------------------------------------------
---------------------------------------------------------------------------------
Finished RTL Optimization Phase 2 : Time (s): cpu = 00:00:09 ; elapsed = 00:00:10 . Memory (MB): peak = 1283.062 ; gain = 0.000
---------------------------------------------------------------------------------
---------------------------------------------------------------------------------
Start RTL Component Statistics 
---------------------------------------------------------------------------------
Detailed RTL Component Info : 
+---Adders : 
	   2 Input   20 Bit       Adders := 4     
	   2 Input   17 Bit       Adders := 1     
	   2 Input   14 Bit       Adders := 2     
	   2 Input    2 Bit       Adders := 2     
+---Registers : 
	               20 Bit    Registers := 4     
	               17 Bit    Registers := 1     
	               14 Bit    Registers := 1     
	                2 Bit    Registers := 2     
	                1 Bit    Registers := 5     
+---Muxes : 
	   2 Input   20 Bit        Muxes := 7     
	   3 Input   20 Bit        Muxes := 1     
	   2 Input   17 Bit        Muxes := 1     
	   2 Input   14 Bit        Muxes := 2     
	   3 Input   14 Bit        Muxes := 2     
	   4 Input    4 Bit        Muxes := 2     
	   2 Input    2 Bit        Muxes := 1     
	   3 Input    1 Bit        Muxes := 1     
---------------------------------------------------------------------------------
Finished RTL Component Statistics 
---------------------------------------------------------------------------------
---------------------------------------------------------------------------------
Start Part Resource Summary
---------------------------------------------------------------------------------
Part Resources:
DSPs: 90 (col length:60)
BRAMs: 100 (col length: RAMB18 60 RAMB36 30)
---------------------------------------------------------------------------------
Finished Part Resource Summary
---------------------------------------------------------------------------------
---------------------------------------------------------------------------------
Start Cross Boundary and Area Optimization
---------------------------------------------------------------------------------
---------------------------------------------------------------------------------
Finished Cross Boundary and Area Optimization : Time (s): cpu = 00:00:16 ; elapsed = 00:00:17 . Memory (MB): peak = 1283.062 ; gain = 0.000
---------------------------------------------------------------------------------
---------------------------------------------------------------------------------
Start Applying XDC Timing Constraints
---------------------------------------------------------------------------------
---------------------------------------------------------------------------------
Finished Applying XDC Timing Constraints : Time (s): cpu = 00:00:21 ; elapsed = 00:00:22 . Memory (MB): peak = 1283.062 ; gain = 0.000
---------------------------------------------------------------------------------
---------------------------------------------------------------------------------
Start Timing Optimization
---------------------------------------------------------------------------------
---------------------------------------------------------------------------------
Finished Timing Optimization : Time (s): cpu = 00:00:21 ; elapsed = 00:00:22 . Memory (MB): peak = 1291.082 ; gain = 8.020
---------------------------------------------------------------------------------
---------------------------------------------------------------------------------
Start Technology Mapping
---------------------------------------------------------------------------------
---------------------------------------------------------------------------------
Finished Technology Mapping : Time (s): cpu = 00:00:21 ; elapsed = 00:00:22 . Memory (MB): peak = 1315.684 ; gain = 32.621
---------------------------------------------------------------------------------
---------------------------------------------------------------------------------
Start IO Insertion
---------------------------------------------------------------------------------
---------------------------------------------------------------------------------
Start Flattening Before IO Insertion
---------------------------------------------------------------------------------
---------------------------------------------------------------------------------
Finished Flattening Before IO Insertion
---------------------------------------------------------------------------------
---------------------------------------------------------------------------------
Start Final Netlist Cleanup
---------------------------------------------------------------------------------
---------------------------------------------------------------------------------
Finished Final Netlist Cleanup
---------------------------------------------------------------------------------
---------------------------------------------------------------------------------
Finished IO Insertion : Time (s): cpu = 00:00:24 ; elapsed = 00:00:25 . Memory (MB): peak = 1331.480 ; gain = 48.418
---------------------------------------------------------------------------------
---------------------------------------------------------------------------------
Start Renaming Generated Instances
---------------------------------------------------------------------------------
---------------------------------------------------------------------------------
Finished Renaming Generated Instances : Time (s): cpu = 00:00:24 ; elapsed = 00:00:25 . Memory (MB): peak = 1331.480 ; gain = 48.418
---------------------------------------------------------------------------------
---------------------------------------------------------------------------------
Start Rebuilding User Hierarchy
---------------------------------------------------------------------------------
---------------------------------------------------------------------------------
Finished Rebuilding User Hierarchy : Time (s): cpu = 00:00:24 ; elapsed = 00:00:25 . Memory (MB): peak = 1331.480 ; gain = 48.418
---------------------------------------------------------------------------------
---------------------------------------------------------------------------------
Start Renaming Generated Ports
---------------------------------------------------------------------------------
---------------------------------------------------------------------------------
Finished Renaming Generated Ports : Time (s): cpu = 00:00:24 ; elapsed = 00:00:25 . Memory (MB): peak = 1331.480 ; gain = 48.418
---------------------------------------------------------------------------------
---------------------------------------------------------------------------------
Start Handling Custom Attributes
---------------------------------------------------------------------------------
---------------------------------------------------------------------------------
Finished Handling Custom Attributes : Time (s): cpu = 00:00:24 ; elapsed = 00:00:25 . Memory (MB): peak = 1331.480 ; gain = 48.418
---------------------------------------------------------------------------------
---------------------------------------------------------------------------------
Start Renaming Generated Nets
---------------------------------------------------------------------------------
---------------------------------------------------------------------------------
Finished Renaming Generated Nets : Time (s): cpu = 00:00:24 ; elapsed = 00:00:25 . Memory (MB): peak = 1331.480 ; gain = 48.418
---------------------------------------------------------------------------------
---------------------------------------------------------------------------------
Start Writing Synthesis Report
---------------------------------------------------------------------------------

Report BlackBoxes: 
+-+--------------+----------+
| |BlackBox name |Instances |
+-+--------------+----------+
+-+--------------+----------+

Report Cell Usage: 
+------+-------+------+
|      |Cell   |Count |
+------+-------+------+
|1     |BUFG   |     1|
|2     |CARRY4 |    42|
|3     |LUT1   |    16|
|4     |LUT2   |    48|
|5     |LUT3   |    21|
|6     |LUT4   |    79|
|7     |LUT5   |    48|
|8     |LUT6   |   150|
|9     |FDCE   |    77|
|10    |FDRE   |     1|
|11    |IBUF   |    11|
|12    |OBUF   |    14|
|13    |OBUFT  |    14|
+------+-------+------+
---------------------------------------------------------------------------------
Finished Writing Synthesis Report : Time (s): cpu = 00:00:24 ; elapsed = 00:00:25 . Memory (MB): peak = 1331.480 ; gain = 48.418
---------------------------------------------------------------------------------
Synthesis finished with 0 errors, 0 critical warnings and 0 warnings.
Synthesis Optimization Runtime : Time (s): cpu = 00:00:18 ; elapsed = 00:00:23 . Memory (MB): peak = 1331.480 ; gain = 48.418
Synthesis Optimization Complete : Time (s): cpu = 00:00:24 ; elapsed = 00:00:25 . Memory (MB): peak = 1331.480 ; gain = 48.418
INFO: [Project 1-571] Translating synthesized netlist
Netlist sorting complete. Time (s): cpu = 00:00:00 ; elapsed = 00:00:00.008 . Memory (MB): peak = 1343.516 ; gain = 0.000
INFO: [Netlist 29-17] Analyzing 42 Unisim elements for replacement
INFO: [Netlist 29-28] Unisim Transformation completed in 0 CPU seconds
INFO: [Project 1-570] Preparing netlist for logic optimization
INFO: [Opt 31-138] Pushed 0 inverter(s) to 0 load pin(s).
Netlist sorting complete. Time (s): cpu = 00:00:00 ; elapsed = 00:00:00 . Memory (MB): peak = 1347.301 ; gain = 0.000
INFO: [Project 1-111] Unisim Transformation Summary:
No Unisim elements were transformed.

Synth Design complete, checksum: e1b5ba67
INFO: [Common 17-83] Releasing license: Synthesis
34 Infos, 4 Warnings, 0 Critical Warnings and 0 Errors encountered.
synth_design completed successfully
synth_design: Time (s): cpu = 00:00:27 ; elapsed = 00:00:29 . Memory (MB): peak = 1347.301 ; gain = 64.238
INFO: [Common 17-1381] The checkpoint 'G:/Project/FPGA/ai1/06.up_down_counter/06.up_down_counter.runs/synth_1/top.dcp' has been generated.
INFO: [runtcl-4] Executing : report_utilization -file top_utilization_synth.rpt -pb top_utilization_synth.pb
INFO: [Common 17-206] Exiting Vivado at Thu Feb 19 16:25:41 2026...
