Copyright 1986-2021 Xilinx, Inc. All Rights Reserved.
---------------------------------------------------------------------------------------
| Tool Version : Vivado v.2021.1 (win64) Build 3247384 Thu Jun 10 19:36:33 MDT 2021
| Date         : Tue Mar  3 14:24:31 2026
| Host         : DESKTOP-0G8LKRK running 64-bit major release  (build 9200)
| Command      : report_control_sets -verbose -file top_buzzer_control_sets_placed.rpt
| Design       : top_buzzer
| Device       : xc7a35t
---------------------------------------------------------------------------------------

Control Set Information

Table of Contents
-----------------
1. Summary
2. Histogram
3. Flip-Flop Distribution
4. Detailed Control Set Information

1. Summary
----------

+----------------------------------------------------------+-------+
|                          Status                          | Count |
+----------------------------------------------------------+-------+
| Total control sets                                       |    11 |
|    Minimum number of control sets                        |    11 |
|    Addition due to synthesis replication                 |     0 |
|    Addition due to physical synthesis replication        |     0 |
| Unused register locations in slices containing registers |    58 |
+----------------------------------------------------------+-------+
* Control sets can be merged at opt_design using control_set_merge or merge_equivalent_drivers
** Run report_qor_suggestions for automated merging and remapping suggestions


2. Histogram
------------

+--------------------+-------+
|       Fanout       | Count |
+--------------------+-------+
| Total control sets |    11 |
| >= 0 to < 4        |     5 |
| >= 4 to < 6        |     0 |
| >= 6 to < 8        |     0 |
| >= 8 to < 10       |     0 |
| >= 10 to < 12      |     0 |
| >= 12 to < 14      |     0 |
| >= 14 to < 16      |     0 |
| >= 16              |     6 |
+--------------------+-------+
* Control sets can be remapped at either synth_design or opt_design


3. Flip-Flop Distribution
-------------------------

+--------------+-----------------------+------------------------+-----------------+--------------+
| Clock Enable | Synchronous Set/Reset | Asynchronous Set/Reset | Total Registers | Total Slices |
+--------------+-----------------------+------------------------+-----------------+--------------+
| No           | No                    | No                     |               0 |            0 |
| No           | No                    | Yes                    |             125 |           44 |
| No           | Yes                   | No                     |             100 |           25 |
| Yes          | No                    | No                     |               5 |            5 |
| Yes          | No                    | Yes                    |               0 |            0 |
| Yes          | Yes                   | No                     |               0 |            0 |
+--------------+-----------------------+------------------------+-----------------+--------------+


4. Detailed Control Set Information
-----------------------------------

+----------------+--------------------------------------------+------------------------------------------------------+------------------+----------------+--------------+
|  Clock Signal  |                Enable Signal               |                   Set/Reset Signal                   | Slice Load Count | Bel Load Count | Bels / Slice |
+----------------+--------------------------------------------+------------------------------------------------------+------------------+----------------+--------------+
|  clk_IBUF_BUFG | u_btn_debouncer/U_debouncer_btnC/btn_state |                                                      |                1 |              1 |         1.00 |
|  clk_IBUF_BUFG | u_btn_debouncer/U_debouncer_btnD/btn_state |                                                      |                1 |              1 |         1.00 |
|  clk_IBUF_BUFG | u_btn_debouncer/U_debouncer_btnL/btn_state |                                                      |                1 |              1 |         1.00 |
|  clk_IBUF_BUFG | u_btn_debouncer/U_debouncer_btnR/btn_state |                                                      |                1 |              1 |         1.00 |
|  clk_IBUF_BUFG | u_btn_debouncer/U_debouncer_btnU/btn_state |                                                      |                1 |              1 |         1.00 |
|  clk_IBUF_BUFG |                                            | u_btn_debouncer/U_debouncer_btnC/count[0]_i_1__1_n_0 |                5 |             20 |         4.00 |
|  clk_IBUF_BUFG |                                            | u_btn_debouncer/U_debouncer_btnD/count[0]_i_1__3_n_0 |                5 |             20 |         4.00 |
|  clk_IBUF_BUFG |                                            | u_btn_debouncer/U_debouncer_btnL/count[0]_i_1__0_n_0 |                5 |             20 |         4.00 |
|  clk_IBUF_BUFG |                                            | u_btn_debouncer/U_debouncer_btnR/count[0]_i_1__2_n_0 |                5 |             20 |         4.00 |
|  clk_IBUF_BUFG |                                            | u_btn_debouncer/U_debouncer_btnU/count[0]_i_1_n_0    |                5 |             20 |         4.00 |
|  clk_IBUF_BUFG |                                            | reset_IBUF                                           |               44 |            125 |         2.84 |
+----------------+--------------------------------------------+------------------------------------------------------+------------------+----------------+--------------+


