Copyright 1986-2021 Xilinx, Inc. All Rights Reserved.
-------------------------------------------------------------------------------------------
| Tool Version : Vivado v.2021.1 (win64) Build 3247384 Thu Jun 10 19:36:33 MDT 2021
| Date         : Wed Feb 25 17:33:18 2026
| Host         : DESKTOP-0G8LKRK running 64-bit major release  (build 9200)
| Command      : report_control_sets -verbose -file shift_register_control_sets_placed.rpt
| Design       : shift_register
| Device       : xc7a35t
-------------------------------------------------------------------------------------------

Control Set Information

Table of Contents
-----------------
1. Summary
2. Histogram
3. Flip-Flop Distribution
4. Detailed Control Set Information

1. Summary
----------

+----------------------------------------------------------+-------+
|                          Status                          | Count |
+----------------------------------------------------------+-------+
| Total control sets                                       |     6 |
|    Minimum number of control sets                        |     6 |
|    Addition due to synthesis replication                 |     0 |
|    Addition due to physical synthesis replication        |     0 |
| Unused register locations in slices containing registers |    22 |
+----------------------------------------------------------+-------+
* Control sets can be merged at opt_design using control_set_merge or merge_equivalent_drivers
** Run report_qor_suggestions for automated merging and remapping suggestions


2. Histogram
------------

+--------------------+-------+
|       Fanout       | Count |
+--------------------+-------+
| Total control sets |     6 |
| >= 0 to < 4        |     3 |
| >= 4 to < 6        |     0 |
| >= 6 to < 8        |     0 |
| >= 8 to < 10       |     0 |
| >= 10 to < 12      |     0 |
| >= 12 to < 14      |     0 |
| >= 14 to < 16      |     1 |
| >= 16              |     2 |
+--------------------+-------+
* Control sets can be remapped at either synth_design or opt_design


3. Flip-Flop Distribution
-------------------------

+--------------+-----------------------+------------------------+-----------------+--------------+
| Clock Enable | Synchronous Set/Reset | Asynchronous Set/Reset | Total Registers | Total Slices |
+--------------+-----------------------+------------------------+-----------------+--------------+
| No           | No                    | No                     |               2 |            1 |
| No           | No                    | Yes                    |               0 |            0 |
| No           | Yes                   | No                     |              64 |           16 |
| Yes          | No                    | No                     |               2 |            2 |
| Yes          | No                    | Yes                    |              14 |            3 |
| Yes          | Yes                   | No                     |               0 |            0 |
+--------------+-----------------------+------------------------+-----------------+--------------+


4. Detailed Control Set Information
-----------------------------------

+----------------+---------------------------------------+-------------------------------------------------+------------------+----------------+--------------+
|  Clock Signal  |             Enable Signal             |                 Set/Reset Signal                | Slice Load Count | Bel Load Count | Bels / Slice |
+----------------+---------------------------------------+-------------------------------------------------+------------------+----------------+--------------+
|  clk_IBUF_BUFG | u_btn_debouncer/D_debouncer/btn_state |                                                 |                1 |              1 |         1.00 |
|  clk_IBUF_BUFG | u_btn_debouncer/U_debouncer/btn_state |                                                 |                1 |              1 |         1.00 |
|  clk_IBUF_BUFG |                                       |                                                 |                1 |              2 |         2.00 |
|  clk_IBUF_BUFG | u_btn_debouncer/D_debouncer/E[0]      | reset_IBUF                                      |                3 |             14 |         4.67 |
|  clk_IBUF_BUFG |                                       | u_btn_debouncer/D_debouncer/count[0]_i_1__0_n_0 |                8 |             32 |         4.00 |
|  clk_IBUF_BUFG |                                       | u_btn_debouncer/U_debouncer/count[0]_i_1_n_0    |                8 |             32 |         4.00 |
+----------------+---------------------------------------+-------------------------------------------------+------------------+----------------+--------------+


