Copyright 1986-2021 Xilinx, Inc. All Rights Reserved.
--------------------------------------------------------------------------------------------------------------------------------------------------------------------------------
| Tool Version : Vivado v.2021.1 (win64) Build 3247384 Thu Jun 10 19:36:33 MDT 2021
| Date         : Thu Mar  5 20:25:12 2026
| Host         : DESKTOP-0G8LKRK running 64-bit major release  (build 9200)
| Command      : report_timing_summary -max_paths 10 -file top_timing_summary_routed.rpt -pb top_timing_summary_routed.pb -rpx top_timing_summary_routed.rpx -warn_on_violation
| Design       : top
| Device       : 7a35t-cpg236
| Speed File   : -1  PRODUCTION 1.23 2018-06-13
--------------------------------------------------------------------------------------------------------------------------------------------------------------------------------

Timing Summary Report

------------------------------------------------------------------------------------------------
| Timer Settings
| --------------
------------------------------------------------------------------------------------------------

  Enable Multi Corner Analysis               :  Yes
  Enable Pessimism Removal                   :  Yes
  Pessimism Removal Resolution               :  Nearest Common Node
  Enable Input Delay Default Clock           :  No
  Enable Preset / Clear Arcs                 :  No
  Disable Flight Delays                      :  No
  Ignore I/O Paths                           :  No
  Timing Early Launch at Borrowing Latches   :  No
  Borrow Time for Max Delay Exceptions       :  Yes
  Merge Timing Exceptions                    :  Yes

  Corner  Analyze    Analyze    
  Name    Max Paths  Min Paths  
  ------  ---------  ---------  
  Slow    Yes        Yes        
  Fast    Yes        Yes        


------------------------------------------------------------------------------------------------
| Report Methodology
| ------------------
------------------------------------------------------------------------------------------------

Rule       Severity  Description                    Violations  
---------  --------  -----------------------------  ----------  
TIMING-18  Warning   Missing input or output delay  35          

Note: This report is based on the most recent report_methodology run and may not be up-to-date. Run report_methodology on the current design for the latest report.



check_timing report

Table of Contents
-----------------
1. checking no_clock (0)
2. checking constant_clock (0)
3. checking pulse_width_clock (0)
4. checking unconstrained_internal_endpoints (0)
5. checking no_input_delay (3)
6. checking no_output_delay (15)
7. checking multiple_clock (0)
8. checking generated_clocks (0)
9. checking loops (0)
10. checking partial_input_delay (0)
11. checking partial_output_delay (0)
12. checking latch_loops (0)

1. checking no_clock (0)
------------------------
 There are 0 register/latch pins with no clock.


2. checking constant_clock (0)
------------------------------
 There are 0 register/latch pins with constant_clock.


3. checking pulse_width_clock (0)
---------------------------------
 There are 0 register/latch pins which need pulse_width check


4. checking unconstrained_internal_endpoints (0)
------------------------------------------------
 There are 0 pins that are not constrained for maximum delay.

 There are 0 pins that are not constrained for maximum delay due to constant clock.


5. checking no_input_delay (3)
------------------------------
 There are 3 input ports with no input delay specified. (HIGH)

 There are 0 input ports with no input delay but user has a false path constraint.


6. checking no_output_delay (15)
--------------------------------
 There are 15 ports with no output delay specified. (HIGH)

 There are 0 ports with no output delay but user has a false path constraint

 There are 0 ports with no output delay but with a timing clock defined on it or propagating through it


7. checking multiple_clock (0)
------------------------------
 There are 0 register/latch pins with multiple clocks.


8. checking generated_clocks (0)
--------------------------------
 There are 0 generated clocks that are not connected to a clock source.


9. checking loops (0)
---------------------
 There are 0 combinational loops in the design.


10. checking partial_input_delay (0)
------------------------------------
 There are 0 input ports with partial input delay specified.


11. checking partial_output_delay (0)
-------------------------------------
 There are 0 ports with partial output delay specified.


12. checking latch_loops (0)
----------------------------
 There are 0 combinational latch loops in the design through latch input



------------------------------------------------------------------------------------------------
| Design Timing Summary
| ---------------------
------------------------------------------------------------------------------------------------

    WNS(ns)      TNS(ns)  TNS Failing Endpoints  TNS Total Endpoints      WHS(ns)      THS(ns)  THS Failing Endpoints  THS Total Endpoints     WPWS(ns)     TPWS(ns)  TPWS Failing Endpoints  TPWS Total Endpoints  
    -------      -------  ---------------------  -------------------      -------      -------  ---------------------  -------------------     --------     --------  ----------------------  --------------------  
      5.169        0.000                      0                  238        0.162        0.000                      0                  238        4.500        0.000                       0                   189  


All user specified timing constraints are met.


------------------------------------------------------------------------------------------------
| Clock Summary
| -------------
------------------------------------------------------------------------------------------------

Clock        Waveform(ns)       Period(ns)      Frequency(MHz)
-----        ------------       ----------      --------------
sys_clk_pin  {0.000 5.000}      10.000          100.000         


------------------------------------------------------------------------------------------------
| Intra Clock Table
| -----------------
------------------------------------------------------------------------------------------------

Clock             WNS(ns)      TNS(ns)  TNS Failing Endpoints  TNS Total Endpoints      WHS(ns)      THS(ns)  THS Failing Endpoints  THS Total Endpoints     WPWS(ns)     TPWS(ns)  TPWS Failing Endpoints  TPWS Total Endpoints  
-----             -------      -------  ---------------------  -------------------      -------      -------  ---------------------  -------------------     --------     --------  ----------------------  --------------------  
sys_clk_pin         5.169        0.000                      0                  238        0.162        0.000                      0                  238        4.500        0.000                       0                   189  


------------------------------------------------------------------------------------------------
| Inter Clock Table
| -----------------
------------------------------------------------------------------------------------------------

From Clock    To Clock          WNS(ns)      TNS(ns)  TNS Failing Endpoints  TNS Total Endpoints      WHS(ns)      THS(ns)  THS Failing Endpoints  THS Total Endpoints  
----------    --------          -------      -------  ---------------------  -------------------      -------      -------  ---------------------  -------------------  


------------------------------------------------------------------------------------------------
| Other Path Groups Table
| -----------------------
------------------------------------------------------------------------------------------------

Path Group    From Clock    To Clock          WNS(ns)      TNS(ns)  TNS Failing Endpoints  TNS Total Endpoints      WHS(ns)      THS(ns)  THS Failing Endpoints  THS Total Endpoints  
----------    ----------    --------          -------      -------  ---------------------  -------------------      -------      -------  ---------------------  -------------------  


------------------------------------------------------------------------------------------------
| Timing Details
| --------------
------------------------------------------------------------------------------------------------


---------------------------------------------------------------------------------------------------
From Clock:  sys_clk_pin
  To Clock:  sys_clk_pin

Setup :            0  Failing Endpoints,  Worst Slack        5.169ns,  Total Violation        0.000ns
Hold  :            0  Failing Endpoints,  Worst Slack        0.162ns,  Total Violation        0.000ns
PW    :            0  Failing Endpoints,  Worst Slack        4.500ns,  Total Violation        0.000ns
---------------------------------------------------------------------------------------------------


Max Delay Paths
--------------------------------------------------------------------------------------
Slack (MET) :             5.169ns  (required time - arrival time)
  Source:                 u_control_tower/r_mode_reg[1]/C
                            (rising edge-triggered cell FDCE clocked by sys_clk_pin  {rise@0.000ns fall@5.000ns period=10.000ns})
  Destination:            u_control_tower/r_10ms_counter_reg[11]/CE
                            (rising edge-triggered cell FDCE clocked by sys_clk_pin  {rise@0.000ns fall@5.000ns period=10.000ns})
  Path Group:             sys_clk_pin
  Path Type:              Setup (Max at Slow Process Corner)
  Requirement:            10.000ns  (sys_clk_pin rise@10.000ns - sys_clk_pin rise@0.000ns)
  Data Path Delay:        4.573ns  (logic 0.580ns (12.683%)  route 3.993ns (87.317%))
  Logic Levels:           1  (LUT6=1)
  Clock Path Skew:        -0.018ns (DCD - SCD + CPR)
    Destination Clock Delay (DCD):    4.848ns = ( 14.848 - 10.000 ) 
    Source Clock Delay      (SCD):    5.138ns
    Clock Pessimism Removal (CPR):    0.272ns
  Clock Uncertainty:      0.035ns  ((TSJ^2 + TIJ^2)^1/2 + DJ) / 2 + PE
    Total System Jitter     (TSJ):    0.071ns
    Total Input Jitter      (TIJ):    0.000ns
    Discrete Jitter          (DJ):    0.000ns
    Phase Error              (PE):    0.000ns

    Location             Delay type                Incr(ns)  Path(ns)    Netlist Resource(s)
  -------------------------------------------------------------------    -------------------
                         (clock sys_clk_pin rise edge)
                                                      0.000     0.000 r  
    W5                                                0.000     0.000 r  clk (IN)
                         net (fo=0)                   0.000     0.000    clk
    W5                   IBUF (Prop_ibuf_I_O)         1.458     1.458 r  clk_IBUF_inst/O
                         net (fo=1, routed)           1.967     3.425    clk_IBUF
    BUFGCTRL_X0Y0        BUFG (Prop_bufg_I_O)         0.096     3.521 r  clk_IBUF_BUFG_inst/O
                         net (fo=188, routed)         1.617     5.138    u_control_tower/CLK
    SLICE_X62Y67         FDCE                                         r  u_control_tower/r_mode_reg[1]/C
  -------------------------------------------------------------------    -------------------
    SLICE_X62Y67         FDCE (Prop_fdce_C_Q)         0.456     5.594 r  u_control_tower/r_mode_reg[1]/Q
                         net (fo=129, routed)         2.902     8.496    u_control_tower/led_OBUF[1]
    SLICE_X59Y55         LUT6 (Prop_lut6_I4_O)        0.124     8.620 r  u_control_tower/r_10ms_counter[13]_i_1/O
                         net (fo=14, routed)          1.091     9.711    u_control_tower/r_10ms_counter[13]_i_1_n_0
    SLICE_X63Y59         FDCE                                         r  u_control_tower/r_10ms_counter_reg[11]/CE
  -------------------------------------------------------------------    -------------------

                         (clock sys_clk_pin rise edge)
                                                     10.000    10.000 r  
    W5                                                0.000    10.000 r  clk (IN)
                         net (fo=0)                   0.000    10.000    clk
    W5                   IBUF (Prop_ibuf_I_O)         1.388    11.388 r  clk_IBUF_inst/O
                         net (fo=1, routed)           1.862    13.250    clk_IBUF
    BUFGCTRL_X0Y0        BUFG (Prop_bufg_I_O)         0.091    13.341 r  clk_IBUF_BUFG_inst/O
                         net (fo=188, routed)         1.507    14.848    u_control_tower/CLK
    SLICE_X63Y59         FDCE                                         r  u_control_tower/r_10ms_counter_reg[11]/C
                         clock pessimism              0.272    15.120    
                         clock uncertainty           -0.035    15.085    
    SLICE_X63Y59         FDCE (Setup_fdce_C_CE)      -0.205    14.880    u_control_tower/r_10ms_counter_reg[11]
  -------------------------------------------------------------------
                         required time                         14.880    
                         arrival time                          -9.711    
  -------------------------------------------------------------------
                         slack                                  5.169    

Slack (MET) :             5.311ns  (required time - arrival time)
  Source:                 u_control_tower/r_mode_reg[1]/C
                            (rising edge-triggered cell FDCE clocked by sys_clk_pin  {rise@0.000ns fall@5.000ns period=10.000ns})
  Destination:            u_control_tower/r_10ms_counter_reg[10]/CE
                            (rising edge-triggered cell FDCE clocked by sys_clk_pin  {rise@0.000ns fall@5.000ns period=10.000ns})
  Path Group:             sys_clk_pin
  Path Type:              Setup (Max at Slow Process Corner)
  Requirement:            10.000ns  (sys_clk_pin rise@10.000ns - sys_clk_pin rise@0.000ns)
  Data Path Delay:        4.432ns  (logic 0.580ns (13.086%)  route 3.852ns (86.914%))
  Logic Levels:           1  (LUT6=1)
  Clock Path Skew:        -0.017ns (DCD - SCD + CPR)
    Destination Clock Delay (DCD):    4.849ns = ( 14.849 - 10.000 ) 
    Source Clock Delay      (SCD):    5.138ns
    Clock Pessimism Removal (CPR):    0.272ns
  Clock Uncertainty:      0.035ns  ((TSJ^2 + TIJ^2)^1/2 + DJ) / 2 + PE
    Total System Jitter     (TSJ):    0.071ns
    Total Input Jitter      (TIJ):    0.000ns
    Discrete Jitter          (DJ):    0.000ns
    Phase Error              (PE):    0.000ns

    Location             Delay type                Incr(ns)  Path(ns)    Netlist Resource(s)
  -------------------------------------------------------------------    -------------------
                         (clock sys_clk_pin rise edge)
                                                      0.000     0.000 r  
    W5                                                0.000     0.000 r  clk (IN)
                         net (fo=0)                   0.000     0.000    clk
    W5                   IBUF (Prop_ibuf_I_O)         1.458     1.458 r  clk_IBUF_inst/O
                         net (fo=1, routed)           1.967     3.425    clk_IBUF
    BUFGCTRL_X0Y0        BUFG (Prop_bufg_I_O)         0.096     3.521 r  clk_IBUF_BUFG_inst/O
                         net (fo=188, routed)         1.617     5.138    u_control_tower/CLK
    SLICE_X62Y67         FDCE                                         r  u_control_tower/r_mode_reg[1]/C
  -------------------------------------------------------------------    -------------------
    SLICE_X62Y67         FDCE (Prop_fdce_C_Q)         0.456     5.594 r  u_control_tower/r_mode_reg[1]/Q
                         net (fo=129, routed)         2.902     8.496    u_control_tower/led_OBUF[1]
    SLICE_X59Y55         LUT6 (Prop_lut6_I4_O)        0.124     8.620 r  u_control_tower/r_10ms_counter[13]_i_1/O
                         net (fo=14, routed)          0.950     9.570    u_control_tower/r_10ms_counter[13]_i_1_n_0
    SLICE_X63Y58         FDCE                                         r  u_control_tower/r_10ms_counter_reg[10]/CE
  -------------------------------------------------------------------    -------------------

                         (clock sys_clk_pin rise edge)
                                                     10.000    10.000 r  
    W5                                                0.000    10.000 r  clk (IN)
                         net (fo=0)                   0.000    10.000    clk
    W5                   IBUF (Prop_ibuf_I_O)         1.388    11.388 r  clk_IBUF_inst/O
                         net (fo=1, routed)           1.862    13.250    clk_IBUF
    BUFGCTRL_X0Y0        BUFG (Prop_bufg_I_O)         0.091    13.341 r  clk_IBUF_BUFG_inst/O
                         net (fo=188, routed)         1.508    14.849    u_control_tower/CLK
    SLICE_X63Y58         FDCE                                         r  u_control_tower/r_10ms_counter_reg[10]/C
                         clock pessimism              0.272    15.121    
                         clock uncertainty           -0.035    15.086    
    SLICE_X63Y58         FDCE (Setup_fdce_C_CE)      -0.205    14.881    u_control_tower/r_10ms_counter_reg[10]
  -------------------------------------------------------------------
                         required time                         14.881    
                         arrival time                          -9.570    
  -------------------------------------------------------------------
                         slack                                  5.311    

Slack (MET) :             5.311ns  (required time - arrival time)
  Source:                 u_control_tower/r_mode_reg[1]/C
                            (rising edge-triggered cell FDCE clocked by sys_clk_pin  {rise@0.000ns fall@5.000ns period=10.000ns})
  Destination:            u_control_tower/r_10ms_counter_reg[12]/CE
                            (rising edge-triggered cell FDCE clocked by sys_clk_pin  {rise@0.000ns fall@5.000ns period=10.000ns})
  Path Group:             sys_clk_pin
  Path Type:              Setup (Max at Slow Process Corner)
  Requirement:            10.000ns  (sys_clk_pin rise@10.000ns - sys_clk_pin rise@0.000ns)
  Data Path Delay:        4.432ns  (logic 0.580ns (13.086%)  route 3.852ns (86.914%))
  Logic Levels:           1  (LUT6=1)
  Clock Path Skew:        -0.017ns (DCD - SCD + CPR)
    Destination Clock Delay (DCD):    4.849ns = ( 14.849 - 10.000 ) 
    Source Clock Delay      (SCD):    5.138ns
    Clock Pessimism Removal (CPR):    0.272ns
  Clock Uncertainty:      0.035ns  ((TSJ^2 + TIJ^2)^1/2 + DJ) / 2 + PE
    Total System Jitter     (TSJ):    0.071ns
    Total Input Jitter      (TIJ):    0.000ns
    Discrete Jitter          (DJ):    0.000ns
    Phase Error              (PE):    0.000ns

    Location             Delay type                Incr(ns)  Path(ns)    Netlist Resource(s)
  -------------------------------------------------------------------    -------------------
                         (clock sys_clk_pin rise edge)
                                                      0.000     0.000 r  
    W5                                                0.000     0.000 r  clk (IN)
                         net (fo=0)                   0.000     0.000    clk
    W5                   IBUF (Prop_ibuf_I_O)         1.458     1.458 r  clk_IBUF_inst/O
                         net (fo=1, routed)           1.967     3.425    clk_IBUF
    BUFGCTRL_X0Y0        BUFG (Prop_bufg_I_O)         0.096     3.521 r  clk_IBUF_BUFG_inst/O
                         net (fo=188, routed)         1.617     5.138    u_control_tower/CLK
    SLICE_X62Y67         FDCE                                         r  u_control_tower/r_mode_reg[1]/C
  -------------------------------------------------------------------    -------------------
    SLICE_X62Y67         FDCE (Prop_fdce_C_Q)         0.456     5.594 r  u_control_tower/r_mode_reg[1]/Q
                         net (fo=129, routed)         2.902     8.496    u_control_tower/led_OBUF[1]
    SLICE_X59Y55         LUT6 (Prop_lut6_I4_O)        0.124     8.620 r  u_control_tower/r_10ms_counter[13]_i_1/O
                         net (fo=14, routed)          0.950     9.570    u_control_tower/r_10ms_counter[13]_i_1_n_0
    SLICE_X63Y58         FDCE                                         r  u_control_tower/r_10ms_counter_reg[12]/CE
  -------------------------------------------------------------------    -------------------

                         (clock sys_clk_pin rise edge)
                                                     10.000    10.000 r  
    W5                                                0.000    10.000 r  clk (IN)
                         net (fo=0)                   0.000    10.000    clk
    W5                   IBUF (Prop_ibuf_I_O)         1.388    11.388 r  clk_IBUF_inst/O
                         net (fo=1, routed)           1.862    13.250    clk_IBUF
    BUFGCTRL_X0Y0        BUFG (Prop_bufg_I_O)         0.091    13.341 r  clk_IBUF_BUFG_inst/O
                         net (fo=188, routed)         1.508    14.849    u_control_tower/CLK
    SLICE_X63Y58         FDCE                                         r  u_control_tower/r_10ms_counter_reg[12]/C
                         clock pessimism              0.272    15.121    
                         clock uncertainty           -0.035    15.086    
    SLICE_X63Y58         FDCE (Setup_fdce_C_CE)      -0.205    14.881    u_control_tower/r_10ms_counter_reg[12]
  -------------------------------------------------------------------
                         required time                         14.881    
                         arrival time                          -9.570    
  -------------------------------------------------------------------
                         slack                                  5.311    

Slack (MET) :             5.311ns  (required time - arrival time)
  Source:                 u_control_tower/r_mode_reg[1]/C
                            (rising edge-triggered cell FDCE clocked by sys_clk_pin  {rise@0.000ns fall@5.000ns period=10.000ns})
  Destination:            u_control_tower/r_10ms_counter_reg[5]/CE
                            (rising edge-triggered cell FDCE clocked by sys_clk_pin  {rise@0.000ns fall@5.000ns period=10.000ns})
  Path Group:             sys_clk_pin
  Path Type:              Setup (Max at Slow Process Corner)
  Requirement:            10.000ns  (sys_clk_pin rise@10.000ns - sys_clk_pin rise@0.000ns)
  Data Path Delay:        4.432ns  (logic 0.580ns (13.086%)  route 3.852ns (86.914%))
  Logic Levels:           1  (LUT6=1)
  Clock Path Skew:        -0.017ns (DCD - SCD + CPR)
    Destination Clock Delay (DCD):    4.849ns = ( 14.849 - 10.000 ) 
    Source Clock Delay      (SCD):    5.138ns
    Clock Pessimism Removal (CPR):    0.272ns
  Clock Uncertainty:      0.035ns  ((TSJ^2 + TIJ^2)^1/2 + DJ) / 2 + PE
    Total System Jitter     (TSJ):    0.071ns
    Total Input Jitter      (TIJ):    0.000ns
    Discrete Jitter          (DJ):    0.000ns
    Phase Error              (PE):    0.000ns

    Location             Delay type                Incr(ns)  Path(ns)    Netlist Resource(s)
  -------------------------------------------------------------------    -------------------
                         (clock sys_clk_pin rise edge)
                                                      0.000     0.000 r  
    W5                                                0.000     0.000 r  clk (IN)
                         net (fo=0)                   0.000     0.000    clk
    W5                   IBUF (Prop_ibuf_I_O)         1.458     1.458 r  clk_IBUF_inst/O
                         net (fo=1, routed)           1.967     3.425    clk_IBUF
    BUFGCTRL_X0Y0        BUFG (Prop_bufg_I_O)         0.096     3.521 r  clk_IBUF_BUFG_inst/O
                         net (fo=188, routed)         1.617     5.138    u_control_tower/CLK
    SLICE_X62Y67         FDCE                                         r  u_control_tower/r_mode_reg[1]/C
  -------------------------------------------------------------------    -------------------
    SLICE_X62Y67         FDCE (Prop_fdce_C_Q)         0.456     5.594 r  u_control_tower/r_mode_reg[1]/Q
                         net (fo=129, routed)         2.902     8.496    u_control_tower/led_OBUF[1]
    SLICE_X59Y55         LUT6 (Prop_lut6_I4_O)        0.124     8.620 r  u_control_tower/r_10ms_counter[13]_i_1/O
                         net (fo=14, routed)          0.950     9.570    u_control_tower/r_10ms_counter[13]_i_1_n_0
    SLICE_X63Y58         FDCE                                         r  u_control_tower/r_10ms_counter_reg[5]/CE
  -------------------------------------------------------------------    -------------------

                         (clock sys_clk_pin rise edge)
                                                     10.000    10.000 r  
    W5                                                0.000    10.000 r  clk (IN)
                         net (fo=0)                   0.000    10.000    clk
    W5                   IBUF (Prop_ibuf_I_O)         1.388    11.388 r  clk_IBUF_inst/O
                         net (fo=1, routed)           1.862    13.250    clk_IBUF
    BUFGCTRL_X0Y0        BUFG (Prop_bufg_I_O)         0.091    13.341 r  clk_IBUF_BUFG_inst/O
                         net (fo=188, routed)         1.508    14.849    u_control_tower/CLK
    SLICE_X63Y58         FDCE                                         r  u_control_tower/r_10ms_counter_reg[5]/C
                         clock pessimism              0.272    15.121    
                         clock uncertainty           -0.035    15.086    
    SLICE_X63Y58         FDCE (Setup_fdce_C_CE)      -0.205    14.881    u_control_tower/r_10ms_counter_reg[5]
  -------------------------------------------------------------------
                         required time                         14.881    
                         arrival time                          -9.570    
  -------------------------------------------------------------------
                         slack                                  5.311    

Slack (MET) :             5.311ns  (required time - arrival time)
  Source:                 u_control_tower/r_mode_reg[1]/C
                            (rising edge-triggered cell FDCE clocked by sys_clk_pin  {rise@0.000ns fall@5.000ns period=10.000ns})
  Destination:            u_control_tower/r_10ms_counter_reg[8]/CE
                            (rising edge-triggered cell FDCE clocked by sys_clk_pin  {rise@0.000ns fall@5.000ns period=10.000ns})
  Path Group:             sys_clk_pin
  Path Type:              Setup (Max at Slow Process Corner)
  Requirement:            10.000ns  (sys_clk_pin rise@10.000ns - sys_clk_pin rise@0.000ns)
  Data Path Delay:        4.432ns  (logic 0.580ns (13.086%)  route 3.852ns (86.914%))
  Logic Levels:           1  (LUT6=1)
  Clock Path Skew:        -0.017ns (DCD - SCD + CPR)
    Destination Clock Delay (DCD):    4.849ns = ( 14.849 - 10.000 ) 
    Source Clock Delay      (SCD):    5.138ns
    Clock Pessimism Removal (CPR):    0.272ns
  Clock Uncertainty:      0.035ns  ((TSJ^2 + TIJ^2)^1/2 + DJ) / 2 + PE
    Total System Jitter     (TSJ):    0.071ns
    Total Input Jitter      (TIJ):    0.000ns
    Discrete Jitter          (DJ):    0.000ns
    Phase Error              (PE):    0.000ns

    Location             Delay type                Incr(ns)  Path(ns)    Netlist Resource(s)
  -------------------------------------------------------------------    -------------------
                         (clock sys_clk_pin rise edge)
                                                      0.000     0.000 r  
    W5                                                0.000     0.000 r  clk (IN)
                         net (fo=0)                   0.000     0.000    clk
    W5                   IBUF (Prop_ibuf_I_O)         1.458     1.458 r  clk_IBUF_inst/O
                         net (fo=1, routed)           1.967     3.425    clk_IBUF
    BUFGCTRL_X0Y0        BUFG (Prop_bufg_I_O)         0.096     3.521 r  clk_IBUF_BUFG_inst/O
                         net (fo=188, routed)         1.617     5.138    u_control_tower/CLK
    SLICE_X62Y67         FDCE                                         r  u_control_tower/r_mode_reg[1]/C
  -------------------------------------------------------------------    -------------------
    SLICE_X62Y67         FDCE (Prop_fdce_C_Q)         0.456     5.594 r  u_control_tower/r_mode_reg[1]/Q
                         net (fo=129, routed)         2.902     8.496    u_control_tower/led_OBUF[1]
    SLICE_X59Y55         LUT6 (Prop_lut6_I4_O)        0.124     8.620 r  u_control_tower/r_10ms_counter[13]_i_1/O
                         net (fo=14, routed)          0.950     9.570    u_control_tower/r_10ms_counter[13]_i_1_n_0
    SLICE_X63Y58         FDCE                                         r  u_control_tower/r_10ms_counter_reg[8]/CE
  -------------------------------------------------------------------    -------------------

                         (clock sys_clk_pin rise edge)
                                                     10.000    10.000 r  
    W5                                                0.000    10.000 r  clk (IN)
                         net (fo=0)                   0.000    10.000    clk
    W5                   IBUF (Prop_ibuf_I_O)         1.388    11.388 r  clk_IBUF_inst/O
                         net (fo=1, routed)           1.862    13.250    clk_IBUF
    BUFGCTRL_X0Y0        BUFG (Prop_bufg_I_O)         0.091    13.341 r  clk_IBUF_BUFG_inst/O
                         net (fo=188, routed)         1.508    14.849    u_control_tower/CLK
    SLICE_X63Y58         FDCE                                         r  u_control_tower/r_10ms_counter_reg[8]/C
                         clock pessimism              0.272    15.121    
                         clock uncertainty           -0.035    15.086    
    SLICE_X63Y58         FDCE (Setup_fdce_C_CE)      -0.205    14.881    u_control_tower/r_10ms_counter_reg[8]
  -------------------------------------------------------------------
                         required time                         14.881    
                         arrival time                          -9.570    
  -------------------------------------------------------------------
                         slack                                  5.311    

Slack (MET) :             5.346ns  (required time - arrival time)
  Source:                 u_control_tower/r_mode_reg[1]/C
                            (rising edge-triggered cell FDCE clocked by sys_clk_pin  {rise@0.000ns fall@5.000ns period=10.000ns})
  Destination:            u_control_tower/r_10ms_counter_reg[9]/CE
                            (rising edge-triggered cell FDCE clocked by sys_clk_pin  {rise@0.000ns fall@5.000ns period=10.000ns})
  Path Group:             sys_clk_pin
  Path Type:              Setup (Max at Slow Process Corner)
  Requirement:            10.000ns  (sys_clk_pin rise@10.000ns - sys_clk_pin rise@0.000ns)
  Data Path Delay:        4.417ns  (logic 0.580ns (13.132%)  route 3.837ns (86.868%))
  Logic Levels:           1  (LUT6=1)
  Clock Path Skew:        -0.033ns (DCD - SCD + CPR)
    Destination Clock Delay (DCD):    4.847ns = ( 14.847 - 10.000 ) 
    Source Clock Delay      (SCD):    5.138ns
    Clock Pessimism Removal (CPR):    0.258ns
  Clock Uncertainty:      0.035ns  ((TSJ^2 + TIJ^2)^1/2 + DJ) / 2 + PE
    Total System Jitter     (TSJ):    0.071ns
    Total Input Jitter      (TIJ):    0.000ns
    Discrete Jitter          (DJ):    0.000ns
    Phase Error              (PE):    0.000ns

    Location             Delay type                Incr(ns)  Path(ns)    Netlist Resource(s)
  -------------------------------------------------------------------    -------------------
                         (clock sys_clk_pin rise edge)
                                                      0.000     0.000 r  
    W5                                                0.000     0.000 r  clk (IN)
                         net (fo=0)                   0.000     0.000    clk
    W5                   IBUF (Prop_ibuf_I_O)         1.458     1.458 r  clk_IBUF_inst/O
                         net (fo=1, routed)           1.967     3.425    clk_IBUF
    BUFGCTRL_X0Y0        BUFG (Prop_bufg_I_O)         0.096     3.521 r  clk_IBUF_BUFG_inst/O
                         net (fo=188, routed)         1.617     5.138    u_control_tower/CLK
    SLICE_X62Y67         FDCE                                         r  u_control_tower/r_mode_reg[1]/C
  -------------------------------------------------------------------    -------------------
    SLICE_X62Y67         FDCE (Prop_fdce_C_Q)         0.456     5.594 r  u_control_tower/r_mode_reg[1]/Q
                         net (fo=129, routed)         2.902     8.496    u_control_tower/led_OBUF[1]
    SLICE_X59Y55         LUT6 (Prop_lut6_I4_O)        0.124     8.620 r  u_control_tower/r_10ms_counter[13]_i_1/O
                         net (fo=14, routed)          0.934     9.555    u_control_tower/r_10ms_counter[13]_i_1_n_0
    SLICE_X60Y59         FDCE                                         r  u_control_tower/r_10ms_counter_reg[9]/CE
  -------------------------------------------------------------------    -------------------

                         (clock sys_clk_pin rise edge)
                                                     10.000    10.000 r  
    W5                                                0.000    10.000 r  clk (IN)
                         net (fo=0)                   0.000    10.000    clk
    W5                   IBUF (Prop_ibuf_I_O)         1.388    11.388 r  clk_IBUF_inst/O
                         net (fo=1, routed)           1.862    13.250    clk_IBUF
    BUFGCTRL_X0Y0        BUFG (Prop_bufg_I_O)         0.091    13.341 r  clk_IBUF_BUFG_inst/O
                         net (fo=188, routed)         1.506    14.847    u_control_tower/CLK
    SLICE_X60Y59         FDCE                                         r  u_control_tower/r_10ms_counter_reg[9]/C
                         clock pessimism              0.258    15.105    
                         clock uncertainty           -0.035    15.070    
    SLICE_X60Y59         FDCE (Setup_fdce_C_CE)      -0.169    14.901    u_control_tower/r_10ms_counter_reg[9]
  -------------------------------------------------------------------
                         required time                         14.901    
                         arrival time                          -9.555    
  -------------------------------------------------------------------
                         slack                                  5.346    

Slack (MET) :             5.412ns  (required time - arrival time)
  Source:                 u_control_tower/r_mode_reg[1]/C
                            (rising edge-triggered cell FDCE clocked by sys_clk_pin  {rise@0.000ns fall@5.000ns period=10.000ns})
  Destination:            u_control_tower/r_counter_reg[18]/D
                            (rising edge-triggered cell FDCE clocked by sys_clk_pin  {rise@0.000ns fall@5.000ns period=10.000ns})
  Path Group:             sys_clk_pin
  Path Type:              Setup (Max at Slow Process Corner)
  Requirement:            10.000ns  (sys_clk_pin rise@10.000ns - sys_clk_pin rise@0.000ns)
  Data Path Delay:        4.567ns  (logic 0.704ns (15.414%)  route 3.863ns (84.586%))
  Logic Levels:           2  (LUT2=1 LUT6=1)
  Clock Path Skew:        -0.016ns (DCD - SCD + CPR)
    Destination Clock Delay (DCD):    4.850ns = ( 14.850 - 10.000 ) 
    Source Clock Delay      (SCD):    5.138ns
    Clock Pessimism Removal (CPR):    0.272ns
  Clock Uncertainty:      0.035ns  ((TSJ^2 + TIJ^2)^1/2 + DJ) / 2 + PE
    Total System Jitter     (TSJ):    0.071ns
    Total Input Jitter      (TIJ):    0.000ns
    Discrete Jitter          (DJ):    0.000ns
    Phase Error              (PE):    0.000ns

    Location             Delay type                Incr(ns)  Path(ns)    Netlist Resource(s)
  -------------------------------------------------------------------    -------------------
                         (clock sys_clk_pin rise edge)
                                                      0.000     0.000 r  
    W5                                                0.000     0.000 r  clk (IN)
                         net (fo=0)                   0.000     0.000    clk
    W5                   IBUF (Prop_ibuf_I_O)         1.458     1.458 r  clk_IBUF_inst/O
                         net (fo=1, routed)           1.967     3.425    clk_IBUF
    BUFGCTRL_X0Y0        BUFG (Prop_bufg_I_O)         0.096     3.521 r  clk_IBUF_BUFG_inst/O
                         net (fo=188, routed)         1.617     5.138    u_control_tower/CLK
    SLICE_X62Y67         FDCE                                         r  u_control_tower/r_mode_reg[1]/C
  -------------------------------------------------------------------    -------------------
    SLICE_X62Y67         FDCE (Prop_fdce_C_Q)         0.456     5.594 r  u_control_tower/r_mode_reg[1]/Q
                         net (fo=129, routed)         2.884     8.478    u_control_tower/led_OBUF[1]
    SLICE_X58Y55         LUT6 (Prop_lut6_I4_O)        0.124     8.602 r  u_control_tower/r_counter[19]_i_2/O
                         net (fo=20, routed)          0.979     9.581    u_control_tower/r_counter[19]_i_2_n_0
    SLICE_X62Y55         LUT2 (Prop_lut2_I0_O)        0.124     9.705 r  u_control_tower/r_counter[18]_i_1/O
                         net (fo=1, routed)           0.000     9.705    u_control_tower/r_counter[18]_i_1_n_0
    SLICE_X62Y55         FDCE                                         r  u_control_tower/r_counter_reg[18]/D
  -------------------------------------------------------------------    -------------------

                         (clock sys_clk_pin rise edge)
                                                     10.000    10.000 r  
    W5                                                0.000    10.000 r  clk (IN)
                         net (fo=0)                   0.000    10.000    clk
    W5                   IBUF (Prop_ibuf_I_O)         1.388    11.388 r  clk_IBUF_inst/O
                         net (fo=1, routed)           1.862    13.250    clk_IBUF
    BUFGCTRL_X0Y0        BUFG (Prop_bufg_I_O)         0.091    13.341 r  clk_IBUF_BUFG_inst/O
                         net (fo=188, routed)         1.509    14.850    u_control_tower/CLK
    SLICE_X62Y55         FDCE                                         r  u_control_tower/r_counter_reg[18]/C
                         clock pessimism              0.272    15.122    
                         clock uncertainty           -0.035    15.087    
    SLICE_X62Y55         FDCE (Setup_fdce_C_D)        0.031    15.118    u_control_tower/r_counter_reg[18]
  -------------------------------------------------------------------
                         required time                         15.118    
                         arrival time                          -9.705    
  -------------------------------------------------------------------
                         slack                                  5.412    

Slack (MET) :             5.413ns  (required time - arrival time)
  Source:                 u_control_tower/r_mode_reg[1]/C
                            (rising edge-triggered cell FDCE clocked by sys_clk_pin  {rise@0.000ns fall@5.000ns period=10.000ns})
  Destination:            u_control_tower/r_counter_reg[15]/D
                            (rising edge-triggered cell FDCE clocked by sys_clk_pin  {rise@0.000ns fall@5.000ns period=10.000ns})
  Path Group:             sys_clk_pin
  Path Type:              Setup (Max at Slow Process Corner)
  Requirement:            10.000ns  (sys_clk_pin rise@10.000ns - sys_clk_pin rise@0.000ns)
  Data Path Delay:        4.565ns  (logic 0.704ns (15.423%)  route 3.861ns (84.577%))
  Logic Levels:           2  (LUT2=1 LUT6=1)
  Clock Path Skew:        -0.016ns (DCD - SCD + CPR)
    Destination Clock Delay (DCD):    4.850ns = ( 14.850 - 10.000 ) 
    Source Clock Delay      (SCD):    5.138ns
    Clock Pessimism Removal (CPR):    0.272ns
  Clock Uncertainty:      0.035ns  ((TSJ^2 + TIJ^2)^1/2 + DJ) / 2 + PE
    Total System Jitter     (TSJ):    0.071ns
    Total Input Jitter      (TIJ):    0.000ns
    Discrete Jitter          (DJ):    0.000ns
    Phase Error              (PE):    0.000ns

    Location             Delay type                Incr(ns)  Path(ns)    Netlist Resource(s)
  -------------------------------------------------------------------    -------------------
                         (clock sys_clk_pin rise edge)
                                                      0.000     0.000 r  
    W5                                                0.000     0.000 r  clk (IN)
                         net (fo=0)                   0.000     0.000    clk
    W5                   IBUF (Prop_ibuf_I_O)         1.458     1.458 r  clk_IBUF_inst/O
                         net (fo=1, routed)           1.967     3.425    clk_IBUF
    BUFGCTRL_X0Y0        BUFG (Prop_bufg_I_O)         0.096     3.521 r  clk_IBUF_BUFG_inst/O
                         net (fo=188, routed)         1.617     5.138    u_control_tower/CLK
    SLICE_X62Y67         FDCE                                         r  u_control_tower/r_mode_reg[1]/C
  -------------------------------------------------------------------    -------------------
    SLICE_X62Y67         FDCE (Prop_fdce_C_Q)         0.456     5.594 r  u_control_tower/r_mode_reg[1]/Q
                         net (fo=129, routed)         2.884     8.478    u_control_tower/led_OBUF[1]
    SLICE_X58Y55         LUT6 (Prop_lut6_I4_O)        0.124     8.602 r  u_control_tower/r_counter[19]_i_2/O
                         net (fo=20, routed)          0.976     9.579    u_control_tower/r_counter[19]_i_2_n_0
    SLICE_X62Y55         LUT2 (Prop_lut2_I0_O)        0.124     9.703 r  u_control_tower/r_counter[15]_i_1/O
                         net (fo=1, routed)           0.000     9.703    u_control_tower/r_counter[15]_i_1_n_0
    SLICE_X62Y55         FDCE                                         r  u_control_tower/r_counter_reg[15]/D
  -------------------------------------------------------------------    -------------------

                         (clock sys_clk_pin rise edge)
                                                     10.000    10.000 r  
    W5                                                0.000    10.000 r  clk (IN)
                         net (fo=0)                   0.000    10.000    clk
    W5                   IBUF (Prop_ibuf_I_O)         1.388    11.388 r  clk_IBUF_inst/O
                         net (fo=1, routed)           1.862    13.250    clk_IBUF
    BUFGCTRL_X0Y0        BUFG (Prop_bufg_I_O)         0.091    13.341 r  clk_IBUF_BUFG_inst/O
                         net (fo=188, routed)         1.509    14.850    u_control_tower/CLK
    SLICE_X62Y55         FDCE                                         r  u_control_tower/r_counter_reg[15]/C
                         clock pessimism              0.272    15.122    
                         clock uncertainty           -0.035    15.087    
    SLICE_X62Y55         FDCE (Setup_fdce_C_D)        0.029    15.116    u_control_tower/r_counter_reg[15]
  -------------------------------------------------------------------
                         required time                         15.116    
                         arrival time                          -9.703    
  -------------------------------------------------------------------
                         slack                                  5.413    

Slack (MET) :             5.428ns  (required time - arrival time)
  Source:                 u_control_tower/r_mode_reg[1]/C
                            (rising edge-triggered cell FDCE clocked by sys_clk_pin  {rise@0.000ns fall@5.000ns period=10.000ns})
  Destination:            u_control_tower/r_counter_reg[19]/D
                            (rising edge-triggered cell FDCE clocked by sys_clk_pin  {rise@0.000ns fall@5.000ns period=10.000ns})
  Path Group:             sys_clk_pin
  Path Type:              Setup (Max at Slow Process Corner)
  Requirement:            10.000ns  (sys_clk_pin rise@10.000ns - sys_clk_pin rise@0.000ns)
  Data Path Delay:        4.595ns  (logic 0.732ns (15.929%)  route 3.863ns (84.071%))
  Logic Levels:           2  (LUT2=1 LUT6=1)
  Clock Path Skew:        -0.016ns (DCD - SCD + CPR)
    Destination Clock Delay (DCD):    4.850ns = ( 14.850 - 10.000 ) 
    Source Clock Delay      (SCD):    5.138ns
    Clock Pessimism Removal (CPR):    0.272ns
  Clock Uncertainty:      0.035ns  ((TSJ^2 + TIJ^2)^1/2 + DJ) / 2 + PE
    Total System Jitter     (TSJ):    0.071ns
    Total Input Jitter      (TIJ):    0.000ns
    Discrete Jitter          (DJ):    0.000ns
    Phase Error              (PE):    0.000ns

    Location             Delay type                Incr(ns)  Path(ns)    Netlist Resource(s)
  -------------------------------------------------------------------    -------------------
                         (clock sys_clk_pin rise edge)
                                                      0.000     0.000 r  
    W5                                                0.000     0.000 r  clk (IN)
                         net (fo=0)                   0.000     0.000    clk
    W5                   IBUF (Prop_ibuf_I_O)         1.458     1.458 r  clk_IBUF_inst/O
                         net (fo=1, routed)           1.967     3.425    clk_IBUF
    BUFGCTRL_X0Y0        BUFG (Prop_bufg_I_O)         0.096     3.521 r  clk_IBUF_BUFG_inst/O
                         net (fo=188, routed)         1.617     5.138    u_control_tower/CLK
    SLICE_X62Y67         FDCE                                         r  u_control_tower/r_mode_reg[1]/C
  -------------------------------------------------------------------    -------------------
    SLICE_X62Y67         FDCE (Prop_fdce_C_Q)         0.456     5.594 r  u_control_tower/r_mode_reg[1]/Q
                         net (fo=129, routed)         2.884     8.478    u_control_tower/led_OBUF[1]
    SLICE_X58Y55         LUT6 (Prop_lut6_I4_O)        0.124     8.602 r  u_control_tower/r_counter[19]_i_2/O
                         net (fo=20, routed)          0.979     9.581    u_control_tower/r_counter[19]_i_2_n_0
    SLICE_X62Y55         LUT2 (Prop_lut2_I0_O)        0.152     9.733 r  u_control_tower/r_counter[19]_i_1/O
                         net (fo=1, routed)           0.000     9.733    u_control_tower/r_counter[19]_i_1_n_0
    SLICE_X62Y55         FDCE                                         r  u_control_tower/r_counter_reg[19]/D
  -------------------------------------------------------------------    -------------------

                         (clock sys_clk_pin rise edge)
                                                     10.000    10.000 r  
    W5                                                0.000    10.000 r  clk (IN)
                         net (fo=0)                   0.000    10.000    clk
    W5                   IBUF (Prop_ibuf_I_O)         1.388    11.388 r  clk_IBUF_inst/O
                         net (fo=1, routed)           1.862    13.250    clk_IBUF
    BUFGCTRL_X0Y0        BUFG (Prop_bufg_I_O)         0.091    13.341 r  clk_IBUF_BUFG_inst/O
                         net (fo=188, routed)         1.509    14.850    u_control_tower/CLK
    SLICE_X62Y55         FDCE                                         r  u_control_tower/r_counter_reg[19]/C
                         clock pessimism              0.272    15.122    
                         clock uncertainty           -0.035    15.087    
    SLICE_X62Y55         FDCE (Setup_fdce_C_D)        0.075    15.162    u_control_tower/r_counter_reg[19]
  -------------------------------------------------------------------
                         required time                         15.162    
                         arrival time                          -9.733    
  -------------------------------------------------------------------
                         slack                                  5.428    

Slack (MET) :             5.431ns  (required time - arrival time)
  Source:                 u_control_tower/r_mode_reg[1]/C
                            (rising edge-triggered cell FDCE clocked by sys_clk_pin  {rise@0.000ns fall@5.000ns period=10.000ns})
  Destination:            u_control_tower/r_counter_reg[16]/D
                            (rising edge-triggered cell FDCE clocked by sys_clk_pin  {rise@0.000ns fall@5.000ns period=10.000ns})
  Path Group:             sys_clk_pin
  Path Type:              Setup (Max at Slow Process Corner)
  Requirement:            10.000ns  (sys_clk_pin rise@10.000ns - sys_clk_pin rise@0.000ns)
  Data Path Delay:        4.593ns  (logic 0.732ns (15.939%)  route 3.861ns (84.061%))
  Logic Levels:           2  (LUT2=1 LUT6=1)
  Clock Path Skew:        -0.016ns (DCD - SCD + CPR)
    Destination Clock Delay (DCD):    4.850ns = ( 14.850 - 10.000 ) 
    Source Clock Delay      (SCD):    5.138ns
    Clock Pessimism Removal (CPR):    0.272ns
  Clock Uncertainty:      0.035ns  ((TSJ^2 + TIJ^2)^1/2 + DJ) / 2 + PE
    Total System Jitter     (TSJ):    0.071ns
    Total Input Jitter      (TIJ):    0.000ns
    Discrete Jitter          (DJ):    0.000ns
    Phase Error              (PE):    0.000ns

    Location             Delay type                Incr(ns)  Path(ns)    Netlist Resource(s)
  -------------------------------------------------------------------    -------------------
                         (clock sys_clk_pin rise edge)
                                                      0.000     0.000 r  
    W5                                                0.000     0.000 r  clk (IN)
                         net (fo=0)                   0.000     0.000    clk
    W5                   IBUF (Prop_ibuf_I_O)         1.458     1.458 r  clk_IBUF_inst/O
                         net (fo=1, routed)           1.967     3.425    clk_IBUF
    BUFGCTRL_X0Y0        BUFG (Prop_bufg_I_O)         0.096     3.521 r  clk_IBUF_BUFG_inst/O
                         net (fo=188, routed)         1.617     5.138    u_control_tower/CLK
    SLICE_X62Y67         FDCE                                         r  u_control_tower/r_mode_reg[1]/C
  -------------------------------------------------------------------    -------------------
    SLICE_X62Y67         FDCE (Prop_fdce_C_Q)         0.456     5.594 r  u_control_tower/r_mode_reg[1]/Q
                         net (fo=129, routed)         2.884     8.478    u_control_tower/led_OBUF[1]
    SLICE_X58Y55         LUT6 (Prop_lut6_I4_O)        0.124     8.602 r  u_control_tower/r_counter[19]_i_2/O
                         net (fo=20, routed)          0.976     9.579    u_control_tower/r_counter[19]_i_2_n_0
    SLICE_X62Y55         LUT2 (Prop_lut2_I0_O)        0.152     9.731 r  u_control_tower/r_counter[16]_i_1/O
                         net (fo=1, routed)           0.000     9.731    u_control_tower/r_counter[16]_i_1_n_0
    SLICE_X62Y55         FDCE                                         r  u_control_tower/r_counter_reg[16]/D
  -------------------------------------------------------------------    -------------------

                         (clock sys_clk_pin rise edge)
                                                     10.000    10.000 r  
    W5                                                0.000    10.000 r  clk (IN)
                         net (fo=0)                   0.000    10.000    clk
    W5                   IBUF (Prop_ibuf_I_O)         1.388    11.388 r  clk_IBUF_inst/O
                         net (fo=1, routed)           1.862    13.250    clk_IBUF
    BUFGCTRL_X0Y0        BUFG (Prop_bufg_I_O)         0.091    13.341 r  clk_IBUF_BUFG_inst/O
                         net (fo=188, routed)         1.509    14.850    u_control_tower/CLK
    SLICE_X62Y55         FDCE                                         r  u_control_tower/r_counter_reg[16]/C
                         clock pessimism              0.272    15.122    
                         clock uncertainty           -0.035    15.087    
    SLICE_X62Y55         FDCE (Setup_fdce_C_D)        0.075    15.162    u_control_tower/r_counter_reg[16]
  -------------------------------------------------------------------
                         required time                         15.162    
                         arrival time                          -9.731    
  -------------------------------------------------------------------
                         slack                                  5.431    





Min Delay Paths
--------------------------------------------------------------------------------------
Slack (MET) :             0.162ns  (arrival time - required time)
  Source:                 u_uart_controller/u_data_sender/tx_data_reg[1]/C
                            (rising edge-triggered cell FDRE clocked by sys_clk_pin  {rise@0.000ns fall@5.000ns period=10.000ns})
  Destination:            u_uart_controller/u_uart_tx/r_data_reg[1]/D
                            (rising edge-triggered cell FDCE clocked by sys_clk_pin  {rise@0.000ns fall@5.000ns period=10.000ns})
  Path Group:             sys_clk_pin
  Path Type:              Hold (Min at Fast Process Corner)
  Requirement:            0.000ns  (sys_clk_pin rise@0.000ns - sys_clk_pin rise@0.000ns)
  Data Path Delay:        0.242ns  (logic 0.141ns (58.263%)  route 0.101ns (41.737%))
  Logic Levels:           0  
  Clock Path Skew:        0.014ns (DCD - SCD - CPR)
    Destination Clock Delay (DCD):    1.980ns
    Source Clock Delay      (SCD):    1.467ns
    Clock Pessimism Removal (CPR):    0.499ns

    Location             Delay type                Incr(ns)  Path(ns)    Netlist Resource(s)
  -------------------------------------------------------------------    -------------------
                         (clock sys_clk_pin rise edge)
                                                      0.000     0.000 r  
    W5                                                0.000     0.000 r  clk (IN)
                         net (fo=0)                   0.000     0.000    clk
    W5                   IBUF (Prop_ibuf_I_O)         0.226     0.226 r  clk_IBUF_inst/O
                         net (fo=1, routed)           0.631     0.858    clk_IBUF
    BUFGCTRL_X0Y0        BUFG (Prop_bufg_I_O)         0.026     0.884 r  clk_IBUF_BUFG_inst/O
                         net (fo=188, routed)         0.584     1.467    u_uart_controller/u_data_sender/CLK
    SLICE_X7Y68          FDRE                                         r  u_uart_controller/u_data_sender/tx_data_reg[1]/C
  -------------------------------------------------------------------    -------------------
    SLICE_X7Y68          FDRE (Prop_fdre_C_Q)         0.141     1.608 r  u_uart_controller/u_data_sender/tx_data_reg[1]/Q
                         net (fo=1, routed)           0.101     1.709    u_uart_controller/u_uart_tx/D[1]
    SLICE_X5Y68          FDCE                                         r  u_uart_controller/u_uart_tx/r_data_reg[1]/D
  -------------------------------------------------------------------    -------------------

                         (clock sys_clk_pin rise edge)
                                                      0.000     0.000 r  
    W5                                                0.000     0.000 r  clk (IN)
                         net (fo=0)                   0.000     0.000    clk
    W5                   IBUF (Prop_ibuf_I_O)         0.414     0.414 r  clk_IBUF_inst/O
                         net (fo=1, routed)           0.685     1.099    clk_IBUF
    BUFGCTRL_X0Y0        BUFG (Prop_bufg_I_O)         0.029     1.128 r  clk_IBUF_BUFG_inst/O
                         net (fo=188, routed)         0.853     1.980    u_uart_controller/u_uart_tx/CLK
    SLICE_X5Y68          FDCE                                         r  u_uart_controller/u_uart_tx/r_data_reg[1]/C
                         clock pessimism             -0.499     1.481    
    SLICE_X5Y68          FDCE (Hold_fdce_C_D)         0.066     1.547    u_uart_controller/u_uart_tx/r_data_reg[1]
  -------------------------------------------------------------------
                         required time                         -1.547    
                         arrival time                           1.709    
  -------------------------------------------------------------------
                         slack                                  0.162    

Slack (MET) :             0.162ns  (arrival time - required time)
  Source:                 u_uart_controller/u_uart_rx/r_data_reg[2]/C
                            (rising edge-triggered cell FDCE clocked by sys_clk_pin  {rise@0.000ns fall@5.000ns period=10.000ns})
  Destination:            u_uart_controller/u_uart_rx/data_out_reg[2]/D
                            (rising edge-triggered cell FDCE clocked by sys_clk_pin  {rise@0.000ns fall@5.000ns period=10.000ns})
  Path Group:             sys_clk_pin
  Path Type:              Hold (Min at Fast Process Corner)
  Requirement:            0.000ns  (sys_clk_pin rise@0.000ns - sys_clk_pin rise@0.000ns)
  Data Path Delay:        0.252ns  (logic 0.141ns (55.891%)  route 0.111ns (44.109%))
  Logic Levels:           0  
  Clock Path Skew:        0.014ns (DCD - SCD - CPR)
    Destination Clock Delay (DCD):    1.983ns
    Source Clock Delay      (SCD):    1.470ns
    Clock Pessimism Removal (CPR):    0.499ns

    Location             Delay type                Incr(ns)  Path(ns)    Netlist Resource(s)
  -------------------------------------------------------------------    -------------------
                         (clock sys_clk_pin rise edge)
                                                      0.000     0.000 r  
    W5                                                0.000     0.000 r  clk (IN)
                         net (fo=0)                   0.000     0.000    clk
    W5                   IBUF (Prop_ibuf_I_O)         0.226     0.226 r  clk_IBUF_inst/O
                         net (fo=1, routed)           0.631     0.858    clk_IBUF
    BUFGCTRL_X0Y0        BUFG (Prop_bufg_I_O)         0.026     0.884 r  clk_IBUF_BUFG_inst/O
                         net (fo=188, routed)         0.587     1.470    u_uart_controller/u_uart_rx/CLK
    SLICE_X63Y67         FDCE                                         r  u_uart_controller/u_uart_rx/r_data_reg[2]/C
  -------------------------------------------------------------------    -------------------
    SLICE_X63Y67         FDCE (Prop_fdce_C_Q)         0.141     1.611 r  u_uart_controller/u_uart_rx/r_data_reg[2]/Q
                         net (fo=2, routed)           0.111     1.723    u_uart_controller/u_uart_rx/r_data_reg_n_0_[2]
    SLICE_X64Y67         FDCE                                         r  u_uart_controller/u_uart_rx/data_out_reg[2]/D
  -------------------------------------------------------------------    -------------------

                         (clock sys_clk_pin rise edge)
                                                      0.000     0.000 r  
    W5                                                0.000     0.000 r  clk (IN)
                         net (fo=0)                   0.000     0.000    clk
    W5                   IBUF (Prop_ibuf_I_O)         0.414     0.414 r  clk_IBUF_inst/O
                         net (fo=1, routed)           0.685     1.099    clk_IBUF
    BUFGCTRL_X0Y0        BUFG (Prop_bufg_I_O)         0.029     1.128 r  clk_IBUF_BUFG_inst/O
                         net (fo=188, routed)         0.855     1.983    u_uart_controller/u_uart_rx/CLK
    SLICE_X64Y67         FDCE                                         r  u_uart_controller/u_uart_rx/data_out_reg[2]/C
                         clock pessimism             -0.499     1.484    
    SLICE_X64Y67         FDCE (Hold_fdce_C_D)         0.076     1.560    u_uart_controller/u_uart_rx/data_out_reg[2]
  -------------------------------------------------------------------
                         required time                         -1.560    
                         arrival time                           1.723    
  -------------------------------------------------------------------
                         slack                                  0.162    

Slack (MET) :             0.167ns  (arrival time - required time)
  Source:                 u_uart_controller/u_uart_rx/r_data_reg[1]/C
                            (rising edge-triggered cell FDCE clocked by sys_clk_pin  {rise@0.000ns fall@5.000ns period=10.000ns})
  Destination:            u_uart_controller/u_uart_rx/data_out_reg[1]/D
                            (rising edge-triggered cell FDCE clocked by sys_clk_pin  {rise@0.000ns fall@5.000ns period=10.000ns})
  Path Group:             sys_clk_pin
  Path Type:              Hold (Min at Fast Process Corner)
  Requirement:            0.000ns  (sys_clk_pin rise@0.000ns - sys_clk_pin rise@0.000ns)
  Data Path Delay:        0.271ns  (logic 0.141ns (52.084%)  route 0.130ns (47.916%))
  Logic Levels:           0  
  Clock Path Skew:        0.034ns (DCD - SCD - CPR)
    Destination Clock Delay (DCD):    1.980ns
    Source Clock Delay      (SCD):    1.468ns
    Clock Pessimism Removal (CPR):    0.478ns

    Location             Delay type                Incr(ns)  Path(ns)    Netlist Resource(s)
  -------------------------------------------------------------------    -------------------
                         (clock sys_clk_pin rise edge)
                                                      0.000     0.000 r  
    W5                                                0.000     0.000 r  clk (IN)
                         net (fo=0)                   0.000     0.000    clk
    W5                   IBUF (Prop_ibuf_I_O)         0.226     0.226 r  clk_IBUF_inst/O
                         net (fo=1, routed)           0.631     0.858    clk_IBUF
    BUFGCTRL_X0Y0        BUFG (Prop_bufg_I_O)         0.026     0.884 r  clk_IBUF_BUFG_inst/O
                         net (fo=188, routed)         0.585     1.468    u_uart_controller/u_uart_rx/CLK
    SLICE_X62Y69         FDCE                                         r  u_uart_controller/u_uart_rx/r_data_reg[1]/C
  -------------------------------------------------------------------    -------------------
    SLICE_X62Y69         FDCE (Prop_fdce_C_Q)         0.141     1.609 r  u_uart_controller/u_uart_rx/r_data_reg[1]/Q
                         net (fo=2, routed)           0.130     1.739    u_uart_controller/u_uart_rx/r_data_reg_n_0_[1]
    SLICE_X61Y68         FDCE                                         r  u_uart_controller/u_uart_rx/data_out_reg[1]/D
  -------------------------------------------------------------------    -------------------

                         (clock sys_clk_pin rise edge)
                                                      0.000     0.000 r  
    W5                                                0.000     0.000 r  clk (IN)
                         net (fo=0)                   0.000     0.000    clk
    W5                   IBUF (Prop_ibuf_I_O)         0.414     0.414 r  clk_IBUF_inst/O
                         net (fo=1, routed)           0.685     1.099    clk_IBUF
    BUFGCTRL_X0Y0        BUFG (Prop_bufg_I_O)         0.029     1.128 r  clk_IBUF_BUFG_inst/O
                         net (fo=188, routed)         0.853     1.980    u_uart_controller/u_uart_rx/CLK
    SLICE_X61Y68         FDCE                                         r  u_uart_controller/u_uart_rx/data_out_reg[1]/C
                         clock pessimism             -0.478     1.502    
    SLICE_X61Y68         FDCE (Hold_fdce_C_D)         0.070     1.572    u_uart_controller/u_uart_rx/data_out_reg[1]
  -------------------------------------------------------------------
                         required time                         -1.572    
                         arrival time                           1.739    
  -------------------------------------------------------------------
                         slack                                  0.167    

Slack (MET) :             0.170ns  (arrival time - required time)
  Source:                 u_uart_controller/u_data_sender/tx_data_reg[7]/C
                            (rising edge-triggered cell FDRE clocked by sys_clk_pin  {rise@0.000ns fall@5.000ns period=10.000ns})
  Destination:            u_uart_controller/u_uart_tx/r_data_reg[7]/D
                            (rising edge-triggered cell FDCE clocked by sys_clk_pin  {rise@0.000ns fall@5.000ns period=10.000ns})
  Path Group:             sys_clk_pin
  Path Type:              Hold (Min at Fast Process Corner)
  Requirement:            0.000ns  (sys_clk_pin rise@0.000ns - sys_clk_pin rise@0.000ns)
  Data Path Delay:        0.253ns  (logic 0.141ns (55.730%)  route 0.112ns (44.270%))
  Logic Levels:           0  
  Clock Path Skew:        0.013ns (DCD - SCD - CPR)
    Destination Clock Delay (DCD):    1.980ns
    Source Clock Delay      (SCD):    1.468ns
    Clock Pessimism Removal (CPR):    0.499ns

    Location             Delay type                Incr(ns)  Path(ns)    Netlist Resource(s)
  -------------------------------------------------------------------    -------------------
                         (clock sys_clk_pin rise edge)
                                                      0.000     0.000 r  
    W5                                                0.000     0.000 r  clk (IN)
                         net (fo=0)                   0.000     0.000    clk
    W5                   IBUF (Prop_ibuf_I_O)         0.226     0.226 r  clk_IBUF_inst/O
                         net (fo=1, routed)           0.631     0.858    clk_IBUF
    BUFGCTRL_X0Y0        BUFG (Prop_bufg_I_O)         0.026     0.884 r  clk_IBUF_BUFG_inst/O
                         net (fo=188, routed)         0.585     1.468    u_uart_controller/u_data_sender/CLK
    SLICE_X5Y67          FDRE                                         r  u_uart_controller/u_data_sender/tx_data_reg[7]/C
  -------------------------------------------------------------------    -------------------
    SLICE_X5Y67          FDRE (Prop_fdre_C_Q)         0.141     1.609 r  u_uart_controller/u_data_sender/tx_data_reg[7]/Q
                         net (fo=1, routed)           0.112     1.721    u_uart_controller/u_uart_tx/D[6]
    SLICE_X4Y68          FDCE                                         r  u_uart_controller/u_uart_tx/r_data_reg[7]/D
  -------------------------------------------------------------------    -------------------

                         (clock sys_clk_pin rise edge)
                                                      0.000     0.000 r  
    W5                                                0.000     0.000 r  clk (IN)
                         net (fo=0)                   0.000     0.000    clk
    W5                   IBUF (Prop_ibuf_I_O)         0.414     0.414 r  clk_IBUF_inst/O
                         net (fo=1, routed)           0.685     1.099    clk_IBUF
    BUFGCTRL_X0Y0        BUFG (Prop_bufg_I_O)         0.029     1.128 r  clk_IBUF_BUFG_inst/O
                         net (fo=188, routed)         0.853     1.980    u_uart_controller/u_uart_tx/CLK
    SLICE_X4Y68          FDCE                                         r  u_uart_controller/u_uart_tx/r_data_reg[7]/C
                         clock pessimism             -0.499     1.481    
    SLICE_X4Y68          FDCE (Hold_fdce_C_D)         0.070     1.551    u_uart_controller/u_uart_tx/r_data_reg[7]
  -------------------------------------------------------------------
                         required time                         -1.551    
                         arrival time                           1.721    
  -------------------------------------------------------------------
                         slack                                  0.170    

Slack (MET) :             0.181ns  (arrival time - required time)
  Source:                 u_uart_controller/u_data_sender/r_send_byte_cnt_reg[0]/C
                            (rising edge-triggered cell FDCE clocked by sys_clk_pin  {rise@0.000ns fall@5.000ns period=10.000ns})
  Destination:            u_uart_controller/u_data_sender/tx_data_reg[0]/D
                            (rising edge-triggered cell FDRE clocked by sys_clk_pin  {rise@0.000ns fall@5.000ns period=10.000ns})
  Path Group:             sys_clk_pin
  Path Type:              Hold (Min at Fast Process Corner)
  Requirement:            0.000ns  (sys_clk_pin rise@0.000ns - sys_clk_pin rise@0.000ns)
  Data Path Delay:        0.264ns  (logic 0.141ns (53.387%)  route 0.123ns (46.613%))
  Logic Levels:           0  
  Clock Path Skew:        0.013ns (DCD - SCD - CPR)
    Destination Clock Delay (DCD):    1.980ns
    Source Clock Delay      (SCD):    1.468ns
    Clock Pessimism Removal (CPR):    0.499ns

    Location             Delay type                Incr(ns)  Path(ns)    Netlist Resource(s)
  -------------------------------------------------------------------    -------------------
                         (clock sys_clk_pin rise edge)
                                                      0.000     0.000 r  
    W5                                                0.000     0.000 r  clk (IN)
                         net (fo=0)                   0.000     0.000    clk
    W5                   IBUF (Prop_ibuf_I_O)         0.226     0.226 r  clk_IBUF_inst/O
                         net (fo=1, routed)           0.631     0.858    clk_IBUF
    BUFGCTRL_X0Y0        BUFG (Prop_bufg_I_O)         0.026     0.884 r  clk_IBUF_BUFG_inst/O
                         net (fo=188, routed)         0.585     1.468    u_uart_controller/u_data_sender/CLK
    SLICE_X7Y67          FDCE                                         r  u_uart_controller/u_data_sender/r_send_byte_cnt_reg[0]/C
  -------------------------------------------------------------------    -------------------
    SLICE_X7Y67          FDCE (Prop_fdce_C_Q)         0.141     1.609 r  u_uart_controller/u_data_sender/r_send_byte_cnt_reg[0]/Q
                         net (fo=5, routed)           0.123     1.732    u_uart_controller/u_data_sender/r_send_byte_cnt_reg[0]
    SLICE_X7Y68          FDRE                                         r  u_uart_controller/u_data_sender/tx_data_reg[0]/D
  -------------------------------------------------------------------    -------------------

                         (clock sys_clk_pin rise edge)
                                                      0.000     0.000 r  
    W5                                                0.000     0.000 r  clk (IN)
                         net (fo=0)                   0.000     0.000    clk
    W5                   IBUF (Prop_ibuf_I_O)         0.414     0.414 r  clk_IBUF_inst/O
                         net (fo=1, routed)           0.685     1.099    clk_IBUF
    BUFGCTRL_X0Y0        BUFG (Prop_bufg_I_O)         0.029     1.128 r  clk_IBUF_BUFG_inst/O
                         net (fo=188, routed)         0.853     1.980    u_uart_controller/u_data_sender/CLK
    SLICE_X7Y68          FDRE                                         r  u_uart_controller/u_data_sender/tx_data_reg[0]/C
                         clock pessimism             -0.499     1.481    
    SLICE_X7Y68          FDRE (Hold_fdre_C_D)         0.070     1.551    u_uart_controller/u_data_sender/tx_data_reg[0]
  -------------------------------------------------------------------
                         required time                         -1.551    
                         arrival time                           1.732    
  -------------------------------------------------------------------
                         slack                                  0.181    

Slack (MET) :             0.186ns  (arrival time - required time)
  Source:                 u_uart_controller/u_uart_rx/r_data_reg[4]/C
                            (rising edge-triggered cell FDCE clocked by sys_clk_pin  {rise@0.000ns fall@5.000ns period=10.000ns})
  Destination:            u_uart_controller/u_uart_rx/data_out_reg[4]/D
                            (rising edge-triggered cell FDCE clocked by sys_clk_pin  {rise@0.000ns fall@5.000ns period=10.000ns})
  Path Group:             sys_clk_pin
  Path Type:              Hold (Min at Fast Process Corner)
  Requirement:            0.000ns  (sys_clk_pin rise@0.000ns - sys_clk_pin rise@0.000ns)
  Data Path Delay:        0.262ns  (logic 0.141ns (53.794%)  route 0.121ns (46.206%))
  Logic Levels:           0  
  Clock Path Skew:        0.013ns (DCD - SCD - CPR)
    Destination Clock Delay (DCD):    1.983ns
    Source Clock Delay      (SCD):    1.470ns
    Clock Pessimism Removal (CPR):    0.500ns

    Location             Delay type                Incr(ns)  Path(ns)    Netlist Resource(s)
  -------------------------------------------------------------------    -------------------
                         (clock sys_clk_pin rise edge)
                                                      0.000     0.000 r  
    W5                                                0.000     0.000 r  clk (IN)
                         net (fo=0)                   0.000     0.000    clk
    W5                   IBUF (Prop_ibuf_I_O)         0.226     0.226 r  clk_IBUF_inst/O
                         net (fo=1, routed)           0.631     0.858    clk_IBUF
    BUFGCTRL_X0Y0        BUFG (Prop_bufg_I_O)         0.026     0.884 r  clk_IBUF_BUFG_inst/O
                         net (fo=188, routed)         0.587     1.470    u_uart_controller/u_uart_rx/CLK
    SLICE_X65Y67         FDCE                                         r  u_uart_controller/u_uart_rx/r_data_reg[4]/C
  -------------------------------------------------------------------    -------------------
    SLICE_X65Y67         FDCE (Prop_fdce_C_Q)         0.141     1.611 r  u_uart_controller/u_uart_rx/r_data_reg[4]/Q
                         net (fo=2, routed)           0.121     1.732    u_uart_controller/u_uart_rx/r_data_reg_n_0_[4]
    SLICE_X64Y67         FDCE                                         r  u_uart_controller/u_uart_rx/data_out_reg[4]/D
  -------------------------------------------------------------------    -------------------

                         (clock sys_clk_pin rise edge)
                                                      0.000     0.000 r  
    W5                                                0.000     0.000 r  clk (IN)
                         net (fo=0)                   0.000     0.000    clk
    W5                   IBUF (Prop_ibuf_I_O)         0.414     0.414 r  clk_IBUF_inst/O
                         net (fo=1, routed)           0.685     1.099    clk_IBUF
    BUFGCTRL_X0Y0        BUFG (Prop_bufg_I_O)         0.029     1.128 r  clk_IBUF_BUFG_inst/O
                         net (fo=188, routed)         0.855     1.983    u_uart_controller/u_uart_rx/CLK
    SLICE_X64Y67         FDCE                                         r  u_uart_controller/u_uart_rx/data_out_reg[4]/C
                         clock pessimism             -0.500     1.483    
    SLICE_X64Y67         FDCE (Hold_fdce_C_D)         0.063     1.546    u_uart_controller/u_uart_rx/data_out_reg[4]
  -------------------------------------------------------------------
                         required time                         -1.546    
                         arrival time                           1.732    
  -------------------------------------------------------------------
                         slack                                  0.186    

Slack (MET) :             0.188ns  (arrival time - required time)
  Source:                 u_control_tower/r_prev_btnL_reg/C
                            (rising edge-triggered cell FDRE clocked by sys_clk_pin  {rise@0.000ns fall@5.000ns period=10.000ns})
  Destination:            u_control_tower/r_mode_reg[0]/D
                            (rising edge-triggered cell FDCE clocked by sys_clk_pin  {rise@0.000ns fall@5.000ns period=10.000ns})
  Path Group:             sys_clk_pin
  Path Type:              Hold (Min at Fast Process Corner)
  Requirement:            0.000ns  (sys_clk_pin rise@0.000ns - sys_clk_pin rise@0.000ns)
  Data Path Delay:        0.315ns  (logic 0.186ns (59.000%)  route 0.129ns (41.000%))
  Logic Levels:           1  (LUT6=1)
  Clock Path Skew:        0.036ns (DCD - SCD - CPR)
    Destination Clock Delay (DCD):    1.983ns
    Source Clock Delay      (SCD):    1.469ns
    Clock Pessimism Removal (CPR):    0.478ns

    Location             Delay type                Incr(ns)  Path(ns)    Netlist Resource(s)
  -------------------------------------------------------------------    -------------------
                         (clock sys_clk_pin rise edge)
                                                      0.000     0.000 r  
    W5                                                0.000     0.000 r  clk (IN)
                         net (fo=0)                   0.000     0.000    clk
    W5                   IBUF (Prop_ibuf_I_O)         0.226     0.226 r  clk_IBUF_inst/O
                         net (fo=1, routed)           0.631     0.858    clk_IBUF
    BUFGCTRL_X0Y0        BUFG (Prop_bufg_I_O)         0.026     0.884 r  clk_IBUF_BUFG_inst/O
                         net (fo=188, routed)         0.586     1.469    u_control_tower/CLK
    SLICE_X61Y67         FDRE                                         r  u_control_tower/r_prev_btnL_reg/C
  -------------------------------------------------------------------    -------------------
    SLICE_X61Y67         FDRE (Prop_fdre_C_Q)         0.141     1.610 r  u_control_tower/r_prev_btnL_reg/Q
                         net (fo=2, routed)           0.129     1.739    u_control_tower/r_prev_btnL
    SLICE_X62Y67         LUT6 (Prop_lut6_I0_O)        0.045     1.784 r  u_control_tower/r_mode[0]_i_1/O
                         net (fo=1, routed)           0.000     1.784    u_control_tower/r_mode[0]_i_1_n_0
    SLICE_X62Y67         FDCE                                         r  u_control_tower/r_mode_reg[0]/D
  -------------------------------------------------------------------    -------------------

                         (clock sys_clk_pin rise edge)
                                                      0.000     0.000 r  
    W5                                                0.000     0.000 r  clk (IN)
                         net (fo=0)                   0.000     0.000    clk
    W5                   IBUF (Prop_ibuf_I_O)         0.414     0.414 r  clk_IBUF_inst/O
                         net (fo=1, routed)           0.685     1.099    clk_IBUF
    BUFGCTRL_X0Y0        BUFG (Prop_bufg_I_O)         0.029     1.128 r  clk_IBUF_BUFG_inst/O
                         net (fo=188, routed)         0.855     1.983    u_control_tower/CLK
    SLICE_X62Y67         FDCE                                         r  u_control_tower/r_mode_reg[0]/C
                         clock pessimism             -0.478     1.505    
    SLICE_X62Y67         FDCE (Hold_fdce_C_D)         0.091     1.596    u_control_tower/r_mode_reg[0]
  -------------------------------------------------------------------
                         required time                         -1.596    
                         arrival time                           1.784    
  -------------------------------------------------------------------
                         slack                                  0.188    

Slack (MET) :             0.210ns  (arrival time - required time)
  Source:                 u_uart_controller/u_data_sender/tx_data_reg[0]/C
                            (rising edge-triggered cell FDRE clocked by sys_clk_pin  {rise@0.000ns fall@5.000ns period=10.000ns})
  Destination:            u_uart_controller/u_uart_tx/r_data_reg[0]/D
                            (rising edge-triggered cell FDCE clocked by sys_clk_pin  {rise@0.000ns fall@5.000ns period=10.000ns})
  Path Group:             sys_clk_pin
  Path Type:              Hold (Min at Fast Process Corner)
  Requirement:            0.000ns  (sys_clk_pin rise@0.000ns - sys_clk_pin rise@0.000ns)
  Data Path Delay:        0.294ns  (logic 0.141ns (47.936%)  route 0.153ns (52.064%))
  Logic Levels:           0  
  Clock Path Skew:        0.014ns (DCD - SCD - CPR)
    Destination Clock Delay (DCD):    1.980ns
    Source Clock Delay      (SCD):    1.467ns
    Clock Pessimism Removal (CPR):    0.499ns

    Location             Delay type                Incr(ns)  Path(ns)    Netlist Resource(s)
  -------------------------------------------------------------------    -------------------
                         (clock sys_clk_pin rise edge)
                                                      0.000     0.000 r  
    W5                                                0.000     0.000 r  clk (IN)
                         net (fo=0)                   0.000     0.000    clk
    W5                   IBUF (Prop_ibuf_I_O)         0.226     0.226 r  clk_IBUF_inst/O
                         net (fo=1, routed)           0.631     0.858    clk_IBUF
    BUFGCTRL_X0Y0        BUFG (Prop_bufg_I_O)         0.026     0.884 r  clk_IBUF_BUFG_inst/O
                         net (fo=188, routed)         0.584     1.467    u_uart_controller/u_data_sender/CLK
    SLICE_X7Y68          FDRE                                         r  u_uart_controller/u_data_sender/tx_data_reg[0]/C
  -------------------------------------------------------------------    -------------------
    SLICE_X7Y68          FDRE (Prop_fdre_C_Q)         0.141     1.608 r  u_uart_controller/u_data_sender/tx_data_reg[0]/Q
                         net (fo=1, routed)           0.153     1.761    u_uart_controller/u_uart_tx/D[0]
    SLICE_X5Y68          FDCE                                         r  u_uart_controller/u_uart_tx/r_data_reg[0]/D
  -------------------------------------------------------------------    -------------------

                         (clock sys_clk_pin rise edge)
                                                      0.000     0.000 r  
    W5                                                0.000     0.000 r  clk (IN)
                         net (fo=0)                   0.000     0.000    clk
    W5                   IBUF (Prop_ibuf_I_O)         0.414     0.414 r  clk_IBUF_inst/O
                         net (fo=1, routed)           0.685     1.099    clk_IBUF
    BUFGCTRL_X0Y0        BUFG (Prop_bufg_I_O)         0.029     1.128 r  clk_IBUF_BUFG_inst/O
                         net (fo=188, routed)         0.853     1.980    u_uart_controller/u_uart_tx/CLK
    SLICE_X5Y68          FDCE                                         r  u_uart_controller/u_uart_tx/r_data_reg[0]/C
                         clock pessimism             -0.499     1.481    
    SLICE_X5Y68          FDCE (Hold_fdce_C_D)         0.070     1.551    u_uart_controller/u_uart_tx/r_data_reg[0]
  -------------------------------------------------------------------
                         required time                         -1.551    
                         arrival time                           1.761    
  -------------------------------------------------------------------
                         slack                                  0.210    

Slack (MET) :             0.210ns  (arrival time - required time)
  Source:                 u_uart_controller/u_data_sender/tx_data_reg[2]/C
                            (rising edge-triggered cell FDRE clocked by sys_clk_pin  {rise@0.000ns fall@5.000ns period=10.000ns})
  Destination:            u_uart_controller/u_uart_tx/r_data_reg[2]/D
                            (rising edge-triggered cell FDCE clocked by sys_clk_pin  {rise@0.000ns fall@5.000ns period=10.000ns})
  Path Group:             sys_clk_pin
  Path Type:              Hold (Min at Fast Process Corner)
  Requirement:            0.000ns  (sys_clk_pin rise@0.000ns - sys_clk_pin rise@0.000ns)
  Data Path Delay:        0.294ns  (logic 0.141ns (47.936%)  route 0.153ns (52.064%))
  Logic Levels:           0  
  Clock Path Skew:        0.014ns (DCD - SCD - CPR)
    Destination Clock Delay (DCD):    1.980ns
    Source Clock Delay      (SCD):    1.467ns
    Clock Pessimism Removal (CPR):    0.499ns

    Location             Delay type                Incr(ns)  Path(ns)    Netlist Resource(s)
  -------------------------------------------------------------------    -------------------
                         (clock sys_clk_pin rise edge)
                                                      0.000     0.000 r  
    W5                                                0.000     0.000 r  clk (IN)
                         net (fo=0)                   0.000     0.000    clk
    W5                   IBUF (Prop_ibuf_I_O)         0.226     0.226 r  clk_IBUF_inst/O
                         net (fo=1, routed)           0.631     0.858    clk_IBUF
    BUFGCTRL_X0Y0        BUFG (Prop_bufg_I_O)         0.026     0.884 r  clk_IBUF_BUFG_inst/O
                         net (fo=188, routed)         0.584     1.467    u_uart_controller/u_data_sender/CLK
    SLICE_X7Y68          FDRE                                         r  u_uart_controller/u_data_sender/tx_data_reg[2]/C
  -------------------------------------------------------------------    -------------------
    SLICE_X7Y68          FDRE (Prop_fdre_C_Q)         0.141     1.608 r  u_uart_controller/u_data_sender/tx_data_reg[2]/Q
                         net (fo=1, routed)           0.153     1.761    u_uart_controller/u_uart_tx/D[2]
    SLICE_X5Y68          FDCE                                         r  u_uart_controller/u_uart_tx/r_data_reg[2]/D
  -------------------------------------------------------------------    -------------------

                         (clock sys_clk_pin rise edge)
                                                      0.000     0.000 r  
    W5                                                0.000     0.000 r  clk (IN)
                         net (fo=0)                   0.000     0.000    clk
    W5                   IBUF (Prop_ibuf_I_O)         0.414     0.414 r  clk_IBUF_inst/O
                         net (fo=1, routed)           0.685     1.099    clk_IBUF
    BUFGCTRL_X0Y0        BUFG (Prop_bufg_I_O)         0.029     1.128 r  clk_IBUF_BUFG_inst/O
                         net (fo=188, routed)         0.853     1.980    u_uart_controller/u_uart_tx/CLK
    SLICE_X5Y68          FDCE                                         r  u_uart_controller/u_uart_tx/r_data_reg[2]/C
                         clock pessimism             -0.499     1.481    
    SLICE_X5Y68          FDCE (Hold_fdce_C_D)         0.070     1.551    u_uart_controller/u_uart_tx/r_data_reg[2]
  -------------------------------------------------------------------
                         required time                         -1.551    
                         arrival time                           1.761    
  -------------------------------------------------------------------
                         slack                                  0.210    

Slack (MET) :             0.224ns  (arrival time - required time)
  Source:                 u_uart_controller/u_uart_rx/r_data_reg[3]/C
                            (rising edge-triggered cell FDCE clocked by sys_clk_pin  {rise@0.000ns fall@5.000ns period=10.000ns})
  Destination:            u_uart_controller/u_uart_rx/data_out_reg[3]/D
                            (rising edge-triggered cell FDCE clocked by sys_clk_pin  {rise@0.000ns fall@5.000ns period=10.000ns})
  Path Group:             sys_clk_pin
  Path Type:              Hold (Min at Fast Process Corner)
  Requirement:            0.000ns  (sys_clk_pin rise@0.000ns - sys_clk_pin rise@0.000ns)
  Data Path Delay:        0.315ns  (logic 0.141ns (44.738%)  route 0.174ns (55.262%))
  Logic Levels:           0  
  Clock Path Skew:        0.015ns (DCD - SCD - CPR)
    Destination Clock Delay (DCD):    1.983ns
    Source Clock Delay      (SCD):    1.469ns
    Clock Pessimism Removal (CPR):    0.499ns

    Location             Delay type                Incr(ns)  Path(ns)    Netlist Resource(s)
  -------------------------------------------------------------------    -------------------
                         (clock sys_clk_pin rise edge)
                                                      0.000     0.000 r  
    W5                                                0.000     0.000 r  clk (IN)
                         net (fo=0)                   0.000     0.000    clk
    W5                   IBUF (Prop_ibuf_I_O)         0.226     0.226 r  clk_IBUF_inst/O
                         net (fo=1, routed)           0.631     0.858    clk_IBUF
    BUFGCTRL_X0Y0        BUFG (Prop_bufg_I_O)         0.026     0.884 r  clk_IBUF_BUFG_inst/O
                         net (fo=188, routed)         0.586     1.469    u_uart_controller/u_uart_rx/CLK
    SLICE_X62Y68         FDCE                                         r  u_uart_controller/u_uart_rx/r_data_reg[3]/C
  -------------------------------------------------------------------    -------------------
    SLICE_X62Y68         FDCE (Prop_fdce_C_Q)         0.141     1.610 r  u_uart_controller/u_uart_rx/r_data_reg[3]/Q
                         net (fo=2, routed)           0.174     1.784    u_uart_controller/u_uart_rx/r_data_reg_n_0_[3]
    SLICE_X64Y67         FDCE                                         r  u_uart_controller/u_uart_rx/data_out_reg[3]/D
  -------------------------------------------------------------------    -------------------

                         (clock sys_clk_pin rise edge)
                                                      0.000     0.000 r  
    W5                                                0.000     0.000 r  clk (IN)
                         net (fo=0)                   0.000     0.000    clk
    W5                   IBUF (Prop_ibuf_I_O)         0.414     0.414 r  clk_IBUF_inst/O
                         net (fo=1, routed)           0.685     1.099    clk_IBUF
    BUFGCTRL_X0Y0        BUFG (Prop_bufg_I_O)         0.029     1.128 r  clk_IBUF_BUFG_inst/O
                         net (fo=188, routed)         0.855     1.983    u_uart_controller/u_uart_rx/CLK
    SLICE_X64Y67         FDCE                                         r  u_uart_controller/u_uart_rx/data_out_reg[3]/C
                         clock pessimism             -0.499     1.484    
    SLICE_X64Y67         FDCE (Hold_fdce_C_D)         0.076     1.560    u_uart_controller/u_uart_rx/data_out_reg[3]
  -------------------------------------------------------------------
                         required time                         -1.560    
                         arrival time                           1.784    
  -------------------------------------------------------------------
                         slack                                  0.224    





Pulse Width Checks
--------------------------------------------------------------------------------------
Clock Name:         sys_clk_pin
Waveform(ns):       { 0.000 5.000 }
Period(ns):         10.000
Sources:            { clk }

Check Type        Corner  Lib Pin  Reference Pin  Required(ns)  Actual(ns)  Slack(ns)  Location       Pin
Min Period        n/a     BUFG/I   n/a            2.155         10.000      7.845      BUFGCTRL_X0Y0  clk_IBUF_BUFG_inst/I
Min Period        n/a     FDCE/C   n/a            1.000         10.000      9.000      SLICE_X58Y67   u_btn_debouncer/U_debouncer_btnL/btn_state_reg/C
Min Period        n/a     FDCE/C   n/a            1.000         10.000      9.000      SLICE_X59Y65   u_btn_debouncer/U_debouncer_btnL/count_reg[0]/C
Min Period        n/a     FDCE/C   n/a            1.000         10.000      9.000      SLICE_X59Y67   u_btn_debouncer/U_debouncer_btnL/count_reg[10]/C
Min Period        n/a     FDCE/C   n/a            1.000         10.000      9.000      SLICE_X59Y67   u_btn_debouncer/U_debouncer_btnL/count_reg[11]/C
Min Period        n/a     FDCE/C   n/a            1.000         10.000      9.000      SLICE_X59Y67   u_btn_debouncer/U_debouncer_btnL/count_reg[12]/C
Min Period        n/a     FDCE/C   n/a            1.000         10.000      9.000      SLICE_X59Y67   u_btn_debouncer/U_debouncer_btnL/count_reg[13]/C
Min Period        n/a     FDCE/C   n/a            1.000         10.000      9.000      SLICE_X59Y68   u_btn_debouncer/U_debouncer_btnL/count_reg[14]/C
Min Period        n/a     FDCE/C   n/a            1.000         10.000      9.000      SLICE_X59Y68   u_btn_debouncer/U_debouncer_btnL/count_reg[15]/C
Min Period        n/a     FDCE/C   n/a            1.000         10.000      9.000      SLICE_X59Y68   u_btn_debouncer/U_debouncer_btnL/count_reg[16]/C
Low Pulse Width   Slow    FDCE/C   n/a            0.500         5.000       4.500      SLICE_X58Y67   u_btn_debouncer/U_debouncer_btnL/btn_state_reg/C
Low Pulse Width   Fast    FDCE/C   n/a            0.500         5.000       4.500      SLICE_X58Y67   u_btn_debouncer/U_debouncer_btnL/btn_state_reg/C
Low Pulse Width   Slow    FDCE/C   n/a            0.500         5.000       4.500      SLICE_X59Y65   u_btn_debouncer/U_debouncer_btnL/count_reg[0]/C
Low Pulse Width   Fast    FDCE/C   n/a            0.500         5.000       4.500      SLICE_X59Y65   u_btn_debouncer/U_debouncer_btnL/count_reg[0]/C
Low Pulse Width   Slow    FDCE/C   n/a            0.500         5.000       4.500      SLICE_X59Y67   u_btn_debouncer/U_debouncer_btnL/count_reg[10]/C
Low Pulse Width   Fast    FDCE/C   n/a            0.500         5.000       4.500      SLICE_X59Y67   u_btn_debouncer/U_debouncer_btnL/count_reg[10]/C
Low Pulse Width   Slow    FDCE/C   n/a            0.500         5.000       4.500      SLICE_X59Y67   u_btn_debouncer/U_debouncer_btnL/count_reg[11]/C
Low Pulse Width   Fast    FDCE/C   n/a            0.500         5.000       4.500      SLICE_X59Y67   u_btn_debouncer/U_debouncer_btnL/count_reg[11]/C
Low Pulse Width   Slow    FDCE/C   n/a            0.500         5.000       4.500      SLICE_X59Y67   u_btn_debouncer/U_debouncer_btnL/count_reg[12]/C
Low Pulse Width   Fast    FDCE/C   n/a            0.500         5.000       4.500      SLICE_X59Y67   u_btn_debouncer/U_debouncer_btnL/count_reg[12]/C
High Pulse Width  Slow    FDCE/C   n/a            0.500         5.000       4.500      SLICE_X58Y67   u_btn_debouncer/U_debouncer_btnL/btn_state_reg/C
High Pulse Width  Fast    FDCE/C   n/a            0.500         5.000       4.500      SLICE_X58Y67   u_btn_debouncer/U_debouncer_btnL/btn_state_reg/C
High Pulse Width  Slow    FDCE/C   n/a            0.500         5.000       4.500      SLICE_X59Y65   u_btn_debouncer/U_debouncer_btnL/count_reg[0]/C
High Pulse Width  Fast    FDCE/C   n/a            0.500         5.000       4.500      SLICE_X59Y65   u_btn_debouncer/U_debouncer_btnL/count_reg[0]/C
High Pulse Width  Slow    FDCE/C   n/a            0.500         5.000       4.500      SLICE_X59Y67   u_btn_debouncer/U_debouncer_btnL/count_reg[10]/C
High Pulse Width  Fast    FDCE/C   n/a            0.500         5.000       4.500      SLICE_X59Y67   u_btn_debouncer/U_debouncer_btnL/count_reg[10]/C
High Pulse Width  Slow    FDCE/C   n/a            0.500         5.000       4.500      SLICE_X59Y67   u_btn_debouncer/U_debouncer_btnL/count_reg[11]/C
High Pulse Width  Fast    FDCE/C   n/a            0.500         5.000       4.500      SLICE_X59Y67   u_btn_debouncer/U_debouncer_btnL/count_reg[11]/C
High Pulse Width  Slow    FDCE/C   n/a            0.500         5.000       4.500      SLICE_X59Y67   u_btn_debouncer/U_debouncer_btnL/count_reg[12]/C
High Pulse Width  Fast    FDCE/C   n/a            0.500         5.000       4.500      SLICE_X59Y67   u_btn_debouncer/U_debouncer_btnL/count_reg[12]/C



