Copyright 1986-2021 Xilinx, Inc. All Rights Reserved.
-----------------------------------------------------------------------------------------------------------------------------------------------------------------------------------------------------
| Tool Version : Vivado v.2021.1 (win64) Build 3247384 Thu Jun 10 19:36:33 MDT 2021
| Date         : Wed Mar  4 09:29:49 2026
| Host         : DESKTOP-0G8LKRK running 64-bit major release  (build 9200)
| Command      : report_timing_summary -max_paths 10 -file top_rotary_timing_summary_routed.rpt -pb top_rotary_timing_summary_routed.pb -rpx top_rotary_timing_summary_routed.rpx -warn_on_violation
| Design       : top_rotary
| Device       : 7a35t-cpg236
| Speed File   : -1  PRODUCTION 1.23 2018-06-13
-----------------------------------------------------------------------------------------------------------------------------------------------------------------------------------------------------

Timing Summary Report

------------------------------------------------------------------------------------------------
| Timer Settings
| --------------
------------------------------------------------------------------------------------------------

  Enable Multi Corner Analysis               :  Yes
  Enable Pessimism Removal                   :  Yes
  Pessimism Removal Resolution               :  Nearest Common Node
  Enable Input Delay Default Clock           :  No
  Enable Preset / Clear Arcs                 :  No
  Disable Flight Delays                      :  No
  Ignore I/O Paths                           :  No
  Timing Early Launch at Borrowing Latches   :  No
  Borrow Time for Max Delay Exceptions       :  Yes
  Merge Timing Exceptions                    :  Yes

  Corner  Analyze    Analyze    
  Name    Max Paths  Min Paths  
  ------  ---------  ---------  
  Slow    Yes        Yes        
  Fast    Yes        Yes        


------------------------------------------------------------------------------------------------
| Report Methodology
| ------------------
------------------------------------------------------------------------------------------------

Rule       Severity  Description                    Violations  
---------  --------  -----------------------------  ----------  
TIMING-18  Warning   Missing input or output delay  20          

Note: This report is based on the most recent report_methodology run and may not be up-to-date. Run report_methodology on the current design for the latest report.



check_timing report

Table of Contents
-----------------
1. checking no_clock (0)
2. checking constant_clock (0)
3. checking pulse_width_clock (0)
4. checking unconstrained_internal_endpoints (0)
5. checking no_input_delay (4)
6. checking no_output_delay (11)
7. checking multiple_clock (0)
8. checking generated_clocks (0)
9. checking loops (0)
10. checking partial_input_delay (0)
11. checking partial_output_delay (0)
12. checking latch_loops (0)

1. checking no_clock (0)
------------------------
 There are 0 register/latch pins with no clock.


2. checking constant_clock (0)
------------------------------
 There are 0 register/latch pins with constant_clock.


3. checking pulse_width_clock (0)
---------------------------------
 There are 0 register/latch pins which need pulse_width check


4. checking unconstrained_internal_endpoints (0)
------------------------------------------------
 There are 0 pins that are not constrained for maximum delay.

 There are 0 pins that are not constrained for maximum delay due to constant clock.


5. checking no_input_delay (4)
------------------------------
 There are 4 input ports with no input delay specified. (HIGH)

 There are 0 input ports with no input delay but user has a false path constraint.


6. checking no_output_delay (11)
--------------------------------
 There are 11 ports with no output delay specified. (HIGH)

 There are 0 ports with no output delay but user has a false path constraint

 There are 0 ports with no output delay but with a timing clock defined on it or propagating through it


7. checking multiple_clock (0)
------------------------------
 There are 0 register/latch pins with multiple clocks.


8. checking generated_clocks (0)
--------------------------------
 There are 0 generated clocks that are not connected to a clock source.


9. checking loops (0)
---------------------
 There are 0 combinational loops in the design.


10. checking partial_input_delay (0)
------------------------------------
 There are 0 input ports with partial input delay specified.


11. checking partial_output_delay (0)
-------------------------------------
 There are 0 ports with partial output delay specified.


12. checking latch_loops (0)
----------------------------
 There are 0 combinational latch loops in the design through latch input



------------------------------------------------------------------------------------------------
| Design Timing Summary
| ---------------------
------------------------------------------------------------------------------------------------

    WNS(ns)      TNS(ns)  TNS Failing Endpoints  TNS Total Endpoints      WHS(ns)      THS(ns)  THS Failing Endpoints  THS Total Endpoints     WPWS(ns)     TPWS(ns)  TPWS Failing Endpoints  TPWS Total Endpoints  
    -------      -------  ---------------------  -------------------      -------      -------  ---------------------  -------------------     --------     --------  ----------------------  --------------------  
      5.484        0.000                      0                  149        0.177        0.000                      0                  149        4.500        0.000                       0                    80  


All user specified timing constraints are met.


------------------------------------------------------------------------------------------------
| Clock Summary
| -------------
------------------------------------------------------------------------------------------------

Clock        Waveform(ns)       Period(ns)      Frequency(MHz)
-----        ------------       ----------      --------------
sys_clk_pin  {0.000 5.000}      10.000          100.000         


------------------------------------------------------------------------------------------------
| Intra Clock Table
| -----------------
------------------------------------------------------------------------------------------------

Clock             WNS(ns)      TNS(ns)  TNS Failing Endpoints  TNS Total Endpoints      WHS(ns)      THS(ns)  THS Failing Endpoints  THS Total Endpoints     WPWS(ns)     TPWS(ns)  TPWS Failing Endpoints  TPWS Total Endpoints  
-----             -------      -------  ---------------------  -------------------      -------      -------  ---------------------  -------------------     --------     --------  ----------------------  --------------------  
sys_clk_pin         5.484        0.000                      0                  149        0.177        0.000                      0                  149        4.500        0.000                       0                    80  


------------------------------------------------------------------------------------------------
| Inter Clock Table
| -----------------
------------------------------------------------------------------------------------------------

From Clock    To Clock          WNS(ns)      TNS(ns)  TNS Failing Endpoints  TNS Total Endpoints      WHS(ns)      THS(ns)  THS Failing Endpoints  THS Total Endpoints  
----------    --------          -------      -------  ---------------------  -------------------      -------      -------  ---------------------  -------------------  


------------------------------------------------------------------------------------------------
| Other Path Groups Table
| -----------------------
------------------------------------------------------------------------------------------------

Path Group    From Clock    To Clock          WNS(ns)      TNS(ns)  TNS Failing Endpoints  TNS Total Endpoints      WHS(ns)      THS(ns)  THS Failing Endpoints  THS Total Endpoints  
----------    ----------    --------          -------      -------  ---------------------  -------------------      -------      -------  ---------------------  -------------------  


------------------------------------------------------------------------------------------------
| Timing Details
| --------------
------------------------------------------------------------------------------------------------


---------------------------------------------------------------------------------------------------
From Clock:  sys_clk_pin
  To Clock:  sys_clk_pin

Setup :            0  Failing Endpoints,  Worst Slack        5.484ns,  Total Violation        0.000ns
Hold  :            0  Failing Endpoints,  Worst Slack        0.177ns,  Total Violation        0.000ns
PW    :            0  Failing Endpoints,  Worst Slack        4.500ns,  Total Violation        0.000ns
---------------------------------------------------------------------------------------------------


Max Delay Paths
--------------------------------------------------------------------------------------
Slack (MET) :             5.484ns  (required time - arrival time)
  Source:                 u_s2_debouncer/count_reg[11]/C
                            (rising edge-triggered cell FDRE clocked by sys_clk_pin  {rise@0.000ns fall@5.000ns period=10.000ns})
  Destination:            u_s2_debouncer/count_reg[4]/R
                            (rising edge-triggered cell FDRE clocked by sys_clk_pin  {rise@0.000ns fall@5.000ns period=10.000ns})
  Path Group:             sys_clk_pin
  Path Type:              Setup (Max at Slow Process Corner)
  Requirement:            10.000ns  (sys_clk_pin rise@10.000ns - sys_clk_pin rise@0.000ns)
  Data Path Delay:        3.824ns  (logic 0.824ns (21.547%)  route 3.000ns (78.453%))
  Logic Levels:           3  (LUT3=1 LUT6=2)
  Clock Path Skew:        -0.024ns (DCD - SCD + CPR)
    Destination Clock Delay (DCD):    4.858ns = ( 14.858 - 10.000 ) 
    Source Clock Delay      (SCD):    5.156ns
    Clock Pessimism Removal (CPR):    0.274ns
  Clock Uncertainty:      0.035ns  ((TSJ^2 + TIJ^2)^1/2 + DJ) / 2 + PE
    Total System Jitter     (TSJ):    0.071ns
    Total Input Jitter      (TIJ):    0.000ns
    Discrete Jitter          (DJ):    0.000ns
    Phase Error              (PE):    0.000ns

    Location             Delay type                Incr(ns)  Path(ns)    Netlist Resource(s)
  -------------------------------------------------------------------    -------------------
                         (clock sys_clk_pin rise edge)
                                                      0.000     0.000 r  
    W5                                                0.000     0.000 r  clk (IN)
                         net (fo=0)                   0.000     0.000    clk
    W5                   IBUF (Prop_ibuf_I_O)         1.458     1.458 r  clk_IBUF_inst/O
                         net (fo=1, routed)           1.967     3.425    clk_IBUF
    BUFGCTRL_X0Y0        BUFG (Prop_bufg_I_O)         0.096     3.521 r  clk_IBUF_BUFG_inst/O
                         net (fo=79, routed)          1.635     5.156    u_s2_debouncer/CLK
    SLICE_X3Y11          FDRE                                         r  u_s2_debouncer/count_reg[11]/C
  -------------------------------------------------------------------    -------------------
    SLICE_X3Y11          FDRE (Prop_fdre_C_Q)         0.456     5.612 r  u_s2_debouncer/count_reg[11]/Q
                         net (fo=2, routed)           0.812     6.424    u_s2_debouncer/count_reg[11]
    SLICE_X2Y11          LUT6 (Prop_lut6_I5_O)        0.124     6.548 r  u_s2_debouncer/btn_state_i_3__0/O
                         net (fo=1, routed)           0.904     7.453    u_s2_debouncer/btn_state_i_3__0_n_0
    SLICE_X3Y14          LUT6 (Prop_lut6_I2_O)        0.124     7.577 r  u_s2_debouncer/btn_state_i_2__0/O
                         net (fo=2, routed)           0.427     8.003    u_s2_debouncer/btn_state_i_2__0_n_0
    SLICE_X4Y14          LUT3 (Prop_lut3_I0_O)        0.120     8.123 r  u_s2_debouncer/count[0]_i_1__0/O
                         net (fo=20, routed)          0.857     8.981    u_s2_debouncer/count[0]_i_1__0_n_0
    SLICE_X3Y10          FDRE                                         r  u_s2_debouncer/count_reg[4]/R
  -------------------------------------------------------------------    -------------------

                         (clock sys_clk_pin rise edge)
                                                     10.000    10.000 r  
    W5                                                0.000    10.000 r  clk (IN)
                         net (fo=0)                   0.000    10.000    clk
    W5                   IBUF (Prop_ibuf_I_O)         1.388    11.388 r  clk_IBUF_inst/O
                         net (fo=1, routed)           1.862    13.250    clk_IBUF
    BUFGCTRL_X0Y0        BUFG (Prop_bufg_I_O)         0.091    13.341 r  clk_IBUF_BUFG_inst/O
                         net (fo=79, routed)          1.517    14.858    u_s2_debouncer/CLK
    SLICE_X3Y10          FDRE                                         r  u_s2_debouncer/count_reg[4]/C
                         clock pessimism              0.274    15.132    
                         clock uncertainty           -0.035    15.097    
    SLICE_X3Y10          FDRE (Setup_fdre_C_R)       -0.632    14.465    u_s2_debouncer/count_reg[4]
  -------------------------------------------------------------------
                         required time                         14.465    
                         arrival time                          -8.981    
  -------------------------------------------------------------------
                         slack                                  5.484    

Slack (MET) :             5.484ns  (required time - arrival time)
  Source:                 u_s2_debouncer/count_reg[11]/C
                            (rising edge-triggered cell FDRE clocked by sys_clk_pin  {rise@0.000ns fall@5.000ns period=10.000ns})
  Destination:            u_s2_debouncer/count_reg[5]/R
                            (rising edge-triggered cell FDRE clocked by sys_clk_pin  {rise@0.000ns fall@5.000ns period=10.000ns})
  Path Group:             sys_clk_pin
  Path Type:              Setup (Max at Slow Process Corner)
  Requirement:            10.000ns  (sys_clk_pin rise@10.000ns - sys_clk_pin rise@0.000ns)
  Data Path Delay:        3.824ns  (logic 0.824ns (21.547%)  route 3.000ns (78.453%))
  Logic Levels:           3  (LUT3=1 LUT6=2)
  Clock Path Skew:        -0.024ns (DCD - SCD + CPR)
    Destination Clock Delay (DCD):    4.858ns = ( 14.858 - 10.000 ) 
    Source Clock Delay      (SCD):    5.156ns
    Clock Pessimism Removal (CPR):    0.274ns
  Clock Uncertainty:      0.035ns  ((TSJ^2 + TIJ^2)^1/2 + DJ) / 2 + PE
    Total System Jitter     (TSJ):    0.071ns
    Total Input Jitter      (TIJ):    0.000ns
    Discrete Jitter          (DJ):    0.000ns
    Phase Error              (PE):    0.000ns

    Location             Delay type                Incr(ns)  Path(ns)    Netlist Resource(s)
  -------------------------------------------------------------------    -------------------
                         (clock sys_clk_pin rise edge)
                                                      0.000     0.000 r  
    W5                                                0.000     0.000 r  clk (IN)
                         net (fo=0)                   0.000     0.000    clk
    W5                   IBUF (Prop_ibuf_I_O)         1.458     1.458 r  clk_IBUF_inst/O
                         net (fo=1, routed)           1.967     3.425    clk_IBUF
    BUFGCTRL_X0Y0        BUFG (Prop_bufg_I_O)         0.096     3.521 r  clk_IBUF_BUFG_inst/O
                         net (fo=79, routed)          1.635     5.156    u_s2_debouncer/CLK
    SLICE_X3Y11          FDRE                                         r  u_s2_debouncer/count_reg[11]/C
  -------------------------------------------------------------------    -------------------
    SLICE_X3Y11          FDRE (Prop_fdre_C_Q)         0.456     5.612 r  u_s2_debouncer/count_reg[11]/Q
                         net (fo=2, routed)           0.812     6.424    u_s2_debouncer/count_reg[11]
    SLICE_X2Y11          LUT6 (Prop_lut6_I5_O)        0.124     6.548 r  u_s2_debouncer/btn_state_i_3__0/O
                         net (fo=1, routed)           0.904     7.453    u_s2_debouncer/btn_state_i_3__0_n_0
    SLICE_X3Y14          LUT6 (Prop_lut6_I2_O)        0.124     7.577 r  u_s2_debouncer/btn_state_i_2__0/O
                         net (fo=2, routed)           0.427     8.003    u_s2_debouncer/btn_state_i_2__0_n_0
    SLICE_X4Y14          LUT3 (Prop_lut3_I0_O)        0.120     8.123 r  u_s2_debouncer/count[0]_i_1__0/O
                         net (fo=20, routed)          0.857     8.981    u_s2_debouncer/count[0]_i_1__0_n_0
    SLICE_X3Y10          FDRE                                         r  u_s2_debouncer/count_reg[5]/R
  -------------------------------------------------------------------    -------------------

                         (clock sys_clk_pin rise edge)
                                                     10.000    10.000 r  
    W5                                                0.000    10.000 r  clk (IN)
                         net (fo=0)                   0.000    10.000    clk
    W5                   IBUF (Prop_ibuf_I_O)         1.388    11.388 r  clk_IBUF_inst/O
                         net (fo=1, routed)           1.862    13.250    clk_IBUF
    BUFGCTRL_X0Y0        BUFG (Prop_bufg_I_O)         0.091    13.341 r  clk_IBUF_BUFG_inst/O
                         net (fo=79, routed)          1.517    14.858    u_s2_debouncer/CLK
    SLICE_X3Y10          FDRE                                         r  u_s2_debouncer/count_reg[5]/C
                         clock pessimism              0.274    15.132    
                         clock uncertainty           -0.035    15.097    
    SLICE_X3Y10          FDRE (Setup_fdre_C_R)       -0.632    14.465    u_s2_debouncer/count_reg[5]
  -------------------------------------------------------------------
                         required time                         14.465    
                         arrival time                          -8.981    
  -------------------------------------------------------------------
                         slack                                  5.484    

Slack (MET) :             5.484ns  (required time - arrival time)
  Source:                 u_s2_debouncer/count_reg[11]/C
                            (rising edge-triggered cell FDRE clocked by sys_clk_pin  {rise@0.000ns fall@5.000ns period=10.000ns})
  Destination:            u_s2_debouncer/count_reg[6]/R
                            (rising edge-triggered cell FDRE clocked by sys_clk_pin  {rise@0.000ns fall@5.000ns period=10.000ns})
  Path Group:             sys_clk_pin
  Path Type:              Setup (Max at Slow Process Corner)
  Requirement:            10.000ns  (sys_clk_pin rise@10.000ns - sys_clk_pin rise@0.000ns)
  Data Path Delay:        3.824ns  (logic 0.824ns (21.547%)  route 3.000ns (78.453%))
  Logic Levels:           3  (LUT3=1 LUT6=2)
  Clock Path Skew:        -0.024ns (DCD - SCD + CPR)
    Destination Clock Delay (DCD):    4.858ns = ( 14.858 - 10.000 ) 
    Source Clock Delay      (SCD):    5.156ns
    Clock Pessimism Removal (CPR):    0.274ns
  Clock Uncertainty:      0.035ns  ((TSJ^2 + TIJ^2)^1/2 + DJ) / 2 + PE
    Total System Jitter     (TSJ):    0.071ns
    Total Input Jitter      (TIJ):    0.000ns
    Discrete Jitter          (DJ):    0.000ns
    Phase Error              (PE):    0.000ns

    Location             Delay type                Incr(ns)  Path(ns)    Netlist Resource(s)
  -------------------------------------------------------------------    -------------------
                         (clock sys_clk_pin rise edge)
                                                      0.000     0.000 r  
    W5                                                0.000     0.000 r  clk (IN)
                         net (fo=0)                   0.000     0.000    clk
    W5                   IBUF (Prop_ibuf_I_O)         1.458     1.458 r  clk_IBUF_inst/O
                         net (fo=1, routed)           1.967     3.425    clk_IBUF
    BUFGCTRL_X0Y0        BUFG (Prop_bufg_I_O)         0.096     3.521 r  clk_IBUF_BUFG_inst/O
                         net (fo=79, routed)          1.635     5.156    u_s2_debouncer/CLK
    SLICE_X3Y11          FDRE                                         r  u_s2_debouncer/count_reg[11]/C
  -------------------------------------------------------------------    -------------------
    SLICE_X3Y11          FDRE (Prop_fdre_C_Q)         0.456     5.612 r  u_s2_debouncer/count_reg[11]/Q
                         net (fo=2, routed)           0.812     6.424    u_s2_debouncer/count_reg[11]
    SLICE_X2Y11          LUT6 (Prop_lut6_I5_O)        0.124     6.548 r  u_s2_debouncer/btn_state_i_3__0/O
                         net (fo=1, routed)           0.904     7.453    u_s2_debouncer/btn_state_i_3__0_n_0
    SLICE_X3Y14          LUT6 (Prop_lut6_I2_O)        0.124     7.577 r  u_s2_debouncer/btn_state_i_2__0/O
                         net (fo=2, routed)           0.427     8.003    u_s2_debouncer/btn_state_i_2__0_n_0
    SLICE_X4Y14          LUT3 (Prop_lut3_I0_O)        0.120     8.123 r  u_s2_debouncer/count[0]_i_1__0/O
                         net (fo=20, routed)          0.857     8.981    u_s2_debouncer/count[0]_i_1__0_n_0
    SLICE_X3Y10          FDRE                                         r  u_s2_debouncer/count_reg[6]/R
  -------------------------------------------------------------------    -------------------

                         (clock sys_clk_pin rise edge)
                                                     10.000    10.000 r  
    W5                                                0.000    10.000 r  clk (IN)
                         net (fo=0)                   0.000    10.000    clk
    W5                   IBUF (Prop_ibuf_I_O)         1.388    11.388 r  clk_IBUF_inst/O
                         net (fo=1, routed)           1.862    13.250    clk_IBUF
    BUFGCTRL_X0Y0        BUFG (Prop_bufg_I_O)         0.091    13.341 r  clk_IBUF_BUFG_inst/O
                         net (fo=79, routed)          1.517    14.858    u_s2_debouncer/CLK
    SLICE_X3Y10          FDRE                                         r  u_s2_debouncer/count_reg[6]/C
                         clock pessimism              0.274    15.132    
                         clock uncertainty           -0.035    15.097    
    SLICE_X3Y10          FDRE (Setup_fdre_C_R)       -0.632    14.465    u_s2_debouncer/count_reg[6]
  -------------------------------------------------------------------
                         required time                         14.465    
                         arrival time                          -8.981    
  -------------------------------------------------------------------
                         slack                                  5.484    

Slack (MET) :             5.484ns  (required time - arrival time)
  Source:                 u_s2_debouncer/count_reg[11]/C
                            (rising edge-triggered cell FDRE clocked by sys_clk_pin  {rise@0.000ns fall@5.000ns period=10.000ns})
  Destination:            u_s2_debouncer/count_reg[7]/R
                            (rising edge-triggered cell FDRE clocked by sys_clk_pin  {rise@0.000ns fall@5.000ns period=10.000ns})
  Path Group:             sys_clk_pin
  Path Type:              Setup (Max at Slow Process Corner)
  Requirement:            10.000ns  (sys_clk_pin rise@10.000ns - sys_clk_pin rise@0.000ns)
  Data Path Delay:        3.824ns  (logic 0.824ns (21.547%)  route 3.000ns (78.453%))
  Logic Levels:           3  (LUT3=1 LUT6=2)
  Clock Path Skew:        -0.024ns (DCD - SCD + CPR)
    Destination Clock Delay (DCD):    4.858ns = ( 14.858 - 10.000 ) 
    Source Clock Delay      (SCD):    5.156ns
    Clock Pessimism Removal (CPR):    0.274ns
  Clock Uncertainty:      0.035ns  ((TSJ^2 + TIJ^2)^1/2 + DJ) / 2 + PE
    Total System Jitter     (TSJ):    0.071ns
    Total Input Jitter      (TIJ):    0.000ns
    Discrete Jitter          (DJ):    0.000ns
    Phase Error              (PE):    0.000ns

    Location             Delay type                Incr(ns)  Path(ns)    Netlist Resource(s)
  -------------------------------------------------------------------    -------------------
                         (clock sys_clk_pin rise edge)
                                                      0.000     0.000 r  
    W5                                                0.000     0.000 r  clk (IN)
                         net (fo=0)                   0.000     0.000    clk
    W5                   IBUF (Prop_ibuf_I_O)         1.458     1.458 r  clk_IBUF_inst/O
                         net (fo=1, routed)           1.967     3.425    clk_IBUF
    BUFGCTRL_X0Y0        BUFG (Prop_bufg_I_O)         0.096     3.521 r  clk_IBUF_BUFG_inst/O
                         net (fo=79, routed)          1.635     5.156    u_s2_debouncer/CLK
    SLICE_X3Y11          FDRE                                         r  u_s2_debouncer/count_reg[11]/C
  -------------------------------------------------------------------    -------------------
    SLICE_X3Y11          FDRE (Prop_fdre_C_Q)         0.456     5.612 r  u_s2_debouncer/count_reg[11]/Q
                         net (fo=2, routed)           0.812     6.424    u_s2_debouncer/count_reg[11]
    SLICE_X2Y11          LUT6 (Prop_lut6_I5_O)        0.124     6.548 r  u_s2_debouncer/btn_state_i_3__0/O
                         net (fo=1, routed)           0.904     7.453    u_s2_debouncer/btn_state_i_3__0_n_0
    SLICE_X3Y14          LUT6 (Prop_lut6_I2_O)        0.124     7.577 r  u_s2_debouncer/btn_state_i_2__0/O
                         net (fo=2, routed)           0.427     8.003    u_s2_debouncer/btn_state_i_2__0_n_0
    SLICE_X4Y14          LUT3 (Prop_lut3_I0_O)        0.120     8.123 r  u_s2_debouncer/count[0]_i_1__0/O
                         net (fo=20, routed)          0.857     8.981    u_s2_debouncer/count[0]_i_1__0_n_0
    SLICE_X3Y10          FDRE                                         r  u_s2_debouncer/count_reg[7]/R
  -------------------------------------------------------------------    -------------------

                         (clock sys_clk_pin rise edge)
                                                     10.000    10.000 r  
    W5                                                0.000    10.000 r  clk (IN)
                         net (fo=0)                   0.000    10.000    clk
    W5                   IBUF (Prop_ibuf_I_O)         1.388    11.388 r  clk_IBUF_inst/O
                         net (fo=1, routed)           1.862    13.250    clk_IBUF
    BUFGCTRL_X0Y0        BUFG (Prop_bufg_I_O)         0.091    13.341 r  clk_IBUF_BUFG_inst/O
                         net (fo=79, routed)          1.517    14.858    u_s2_debouncer/CLK
    SLICE_X3Y10          FDRE                                         r  u_s2_debouncer/count_reg[7]/C
                         clock pessimism              0.274    15.132    
                         clock uncertainty           -0.035    15.097    
    SLICE_X3Y10          FDRE (Setup_fdre_C_R)       -0.632    14.465    u_s2_debouncer/count_reg[7]
  -------------------------------------------------------------------
                         required time                         14.465    
                         arrival time                          -8.981    
  -------------------------------------------------------------------
                         slack                                  5.484    

Slack (MET) :             5.602ns  (required time - arrival time)
  Source:                 u_s2_debouncer/count_reg[7]/C
                            (rising edge-triggered cell FDRE clocked by sys_clk_pin  {rise@0.000ns fall@5.000ns period=10.000ns})
  Destination:            u_s2_debouncer/count_reg[10]/R
                            (rising edge-triggered cell FDRE clocked by sys_clk_pin  {rise@0.000ns fall@5.000ns period=10.000ns})
  Path Group:             sys_clk_pin
  Path Type:              Setup (Max at Slow Process Corner)
  Requirement:            10.000ns  (sys_clk_pin rise@10.000ns - sys_clk_pin rise@0.000ns)
  Data Path Delay:        3.704ns  (logic 0.824ns (22.243%)  route 2.880ns (77.756%))
  Logic Levels:           3  (LUT3=1 LUT6=2)
  Clock Path Skew:        -0.026ns (DCD - SCD + CPR)
    Destination Clock Delay (DCD):    4.857ns = ( 14.857 - 10.000 ) 
    Source Clock Delay      (SCD):    5.157ns
    Clock Pessimism Removal (CPR):    0.274ns
  Clock Uncertainty:      0.035ns  ((TSJ^2 + TIJ^2)^1/2 + DJ) / 2 + PE
    Total System Jitter     (TSJ):    0.071ns
    Total Input Jitter      (TIJ):    0.000ns
    Discrete Jitter          (DJ):    0.000ns
    Phase Error              (PE):    0.000ns

    Location             Delay type                Incr(ns)  Path(ns)    Netlist Resource(s)
  -------------------------------------------------------------------    -------------------
                         (clock sys_clk_pin rise edge)
                                                      0.000     0.000 r  
    W5                                                0.000     0.000 r  clk (IN)
                         net (fo=0)                   0.000     0.000    clk
    W5                   IBUF (Prop_ibuf_I_O)         1.458     1.458 r  clk_IBUF_inst/O
                         net (fo=1, routed)           1.967     3.425    clk_IBUF
    BUFGCTRL_X0Y0        BUFG (Prop_bufg_I_O)         0.096     3.521 r  clk_IBUF_BUFG_inst/O
                         net (fo=79, routed)          1.636     5.157    u_s2_debouncer/CLK
    SLICE_X3Y10          FDRE                                         r  u_s2_debouncer/count_reg[7]/C
  -------------------------------------------------------------------    -------------------
    SLICE_X3Y10          FDRE (Prop_fdre_C_Q)         0.456     5.613 r  u_s2_debouncer/count_reg[7]/Q
                         net (fo=2, routed)           0.833     6.447    u_s2_debouncer/count_reg[7]
    SLICE_X2Y11          LUT6 (Prop_lut6_I1_O)        0.124     6.571 r  u_s2_debouncer/btn_state_i_3__0/O
                         net (fo=1, routed)           0.904     7.475    u_s2_debouncer/btn_state_i_3__0_n_0
    SLICE_X3Y14          LUT6 (Prop_lut6_I2_O)        0.124     7.599 r  u_s2_debouncer/btn_state_i_2__0/O
                         net (fo=2, routed)           0.427     8.025    u_s2_debouncer/btn_state_i_2__0_n_0
    SLICE_X4Y14          LUT3 (Prop_lut3_I0_O)        0.120     8.145 r  u_s2_debouncer/count[0]_i_1__0/O
                         net (fo=20, routed)          0.716     8.862    u_s2_debouncer/count[0]_i_1__0_n_0
    SLICE_X3Y11          FDRE                                         r  u_s2_debouncer/count_reg[10]/R
  -------------------------------------------------------------------    -------------------

                         (clock sys_clk_pin rise edge)
                                                     10.000    10.000 r  
    W5                                                0.000    10.000 r  clk (IN)
                         net (fo=0)                   0.000    10.000    clk
    W5                   IBUF (Prop_ibuf_I_O)         1.388    11.388 r  clk_IBUF_inst/O
                         net (fo=1, routed)           1.862    13.250    clk_IBUF
    BUFGCTRL_X0Y0        BUFG (Prop_bufg_I_O)         0.091    13.341 r  clk_IBUF_BUFG_inst/O
                         net (fo=79, routed)          1.516    14.857    u_s2_debouncer/CLK
    SLICE_X3Y11          FDRE                                         r  u_s2_debouncer/count_reg[10]/C
                         clock pessimism              0.274    15.131    
                         clock uncertainty           -0.035    15.096    
    SLICE_X3Y11          FDRE (Setup_fdre_C_R)       -0.632    14.464    u_s2_debouncer/count_reg[10]
  -------------------------------------------------------------------
                         required time                         14.464    
                         arrival time                          -8.862    
  -------------------------------------------------------------------
                         slack                                  5.602    

Slack (MET) :             5.602ns  (required time - arrival time)
  Source:                 u_s2_debouncer/count_reg[7]/C
                            (rising edge-triggered cell FDRE clocked by sys_clk_pin  {rise@0.000ns fall@5.000ns period=10.000ns})
  Destination:            u_s2_debouncer/count_reg[11]/R
                            (rising edge-triggered cell FDRE clocked by sys_clk_pin  {rise@0.000ns fall@5.000ns period=10.000ns})
  Path Group:             sys_clk_pin
  Path Type:              Setup (Max at Slow Process Corner)
  Requirement:            10.000ns  (sys_clk_pin rise@10.000ns - sys_clk_pin rise@0.000ns)
  Data Path Delay:        3.704ns  (logic 0.824ns (22.243%)  route 2.880ns (77.756%))
  Logic Levels:           3  (LUT3=1 LUT6=2)
  Clock Path Skew:        -0.026ns (DCD - SCD + CPR)
    Destination Clock Delay (DCD):    4.857ns = ( 14.857 - 10.000 ) 
    Source Clock Delay      (SCD):    5.157ns
    Clock Pessimism Removal (CPR):    0.274ns
  Clock Uncertainty:      0.035ns  ((TSJ^2 + TIJ^2)^1/2 + DJ) / 2 + PE
    Total System Jitter     (TSJ):    0.071ns
    Total Input Jitter      (TIJ):    0.000ns
    Discrete Jitter          (DJ):    0.000ns
    Phase Error              (PE):    0.000ns

    Location             Delay type                Incr(ns)  Path(ns)    Netlist Resource(s)
  -------------------------------------------------------------------    -------------------
                         (clock sys_clk_pin rise edge)
                                                      0.000     0.000 r  
    W5                                                0.000     0.000 r  clk (IN)
                         net (fo=0)                   0.000     0.000    clk
    W5                   IBUF (Prop_ibuf_I_O)         1.458     1.458 r  clk_IBUF_inst/O
                         net (fo=1, routed)           1.967     3.425    clk_IBUF
    BUFGCTRL_X0Y0        BUFG (Prop_bufg_I_O)         0.096     3.521 r  clk_IBUF_BUFG_inst/O
                         net (fo=79, routed)          1.636     5.157    u_s2_debouncer/CLK
    SLICE_X3Y10          FDRE                                         r  u_s2_debouncer/count_reg[7]/C
  -------------------------------------------------------------------    -------------------
    SLICE_X3Y10          FDRE (Prop_fdre_C_Q)         0.456     5.613 r  u_s2_debouncer/count_reg[7]/Q
                         net (fo=2, routed)           0.833     6.447    u_s2_debouncer/count_reg[7]
    SLICE_X2Y11          LUT6 (Prop_lut6_I1_O)        0.124     6.571 r  u_s2_debouncer/btn_state_i_3__0/O
                         net (fo=1, routed)           0.904     7.475    u_s2_debouncer/btn_state_i_3__0_n_0
    SLICE_X3Y14          LUT6 (Prop_lut6_I2_O)        0.124     7.599 r  u_s2_debouncer/btn_state_i_2__0/O
                         net (fo=2, routed)           0.427     8.025    u_s2_debouncer/btn_state_i_2__0_n_0
    SLICE_X4Y14          LUT3 (Prop_lut3_I0_O)        0.120     8.145 r  u_s2_debouncer/count[0]_i_1__0/O
                         net (fo=20, routed)          0.716     8.862    u_s2_debouncer/count[0]_i_1__0_n_0
    SLICE_X3Y11          FDRE                                         r  u_s2_debouncer/count_reg[11]/R
  -------------------------------------------------------------------    -------------------

                         (clock sys_clk_pin rise edge)
                                                     10.000    10.000 r  
    W5                                                0.000    10.000 r  clk (IN)
                         net (fo=0)                   0.000    10.000    clk
    W5                   IBUF (Prop_ibuf_I_O)         1.388    11.388 r  clk_IBUF_inst/O
                         net (fo=1, routed)           1.862    13.250    clk_IBUF
    BUFGCTRL_X0Y0        BUFG (Prop_bufg_I_O)         0.091    13.341 r  clk_IBUF_BUFG_inst/O
                         net (fo=79, routed)          1.516    14.857    u_s2_debouncer/CLK
    SLICE_X3Y11          FDRE                                         r  u_s2_debouncer/count_reg[11]/C
                         clock pessimism              0.274    15.131    
                         clock uncertainty           -0.035    15.096    
    SLICE_X3Y11          FDRE (Setup_fdre_C_R)       -0.632    14.464    u_s2_debouncer/count_reg[11]
  -------------------------------------------------------------------
                         required time                         14.464    
                         arrival time                          -8.862    
  -------------------------------------------------------------------
                         slack                                  5.602    

Slack (MET) :             5.602ns  (required time - arrival time)
  Source:                 u_s2_debouncer/count_reg[7]/C
                            (rising edge-triggered cell FDRE clocked by sys_clk_pin  {rise@0.000ns fall@5.000ns period=10.000ns})
  Destination:            u_s2_debouncer/count_reg[8]/R
                            (rising edge-triggered cell FDRE clocked by sys_clk_pin  {rise@0.000ns fall@5.000ns period=10.000ns})
  Path Group:             sys_clk_pin
  Path Type:              Setup (Max at Slow Process Corner)
  Requirement:            10.000ns  (sys_clk_pin rise@10.000ns - sys_clk_pin rise@0.000ns)
  Data Path Delay:        3.704ns  (logic 0.824ns (22.243%)  route 2.880ns (77.756%))
  Logic Levels:           3  (LUT3=1 LUT6=2)
  Clock Path Skew:        -0.026ns (DCD - SCD + CPR)
    Destination Clock Delay (DCD):    4.857ns = ( 14.857 - 10.000 ) 
    Source Clock Delay      (SCD):    5.157ns
    Clock Pessimism Removal (CPR):    0.274ns
  Clock Uncertainty:      0.035ns  ((TSJ^2 + TIJ^2)^1/2 + DJ) / 2 + PE
    Total System Jitter     (TSJ):    0.071ns
    Total Input Jitter      (TIJ):    0.000ns
    Discrete Jitter          (DJ):    0.000ns
    Phase Error              (PE):    0.000ns

    Location             Delay type                Incr(ns)  Path(ns)    Netlist Resource(s)
  -------------------------------------------------------------------    -------------------
                         (clock sys_clk_pin rise edge)
                                                      0.000     0.000 r  
    W5                                                0.000     0.000 r  clk (IN)
                         net (fo=0)                   0.000     0.000    clk
    W5                   IBUF (Prop_ibuf_I_O)         1.458     1.458 r  clk_IBUF_inst/O
                         net (fo=1, routed)           1.967     3.425    clk_IBUF
    BUFGCTRL_X0Y0        BUFG (Prop_bufg_I_O)         0.096     3.521 r  clk_IBUF_BUFG_inst/O
                         net (fo=79, routed)          1.636     5.157    u_s2_debouncer/CLK
    SLICE_X3Y10          FDRE                                         r  u_s2_debouncer/count_reg[7]/C
  -------------------------------------------------------------------    -------------------
    SLICE_X3Y10          FDRE (Prop_fdre_C_Q)         0.456     5.613 r  u_s2_debouncer/count_reg[7]/Q
                         net (fo=2, routed)           0.833     6.447    u_s2_debouncer/count_reg[7]
    SLICE_X2Y11          LUT6 (Prop_lut6_I1_O)        0.124     6.571 r  u_s2_debouncer/btn_state_i_3__0/O
                         net (fo=1, routed)           0.904     7.475    u_s2_debouncer/btn_state_i_3__0_n_0
    SLICE_X3Y14          LUT6 (Prop_lut6_I2_O)        0.124     7.599 r  u_s2_debouncer/btn_state_i_2__0/O
                         net (fo=2, routed)           0.427     8.025    u_s2_debouncer/btn_state_i_2__0_n_0
    SLICE_X4Y14          LUT3 (Prop_lut3_I0_O)        0.120     8.145 r  u_s2_debouncer/count[0]_i_1__0/O
                         net (fo=20, routed)          0.716     8.862    u_s2_debouncer/count[0]_i_1__0_n_0
    SLICE_X3Y11          FDRE                                         r  u_s2_debouncer/count_reg[8]/R
  -------------------------------------------------------------------    -------------------

                         (clock sys_clk_pin rise edge)
                                                     10.000    10.000 r  
    W5                                                0.000    10.000 r  clk (IN)
                         net (fo=0)                   0.000    10.000    clk
    W5                   IBUF (Prop_ibuf_I_O)         1.388    11.388 r  clk_IBUF_inst/O
                         net (fo=1, routed)           1.862    13.250    clk_IBUF
    BUFGCTRL_X0Y0        BUFG (Prop_bufg_I_O)         0.091    13.341 r  clk_IBUF_BUFG_inst/O
                         net (fo=79, routed)          1.516    14.857    u_s2_debouncer/CLK
    SLICE_X3Y11          FDRE                                         r  u_s2_debouncer/count_reg[8]/C
                         clock pessimism              0.274    15.131    
                         clock uncertainty           -0.035    15.096    
    SLICE_X3Y11          FDRE (Setup_fdre_C_R)       -0.632    14.464    u_s2_debouncer/count_reg[8]
  -------------------------------------------------------------------
                         required time                         14.464    
                         arrival time                          -8.862    
  -------------------------------------------------------------------
                         slack                                  5.602    

Slack (MET) :             5.602ns  (required time - arrival time)
  Source:                 u_s2_debouncer/count_reg[7]/C
                            (rising edge-triggered cell FDRE clocked by sys_clk_pin  {rise@0.000ns fall@5.000ns period=10.000ns})
  Destination:            u_s2_debouncer/count_reg[9]/R
                            (rising edge-triggered cell FDRE clocked by sys_clk_pin  {rise@0.000ns fall@5.000ns period=10.000ns})
  Path Group:             sys_clk_pin
  Path Type:              Setup (Max at Slow Process Corner)
  Requirement:            10.000ns  (sys_clk_pin rise@10.000ns - sys_clk_pin rise@0.000ns)
  Data Path Delay:        3.704ns  (logic 0.824ns (22.243%)  route 2.880ns (77.756%))
  Logic Levels:           3  (LUT3=1 LUT6=2)
  Clock Path Skew:        -0.026ns (DCD - SCD + CPR)
    Destination Clock Delay (DCD):    4.857ns = ( 14.857 - 10.000 ) 
    Source Clock Delay      (SCD):    5.157ns
    Clock Pessimism Removal (CPR):    0.274ns
  Clock Uncertainty:      0.035ns  ((TSJ^2 + TIJ^2)^1/2 + DJ) / 2 + PE
    Total System Jitter     (TSJ):    0.071ns
    Total Input Jitter      (TIJ):    0.000ns
    Discrete Jitter          (DJ):    0.000ns
    Phase Error              (PE):    0.000ns

    Location             Delay type                Incr(ns)  Path(ns)    Netlist Resource(s)
  -------------------------------------------------------------------    -------------------
                         (clock sys_clk_pin rise edge)
                                                      0.000     0.000 r  
    W5                                                0.000     0.000 r  clk (IN)
                         net (fo=0)                   0.000     0.000    clk
    W5                   IBUF (Prop_ibuf_I_O)         1.458     1.458 r  clk_IBUF_inst/O
                         net (fo=1, routed)           1.967     3.425    clk_IBUF
    BUFGCTRL_X0Y0        BUFG (Prop_bufg_I_O)         0.096     3.521 r  clk_IBUF_BUFG_inst/O
                         net (fo=79, routed)          1.636     5.157    u_s2_debouncer/CLK
    SLICE_X3Y10          FDRE                                         r  u_s2_debouncer/count_reg[7]/C
  -------------------------------------------------------------------    -------------------
    SLICE_X3Y10          FDRE (Prop_fdre_C_Q)         0.456     5.613 r  u_s2_debouncer/count_reg[7]/Q
                         net (fo=2, routed)           0.833     6.447    u_s2_debouncer/count_reg[7]
    SLICE_X2Y11          LUT6 (Prop_lut6_I1_O)        0.124     6.571 r  u_s2_debouncer/btn_state_i_3__0/O
                         net (fo=1, routed)           0.904     7.475    u_s2_debouncer/btn_state_i_3__0_n_0
    SLICE_X3Y14          LUT6 (Prop_lut6_I2_O)        0.124     7.599 r  u_s2_debouncer/btn_state_i_2__0/O
                         net (fo=2, routed)           0.427     8.025    u_s2_debouncer/btn_state_i_2__0_n_0
    SLICE_X4Y14          LUT3 (Prop_lut3_I0_O)        0.120     8.145 r  u_s2_debouncer/count[0]_i_1__0/O
                         net (fo=20, routed)          0.716     8.862    u_s2_debouncer/count[0]_i_1__0_n_0
    SLICE_X3Y11          FDRE                                         r  u_s2_debouncer/count_reg[9]/R
  -------------------------------------------------------------------    -------------------

                         (clock sys_clk_pin rise edge)
                                                     10.000    10.000 r  
    W5                                                0.000    10.000 r  clk (IN)
                         net (fo=0)                   0.000    10.000    clk
    W5                   IBUF (Prop_ibuf_I_O)         1.388    11.388 r  clk_IBUF_inst/O
                         net (fo=1, routed)           1.862    13.250    clk_IBUF
    BUFGCTRL_X0Y0        BUFG (Prop_bufg_I_O)         0.091    13.341 r  clk_IBUF_BUFG_inst/O
                         net (fo=79, routed)          1.516    14.857    u_s2_debouncer/CLK
    SLICE_X3Y11          FDRE                                         r  u_s2_debouncer/count_reg[9]/C
                         clock pessimism              0.274    15.131    
                         clock uncertainty           -0.035    15.096    
    SLICE_X3Y11          FDRE (Setup_fdre_C_R)       -0.632    14.464    u_s2_debouncer/count_reg[9]
  -------------------------------------------------------------------
                         required time                         14.464    
                         arrival time                          -8.862    
  -------------------------------------------------------------------
                         slack                                  5.602    

Slack (MET) :             5.604ns  (required time - arrival time)
  Source:                 u_s2_debouncer/count_reg[7]/C
                            (rising edge-triggered cell FDRE clocked by sys_clk_pin  {rise@0.000ns fall@5.000ns period=10.000ns})
  Destination:            u_s2_debouncer/count_reg[0]/R
                            (rising edge-triggered cell FDRE clocked by sys_clk_pin  {rise@0.000ns fall@5.000ns period=10.000ns})
  Path Group:             sys_clk_pin
  Path Type:              Setup (Max at Slow Process Corner)
  Requirement:            10.000ns  (sys_clk_pin rise@10.000ns - sys_clk_pin rise@0.000ns)
  Data Path Delay:        3.704ns  (logic 0.824ns (22.246%)  route 2.880ns (77.754%))
  Logic Levels:           3  (LUT3=1 LUT6=2)
  Clock Path Skew:        -0.025ns (DCD - SCD + CPR)
    Destination Clock Delay (DCD):    4.858ns = ( 14.858 - 10.000 ) 
    Source Clock Delay      (SCD):    5.157ns
    Clock Pessimism Removal (CPR):    0.274ns
  Clock Uncertainty:      0.035ns  ((TSJ^2 + TIJ^2)^1/2 + DJ) / 2 + PE
    Total System Jitter     (TSJ):    0.071ns
    Total Input Jitter      (TIJ):    0.000ns
    Discrete Jitter          (DJ):    0.000ns
    Phase Error              (PE):    0.000ns

    Location             Delay type                Incr(ns)  Path(ns)    Netlist Resource(s)
  -------------------------------------------------------------------    -------------------
                         (clock sys_clk_pin rise edge)
                                                      0.000     0.000 r  
    W5                                                0.000     0.000 r  clk (IN)
                         net (fo=0)                   0.000     0.000    clk
    W5                   IBUF (Prop_ibuf_I_O)         1.458     1.458 r  clk_IBUF_inst/O
                         net (fo=1, routed)           1.967     3.425    clk_IBUF
    BUFGCTRL_X0Y0        BUFG (Prop_bufg_I_O)         0.096     3.521 r  clk_IBUF_BUFG_inst/O
                         net (fo=79, routed)          1.636     5.157    u_s2_debouncer/CLK
    SLICE_X3Y10          FDRE                                         r  u_s2_debouncer/count_reg[7]/C
  -------------------------------------------------------------------    -------------------
    SLICE_X3Y10          FDRE (Prop_fdre_C_Q)         0.456     5.613 r  u_s2_debouncer/count_reg[7]/Q
                         net (fo=2, routed)           0.833     6.447    u_s2_debouncer/count_reg[7]
    SLICE_X2Y11          LUT6 (Prop_lut6_I1_O)        0.124     6.571 r  u_s2_debouncer/btn_state_i_3__0/O
                         net (fo=1, routed)           0.904     7.475    u_s2_debouncer/btn_state_i_3__0_n_0
    SLICE_X3Y14          LUT6 (Prop_lut6_I2_O)        0.124     7.599 r  u_s2_debouncer/btn_state_i_2__0/O
                         net (fo=2, routed)           0.427     8.025    u_s2_debouncer/btn_state_i_2__0_n_0
    SLICE_X4Y14          LUT3 (Prop_lut3_I0_O)        0.120     8.145 r  u_s2_debouncer/count[0]_i_1__0/O
                         net (fo=20, routed)          0.716     8.861    u_s2_debouncer/count[0]_i_1__0_n_0
    SLICE_X3Y9           FDRE                                         r  u_s2_debouncer/count_reg[0]/R
  -------------------------------------------------------------------    -------------------

                         (clock sys_clk_pin rise edge)
                                                     10.000    10.000 r  
    W5                                                0.000    10.000 r  clk (IN)
                         net (fo=0)                   0.000    10.000    clk
    W5                   IBUF (Prop_ibuf_I_O)         1.388    11.388 r  clk_IBUF_inst/O
                         net (fo=1, routed)           1.862    13.250    clk_IBUF
    BUFGCTRL_X0Y0        BUFG (Prop_bufg_I_O)         0.091    13.341 r  clk_IBUF_BUFG_inst/O
                         net (fo=79, routed)          1.517    14.858    u_s2_debouncer/CLK
    SLICE_X3Y9           FDRE                                         r  u_s2_debouncer/count_reg[0]/C
                         clock pessimism              0.274    15.132    
                         clock uncertainty           -0.035    15.097    
    SLICE_X3Y9           FDRE (Setup_fdre_C_R)       -0.632    14.465    u_s2_debouncer/count_reg[0]
  -------------------------------------------------------------------
                         required time                         14.465    
                         arrival time                          -8.861    
  -------------------------------------------------------------------
                         slack                                  5.604    

Slack (MET) :             5.604ns  (required time - arrival time)
  Source:                 u_s2_debouncer/count_reg[7]/C
                            (rising edge-triggered cell FDRE clocked by sys_clk_pin  {rise@0.000ns fall@5.000ns period=10.000ns})
  Destination:            u_s2_debouncer/count_reg[1]/R
                            (rising edge-triggered cell FDRE clocked by sys_clk_pin  {rise@0.000ns fall@5.000ns period=10.000ns})
  Path Group:             sys_clk_pin
  Path Type:              Setup (Max at Slow Process Corner)
  Requirement:            10.000ns  (sys_clk_pin rise@10.000ns - sys_clk_pin rise@0.000ns)
  Data Path Delay:        3.704ns  (logic 0.824ns (22.246%)  route 2.880ns (77.754%))
  Logic Levels:           3  (LUT3=1 LUT6=2)
  Clock Path Skew:        -0.025ns (DCD - SCD + CPR)
    Destination Clock Delay (DCD):    4.858ns = ( 14.858 - 10.000 ) 
    Source Clock Delay      (SCD):    5.157ns
    Clock Pessimism Removal (CPR):    0.274ns
  Clock Uncertainty:      0.035ns  ((TSJ^2 + TIJ^2)^1/2 + DJ) / 2 + PE
    Total System Jitter     (TSJ):    0.071ns
    Total Input Jitter      (TIJ):    0.000ns
    Discrete Jitter          (DJ):    0.000ns
    Phase Error              (PE):    0.000ns

    Location             Delay type                Incr(ns)  Path(ns)    Netlist Resource(s)
  -------------------------------------------------------------------    -------------------
                         (clock sys_clk_pin rise edge)
                                                      0.000     0.000 r  
    W5                                                0.000     0.000 r  clk (IN)
                         net (fo=0)                   0.000     0.000    clk
    W5                   IBUF (Prop_ibuf_I_O)         1.458     1.458 r  clk_IBUF_inst/O
                         net (fo=1, routed)           1.967     3.425    clk_IBUF
    BUFGCTRL_X0Y0        BUFG (Prop_bufg_I_O)         0.096     3.521 r  clk_IBUF_BUFG_inst/O
                         net (fo=79, routed)          1.636     5.157    u_s2_debouncer/CLK
    SLICE_X3Y10          FDRE                                         r  u_s2_debouncer/count_reg[7]/C
  -------------------------------------------------------------------    -------------------
    SLICE_X3Y10          FDRE (Prop_fdre_C_Q)         0.456     5.613 r  u_s2_debouncer/count_reg[7]/Q
                         net (fo=2, routed)           0.833     6.447    u_s2_debouncer/count_reg[7]
    SLICE_X2Y11          LUT6 (Prop_lut6_I1_O)        0.124     6.571 r  u_s2_debouncer/btn_state_i_3__0/O
                         net (fo=1, routed)           0.904     7.475    u_s2_debouncer/btn_state_i_3__0_n_0
    SLICE_X3Y14          LUT6 (Prop_lut6_I2_O)        0.124     7.599 r  u_s2_debouncer/btn_state_i_2__0/O
                         net (fo=2, routed)           0.427     8.025    u_s2_debouncer/btn_state_i_2__0_n_0
    SLICE_X4Y14          LUT3 (Prop_lut3_I0_O)        0.120     8.145 r  u_s2_debouncer/count[0]_i_1__0/O
                         net (fo=20, routed)          0.716     8.861    u_s2_debouncer/count[0]_i_1__0_n_0
    SLICE_X3Y9           FDRE                                         r  u_s2_debouncer/count_reg[1]/R
  -------------------------------------------------------------------    -------------------

                         (clock sys_clk_pin rise edge)
                                                     10.000    10.000 r  
    W5                                                0.000    10.000 r  clk (IN)
                         net (fo=0)                   0.000    10.000    clk
    W5                   IBUF (Prop_ibuf_I_O)         1.388    11.388 r  clk_IBUF_inst/O
                         net (fo=1, routed)           1.862    13.250    clk_IBUF
    BUFGCTRL_X0Y0        BUFG (Prop_bufg_I_O)         0.091    13.341 r  clk_IBUF_BUFG_inst/O
                         net (fo=79, routed)          1.517    14.858    u_s2_debouncer/CLK
    SLICE_X3Y9           FDRE                                         r  u_s2_debouncer/count_reg[1]/C
                         clock pessimism              0.274    15.132    
                         clock uncertainty           -0.035    15.097    
    SLICE_X3Y9           FDRE (Setup_fdre_C_R)       -0.632    14.465    u_s2_debouncer/count_reg[1]
  -------------------------------------------------------------------
                         required time                         14.465    
                         arrival time                          -8.861    
  -------------------------------------------------------------------
                         slack                                  5.604    





Min Delay Paths
--------------------------------------------------------------------------------------
Slack (MET) :             0.177ns  (arrival time - required time)
  Source:                 u_s1_debouncer/btn_state_reg/C
                            (rising edge-triggered cell FDRE clocked by sys_clk_pin  {rise@0.000ns fall@5.000ns period=10.000ns})
  Destination:            u_rotary/r_current_state_reg[1]/D
                            (rising edge-triggered cell FDCE clocked by sys_clk_pin  {rise@0.000ns fall@5.000ns period=10.000ns})
  Path Group:             sys_clk_pin
  Path Type:              Hold (Min at Fast Process Corner)
  Requirement:            0.000ns  (sys_clk_pin rise@0.000ns - sys_clk_pin rise@0.000ns)
  Data Path Delay:        0.262ns  (logic 0.141ns (53.794%)  route 0.121ns (46.206%))
  Logic Levels:           0  
  Clock Path Skew:        0.015ns (DCD - SCD - CPR)
    Destination Clock Delay (DCD):    1.987ns
    Source Clock Delay      (SCD):    1.473ns
    Clock Pessimism Removal (CPR):    0.499ns

    Location             Delay type                Incr(ns)  Path(ns)    Netlist Resource(s)
  -------------------------------------------------------------------    -------------------
                         (clock sys_clk_pin rise edge)
                                                      0.000     0.000 r  
    W5                                                0.000     0.000 r  clk (IN)
                         net (fo=0)                   0.000     0.000    clk
    W5                   IBUF (Prop_ibuf_I_O)         0.226     0.226 r  clk_IBUF_inst/O
                         net (fo=1, routed)           0.631     0.858    clk_IBUF
    BUFGCTRL_X0Y0        BUFG (Prop_bufg_I_O)         0.026     0.884 r  clk_IBUF_BUFG_inst/O
                         net (fo=79, routed)          0.590     1.473    u_s1_debouncer/CLK
    SLICE_X3Y16          FDRE                                         r  u_s1_debouncer/btn_state_reg/C
  -------------------------------------------------------------------    -------------------
    SLICE_X3Y16          FDRE (Prop_fdre_C_Q)         0.141     1.614 r  u_s1_debouncer/btn_state_reg/Q
                         net (fo=3, routed)           0.121     1.735    u_rotary/D[1]
    SLICE_X3Y15          FDCE                                         r  u_rotary/r_current_state_reg[1]/D
  -------------------------------------------------------------------    -------------------

                         (clock sys_clk_pin rise edge)
                                                      0.000     0.000 r  
    W5                                                0.000     0.000 r  clk (IN)
                         net (fo=0)                   0.000     0.000    clk
    W5                   IBUF (Prop_ibuf_I_O)         0.414     0.414 r  clk_IBUF_inst/O
                         net (fo=1, routed)           0.685     1.099    clk_IBUF
    BUFGCTRL_X0Y0        BUFG (Prop_bufg_I_O)         0.029     1.128 r  clk_IBUF_BUFG_inst/O
                         net (fo=79, routed)          0.860     1.987    u_rotary/CLK
    SLICE_X3Y15          FDCE                                         r  u_rotary/r_current_state_reg[1]/C
                         clock pessimism             -0.499     1.488    
    SLICE_X3Y15          FDCE (Hold_fdce_C_D)         0.070     1.558    u_rotary/r_current_state_reg[1]
  -------------------------------------------------------------------
                         required time                         -1.558    
                         arrival time                           1.735    
  -------------------------------------------------------------------
                         slack                                  0.177    

Slack (MET) :             0.190ns  (arrival time - required time)
  Source:                 u_rotary/r_prev_key_reg/C
                            (rising edge-triggered cell FDCE clocked by sys_clk_pin  {rise@0.000ns fall@5.000ns period=10.000ns})
  Destination:            u_rotary/r_led_toggle_reg/D
                            (rising edge-triggered cell FDCE clocked by sys_clk_pin  {rise@0.000ns fall@5.000ns period=10.000ns})
  Path Group:             sys_clk_pin
  Path Type:              Hold (Min at Fast Process Corner)
  Requirement:            0.000ns  (sys_clk_pin rise@0.000ns - sys_clk_pin rise@0.000ns)
  Data Path Delay:        0.281ns  (logic 0.227ns (80.665%)  route 0.054ns (19.335%))
  Logic Levels:           1  (LUT3=1)
  Clock Path Skew:        0.000ns (DCD - SCD - CPR)
    Destination Clock Delay (DCD):    1.975ns
    Source Clock Delay      (SCD):    1.463ns
    Clock Pessimism Removal (CPR):    0.512ns

    Location             Delay type                Incr(ns)  Path(ns)    Netlist Resource(s)
  -------------------------------------------------------------------    -------------------
                         (clock sys_clk_pin rise edge)
                                                      0.000     0.000 r  
    W5                                                0.000     0.000 r  clk (IN)
                         net (fo=0)                   0.000     0.000    clk
    W5                   IBUF (Prop_ibuf_I_O)         0.226     0.226 r  clk_IBUF_inst/O
                         net (fo=1, routed)           0.631     0.858    clk_IBUF
    BUFGCTRL_X0Y0        BUFG (Prop_bufg_I_O)         0.026     0.884 r  clk_IBUF_BUFG_inst/O
                         net (fo=79, routed)          0.580     1.463    u_rotary/CLK
    SLICE_X65Y75         FDCE                                         r  u_rotary/r_prev_key_reg/C
  -------------------------------------------------------------------    -------------------
    SLICE_X65Y75         FDCE (Prop_fdce_C_Q)         0.128     1.591 r  u_rotary/r_prev_key_reg/Q
                         net (fo=1, routed)           0.054     1.646    u_rotary/r_prev_key
    SLICE_X65Y75         LUT3 (Prop_lut3_I1_O)        0.099     1.745 r  u_rotary/r_led_toggle_i_1/O
                         net (fo=1, routed)           0.000     1.745    u_rotary/r_led_toggle_i_1_n_0
    SLICE_X65Y75         FDCE                                         r  u_rotary/r_led_toggle_reg/D
  -------------------------------------------------------------------    -------------------

                         (clock sys_clk_pin rise edge)
                                                      0.000     0.000 r  
    W5                                                0.000     0.000 r  clk (IN)
                         net (fo=0)                   0.000     0.000    clk
    W5                   IBUF (Prop_ibuf_I_O)         0.414     0.414 r  clk_IBUF_inst/O
                         net (fo=1, routed)           0.685     1.099    clk_IBUF
    BUFGCTRL_X0Y0        BUFG (Prop_bufg_I_O)         0.029     1.128 r  clk_IBUF_BUFG_inst/O
                         net (fo=79, routed)          0.847     1.975    u_rotary/CLK
    SLICE_X65Y75         FDCE                                         r  u_rotary/r_led_toggle_reg/C
                         clock pessimism             -0.512     1.463    
    SLICE_X65Y75         FDCE (Hold_fdce_C_D)         0.091     1.554    u_rotary/r_led_toggle_reg
  -------------------------------------------------------------------
                         required time                         -1.554    
                         arrival time                           1.745    
  -------------------------------------------------------------------
                         slack                                  0.190    

Slack (MET) :             0.205ns  (arrival time - required time)
  Source:                 u_key_debouncer/btn_state_reg/C
                            (rising edge-triggered cell FDRE clocked by sys_clk_pin  {rise@0.000ns fall@5.000ns period=10.000ns})
  Destination:            u_rotary/r_prev_key_reg/D
                            (rising edge-triggered cell FDCE clocked by sys_clk_pin  {rise@0.000ns fall@5.000ns period=10.000ns})
  Path Group:             sys_clk_pin
  Path Type:              Hold (Min at Fast Process Corner)
  Requirement:            0.000ns  (sys_clk_pin rise@0.000ns - sys_clk_pin rise@0.000ns)
  Data Path Delay:        0.314ns  (logic 0.141ns (44.969%)  route 0.173ns (55.031%))
  Logic Levels:           0  
  Clock Path Skew:        0.034ns (DCD - SCD - CPR)
    Destination Clock Delay (DCD):    1.975ns
    Source Clock Delay      (SCD):    1.463ns
    Clock Pessimism Removal (CPR):    0.478ns

    Location             Delay type                Incr(ns)  Path(ns)    Netlist Resource(s)
  -------------------------------------------------------------------    -------------------
                         (clock sys_clk_pin rise edge)
                                                      0.000     0.000 r  
    W5                                                0.000     0.000 r  clk (IN)
                         net (fo=0)                   0.000     0.000    clk
    W5                   IBUF (Prop_ibuf_I_O)         0.226     0.226 r  clk_IBUF_inst/O
                         net (fo=1, routed)           0.631     0.858    clk_IBUF
    BUFGCTRL_X0Y0        BUFG (Prop_bufg_I_O)         0.026     0.884 r  clk_IBUF_BUFG_inst/O
                         net (fo=79, routed)          0.580     1.463    u_key_debouncer/CLK
    SLICE_X65Y74         FDRE                                         r  u_key_debouncer/btn_state_reg/C
  -------------------------------------------------------------------    -------------------
    SLICE_X65Y74         FDRE (Prop_fdre_C_Q)         0.141     1.604 r  u_key_debouncer/btn_state_reg/Q
                         net (fo=4, routed)           0.173     1.777    u_rotary/w_clean_key
    SLICE_X65Y75         FDCE                                         r  u_rotary/r_prev_key_reg/D
  -------------------------------------------------------------------    -------------------

                         (clock sys_clk_pin rise edge)
                                                      0.000     0.000 r  
    W5                                                0.000     0.000 r  clk (IN)
                         net (fo=0)                   0.000     0.000    clk
    W5                   IBUF (Prop_ibuf_I_O)         0.414     0.414 r  clk_IBUF_inst/O
                         net (fo=1, routed)           0.685     1.099    clk_IBUF
    BUFGCTRL_X0Y0        BUFG (Prop_bufg_I_O)         0.029     1.128 r  clk_IBUF_BUFG_inst/O
                         net (fo=79, routed)          0.847     1.975    u_rotary/CLK
    SLICE_X65Y75         FDCE                                         r  u_rotary/r_prev_key_reg/C
                         clock pessimism             -0.478     1.497    
    SLICE_X65Y75         FDCE (Hold_fdce_C_D)         0.075     1.572    u_rotary/r_prev_key_reg
  -------------------------------------------------------------------
                         required time                         -1.572    
                         arrival time                           1.777    
  -------------------------------------------------------------------
                         slack                                  0.205    

Slack (MET) :             0.217ns  (arrival time - required time)
  Source:                 u_rotary/r_current_state_reg[1]/C
                            (rising edge-triggered cell FDCE clocked by sys_clk_pin  {rise@0.000ns fall@5.000ns period=10.000ns})
  Destination:            u_rotary/r_prev_state_reg[1]/D
                            (rising edge-triggered cell FDCE clocked by sys_clk_pin  {rise@0.000ns fall@5.000ns period=10.000ns})
  Path Group:             sys_clk_pin
  Path Type:              Hold (Min at Fast Process Corner)
  Requirement:            0.000ns  (sys_clk_pin rise@0.000ns - sys_clk_pin rise@0.000ns)
  Data Path Delay:        0.302ns  (logic 0.141ns (46.750%)  route 0.161ns (53.250%))
  Logic Levels:           0  
  Clock Path Skew:        0.015ns (DCD - SCD - CPR)
    Destination Clock Delay (DCD):    1.988ns
    Source Clock Delay      (SCD):    1.474ns
    Clock Pessimism Removal (CPR):    0.499ns

    Location             Delay type                Incr(ns)  Path(ns)    Netlist Resource(s)
  -------------------------------------------------------------------    -------------------
                         (clock sys_clk_pin rise edge)
                                                      0.000     0.000 r  
    W5                                                0.000     0.000 r  clk (IN)
                         net (fo=0)                   0.000     0.000    clk
    W5                   IBUF (Prop_ibuf_I_O)         0.226     0.226 r  clk_IBUF_inst/O
                         net (fo=1, routed)           0.631     0.858    clk_IBUF
    BUFGCTRL_X0Y0        BUFG (Prop_bufg_I_O)         0.026     0.884 r  clk_IBUF_BUFG_inst/O
                         net (fo=79, routed)          0.591     1.474    u_rotary/CLK
    SLICE_X3Y15          FDCE                                         r  u_rotary/r_current_state_reg[1]/C
  -------------------------------------------------------------------    -------------------
    SLICE_X3Y15          FDCE (Prop_fdce_C_Q)         0.141     1.615 r  u_rotary/r_current_state_reg[1]/Q
                         net (fo=8, routed)           0.161     1.776    u_rotary/p_0_in[1]
    SLICE_X3Y14          FDCE                                         r  u_rotary/r_prev_state_reg[1]/D
  -------------------------------------------------------------------    -------------------

                         (clock sys_clk_pin rise edge)
                                                      0.000     0.000 r  
    W5                                                0.000     0.000 r  clk (IN)
                         net (fo=0)                   0.000     0.000    clk
    W5                   IBUF (Prop_ibuf_I_O)         0.414     0.414 r  clk_IBUF_inst/O
                         net (fo=1, routed)           0.685     1.099    clk_IBUF
    BUFGCTRL_X0Y0        BUFG (Prop_bufg_I_O)         0.029     1.128 r  clk_IBUF_BUFG_inst/O
                         net (fo=79, routed)          0.861     1.988    u_rotary/CLK
    SLICE_X3Y14          FDCE                                         r  u_rotary/r_prev_state_reg[1]/C
                         clock pessimism             -0.499     1.489    
    SLICE_X3Y14          FDCE (Hold_fdce_C_D)         0.070     1.559    u_rotary/r_prev_state_reg[1]
  -------------------------------------------------------------------
                         required time                         -1.559    
                         arrival time                           1.776    
  -------------------------------------------------------------------
                         slack                                  0.217    

Slack (MET) :             0.249ns  (arrival time - required time)
  Source:                 u_s2_debouncer/btn_state_reg/C
                            (rising edge-triggered cell FDRE clocked by sys_clk_pin  {rise@0.000ns fall@5.000ns period=10.000ns})
  Destination:            u_rotary/r_current_state_reg[0]/D
                            (rising edge-triggered cell FDCE clocked by sys_clk_pin  {rise@0.000ns fall@5.000ns period=10.000ns})
  Path Group:             sys_clk_pin
  Path Type:              Hold (Min at Fast Process Corner)
  Requirement:            0.000ns  (sys_clk_pin rise@0.000ns - sys_clk_pin rise@0.000ns)
  Data Path Delay:        0.357ns  (logic 0.141ns (39.463%)  route 0.216ns (60.537%))
  Logic Levels:           0  
  Clock Path Skew:        0.038ns (DCD - SCD - CPR)
    Destination Clock Delay (DCD):    1.988ns
    Source Clock Delay      (SCD):    1.472ns
    Clock Pessimism Removal (CPR):    0.478ns

    Location             Delay type                Incr(ns)  Path(ns)    Netlist Resource(s)
  -------------------------------------------------------------------    -------------------
                         (clock sys_clk_pin rise edge)
                                                      0.000     0.000 r  
    W5                                                0.000     0.000 r  clk (IN)
                         net (fo=0)                   0.000     0.000    clk
    W5                   IBUF (Prop_ibuf_I_O)         0.226     0.226 r  clk_IBUF_inst/O
                         net (fo=1, routed)           0.631     0.858    clk_IBUF
    BUFGCTRL_X0Y0        BUFG (Prop_bufg_I_O)         0.026     0.884 r  clk_IBUF_BUFG_inst/O
                         net (fo=79, routed)          0.589     1.472    u_s2_debouncer/CLK
    SLICE_X5Y14          FDRE                                         r  u_s2_debouncer/btn_state_reg/C
  -------------------------------------------------------------------    -------------------
    SLICE_X5Y14          FDRE (Prop_fdre_C_Q)         0.141     1.613 r  u_s2_debouncer/btn_state_reg/Q
                         net (fo=3, routed)           0.216     1.829    u_rotary/D[0]
    SLICE_X3Y14          FDCE                                         r  u_rotary/r_current_state_reg[0]/D
  -------------------------------------------------------------------    -------------------

                         (clock sys_clk_pin rise edge)
                                                      0.000     0.000 r  
    W5                                                0.000     0.000 r  clk (IN)
                         net (fo=0)                   0.000     0.000    clk
    W5                   IBUF (Prop_ibuf_I_O)         0.414     0.414 r  clk_IBUF_inst/O
                         net (fo=1, routed)           0.685     1.099    clk_IBUF
    BUFGCTRL_X0Y0        BUFG (Prop_bufg_I_O)         0.029     1.128 r  clk_IBUF_BUFG_inst/O
                         net (fo=79, routed)          0.861     1.988    u_rotary/CLK
    SLICE_X3Y14          FDCE                                         r  u_rotary/r_current_state_reg[0]/C
                         clock pessimism             -0.478     1.510    
    SLICE_X3Y14          FDCE (Hold_fdce_C_D)         0.070     1.580    u_rotary/r_current_state_reg[0]
  -------------------------------------------------------------------
                         required time                         -1.580    
                         arrival time                           1.829    
  -------------------------------------------------------------------
                         slack                                  0.249    

Slack (MET) :             0.252ns  (arrival time - required time)
  Source:                 u_s2_debouncer/count_reg[3]/C
                            (rising edge-triggered cell FDRE clocked by sys_clk_pin  {rise@0.000ns fall@5.000ns period=10.000ns})
  Destination:            u_s2_debouncer/count_reg[3]/D
                            (rising edge-triggered cell FDRE clocked by sys_clk_pin  {rise@0.000ns fall@5.000ns period=10.000ns})
  Path Group:             sys_clk_pin
  Path Type:              Hold (Min at Fast Process Corner)
  Requirement:            0.000ns  (sys_clk_pin rise@0.000ns - sys_clk_pin rise@0.000ns)
  Data Path Delay:        0.357ns  (logic 0.249ns (69.714%)  route 0.108ns (30.286%))
  Logic Levels:           1  (CARRY4=1)
  Clock Path Skew:        0.000ns (DCD - SCD - CPR)
    Destination Clock Delay (DCD):    1.992ns
    Source Clock Delay      (SCD):    1.477ns
    Clock Pessimism Removal (CPR):    0.515ns

    Location             Delay type                Incr(ns)  Path(ns)    Netlist Resource(s)
  -------------------------------------------------------------------    -------------------
                         (clock sys_clk_pin rise edge)
                                                      0.000     0.000 r  
    W5                                                0.000     0.000 r  clk (IN)
                         net (fo=0)                   0.000     0.000    clk
    W5                   IBUF (Prop_ibuf_I_O)         0.226     0.226 r  clk_IBUF_inst/O
                         net (fo=1, routed)           0.631     0.858    clk_IBUF
    BUFGCTRL_X0Y0        BUFG (Prop_bufg_I_O)         0.026     0.884 r  clk_IBUF_BUFG_inst/O
                         net (fo=79, routed)          0.594     1.477    u_s2_debouncer/CLK
    SLICE_X3Y9           FDRE                                         r  u_s2_debouncer/count_reg[3]/C
  -------------------------------------------------------------------    -------------------
    SLICE_X3Y9           FDRE (Prop_fdre_C_Q)         0.141     1.618 r  u_s2_debouncer/count_reg[3]/Q
                         net (fo=1, routed)           0.108     1.726    u_s2_debouncer/count_reg_n_0_[3]
    SLICE_X3Y9           CARRY4 (Prop_carry4_S[3]_O[3])
                                                      0.108     1.834 r  u_s2_debouncer/count_reg[0]_i_2__0/O[3]
                         net (fo=1, routed)           0.000     1.834    u_s2_debouncer/count_reg[0]_i_2__0_n_4
    SLICE_X3Y9           FDRE                                         r  u_s2_debouncer/count_reg[3]/D
  -------------------------------------------------------------------    -------------------

                         (clock sys_clk_pin rise edge)
                                                      0.000     0.000 r  
    W5                                                0.000     0.000 r  clk (IN)
                         net (fo=0)                   0.000     0.000    clk
    W5                   IBUF (Prop_ibuf_I_O)         0.414     0.414 r  clk_IBUF_inst/O
                         net (fo=1, routed)           0.685     1.099    clk_IBUF
    BUFGCTRL_X0Y0        BUFG (Prop_bufg_I_O)         0.029     1.128 r  clk_IBUF_BUFG_inst/O
                         net (fo=79, routed)          0.865     1.992    u_s2_debouncer/CLK
    SLICE_X3Y9           FDRE                                         r  u_s2_debouncer/count_reg[3]/C
                         clock pessimism             -0.515     1.477    
    SLICE_X3Y9           FDRE (Hold_fdre_C_D)         0.105     1.582    u_s2_debouncer/count_reg[3]
  -------------------------------------------------------------------
                         required time                         -1.582    
                         arrival time                           1.834    
  -------------------------------------------------------------------
                         slack                                  0.252    

Slack (MET) :             0.254ns  (arrival time - required time)
  Source:                 u_s1_debouncer/count_reg[2]/C
                            (rising edge-triggered cell FDRE clocked by sys_clk_pin  {rise@0.000ns fall@5.000ns period=10.000ns})
  Destination:            u_s1_debouncer/count_reg[2]/D
                            (rising edge-triggered cell FDRE clocked by sys_clk_pin  {rise@0.000ns fall@5.000ns period=10.000ns})
  Path Group:             sys_clk_pin
  Path Type:              Hold (Min at Fast Process Corner)
  Requirement:            0.000ns  (sys_clk_pin rise@0.000ns - sys_clk_pin rise@0.000ns)
  Data Path Delay:        0.388ns  (logic 0.274ns (70.550%)  route 0.114ns (29.450%))
  Logic Levels:           1  (CARRY4=1)
  Clock Path Skew:        0.000ns (DCD - SCD - CPR)
    Destination Clock Delay (DCD):    1.989ns
    Source Clock Delay      (SCD):    1.475ns
    Clock Pessimism Removal (CPR):    0.514ns

    Location             Delay type                Incr(ns)  Path(ns)    Netlist Resource(s)
  -------------------------------------------------------------------    -------------------
                         (clock sys_clk_pin rise edge)
                                                      0.000     0.000 r  
    W5                                                0.000     0.000 r  clk (IN)
                         net (fo=0)                   0.000     0.000    clk
    W5                   IBUF (Prop_ibuf_I_O)         0.226     0.226 r  clk_IBUF_inst/O
                         net (fo=1, routed)           0.631     0.858    clk_IBUF
    BUFGCTRL_X0Y0        BUFG (Prop_bufg_I_O)         0.026     0.884 r  clk_IBUF_BUFG_inst/O
                         net (fo=79, routed)          0.592     1.475    u_s1_debouncer/CLK
    SLICE_X2Y12          FDRE                                         r  u_s1_debouncer/count_reg[2]/C
  -------------------------------------------------------------------    -------------------
    SLICE_X2Y12          FDRE (Prop_fdre_C_Q)         0.164     1.639 r  u_s1_debouncer/count_reg[2]/Q
                         net (fo=1, routed)           0.114     1.754    u_s1_debouncer/count_reg_n_0_[2]
    SLICE_X2Y12          CARRY4 (Prop_carry4_S[2]_O[2])
                                                      0.110     1.864 r  u_s1_debouncer/count_reg[0]_i_2/O[2]
                         net (fo=1, routed)           0.000     1.864    u_s1_debouncer/count_reg[0]_i_2_n_5
    SLICE_X2Y12          FDRE                                         r  u_s1_debouncer/count_reg[2]/D
  -------------------------------------------------------------------    -------------------

                         (clock sys_clk_pin rise edge)
                                                      0.000     0.000 r  
    W5                                                0.000     0.000 r  clk (IN)
                         net (fo=0)                   0.000     0.000    clk
    W5                   IBUF (Prop_ibuf_I_O)         0.414     0.414 r  clk_IBUF_inst/O
                         net (fo=1, routed)           0.685     1.099    clk_IBUF
    BUFGCTRL_X0Y0        BUFG (Prop_bufg_I_O)         0.029     1.128 r  clk_IBUF_BUFG_inst/O
                         net (fo=79, routed)          0.862     1.989    u_s1_debouncer/CLK
    SLICE_X2Y12          FDRE                                         r  u_s1_debouncer/count_reg[2]/C
                         clock pessimism             -0.514     1.475    
    SLICE_X2Y12          FDRE (Hold_fdre_C_D)         0.134     1.609    u_s1_debouncer/count_reg[2]
  -------------------------------------------------------------------
                         required time                         -1.609    
                         arrival time                           1.864    
  -------------------------------------------------------------------
                         slack                                  0.254    

Slack (MET) :             0.256ns  (arrival time - required time)
  Source:                 u_s2_debouncer/count_reg[4]/C
                            (rising edge-triggered cell FDRE clocked by sys_clk_pin  {rise@0.000ns fall@5.000ns period=10.000ns})
  Destination:            u_s2_debouncer/count_reg[4]/D
                            (rising edge-triggered cell FDRE clocked by sys_clk_pin  {rise@0.000ns fall@5.000ns period=10.000ns})
  Path Group:             sys_clk_pin
  Path Type:              Hold (Min at Fast Process Corner)
  Requirement:            0.000ns  (sys_clk_pin rise@0.000ns - sys_clk_pin rise@0.000ns)
  Data Path Delay:        0.361ns  (logic 0.256ns (70.880%)  route 0.105ns (29.120%))
  Logic Levels:           1  (CARRY4=1)
  Clock Path Skew:        0.000ns (DCD - SCD - CPR)
    Destination Clock Delay (DCD):    1.991ns
    Source Clock Delay      (SCD):    1.476ns
    Clock Pessimism Removal (CPR):    0.515ns

    Location             Delay type                Incr(ns)  Path(ns)    Netlist Resource(s)
  -------------------------------------------------------------------    -------------------
                         (clock sys_clk_pin rise edge)
                                                      0.000     0.000 r  
    W5                                                0.000     0.000 r  clk (IN)
                         net (fo=0)                   0.000     0.000    clk
    W5                   IBUF (Prop_ibuf_I_O)         0.226     0.226 r  clk_IBUF_inst/O
                         net (fo=1, routed)           0.631     0.858    clk_IBUF
    BUFGCTRL_X0Y0        BUFG (Prop_bufg_I_O)         0.026     0.884 r  clk_IBUF_BUFG_inst/O
                         net (fo=79, routed)          0.593     1.476    u_s2_debouncer/CLK
    SLICE_X3Y10          FDRE                                         r  u_s2_debouncer/count_reg[4]/C
  -------------------------------------------------------------------    -------------------
    SLICE_X3Y10          FDRE (Prop_fdre_C_Q)         0.141     1.617 r  u_s2_debouncer/count_reg[4]/Q
                         net (fo=1, routed)           0.105     1.722    u_s2_debouncer/count_reg_n_0_[4]
    SLICE_X3Y10          CARRY4 (Prop_carry4_S[0]_O[0])
                                                      0.115     1.837 r  u_s2_debouncer/count_reg[4]_i_1__0/O[0]
                         net (fo=1, routed)           0.000     1.837    u_s2_debouncer/count_reg[4]_i_1__0_n_7
    SLICE_X3Y10          FDRE                                         r  u_s2_debouncer/count_reg[4]/D
  -------------------------------------------------------------------    -------------------

                         (clock sys_clk_pin rise edge)
                                                      0.000     0.000 r  
    W5                                                0.000     0.000 r  clk (IN)
                         net (fo=0)                   0.000     0.000    clk
    W5                   IBUF (Prop_ibuf_I_O)         0.414     0.414 r  clk_IBUF_inst/O
                         net (fo=1, routed)           0.685     1.099    clk_IBUF
    BUFGCTRL_X0Y0        BUFG (Prop_bufg_I_O)         0.029     1.128 r  clk_IBUF_BUFG_inst/O
                         net (fo=79, routed)          0.864     1.991    u_s2_debouncer/CLK
    SLICE_X3Y10          FDRE                                         r  u_s2_debouncer/count_reg[4]/C
                         clock pessimism             -0.515     1.476    
    SLICE_X3Y10          FDRE (Hold_fdre_C_D)         0.105     1.581    u_s2_debouncer/count_reg[4]
  -------------------------------------------------------------------
                         required time                         -1.581    
                         arrival time                           1.837    
  -------------------------------------------------------------------
                         slack                                  0.256    

Slack (MET) :             0.256ns  (arrival time - required time)
  Source:                 u_s2_debouncer/count_reg[2]/C
                            (rising edge-triggered cell FDRE clocked by sys_clk_pin  {rise@0.000ns fall@5.000ns period=10.000ns})
  Destination:            u_s2_debouncer/count_reg[2]/D
                            (rising edge-triggered cell FDRE clocked by sys_clk_pin  {rise@0.000ns fall@5.000ns period=10.000ns})
  Path Group:             sys_clk_pin
  Path Type:              Hold (Min at Fast Process Corner)
  Requirement:            0.000ns  (sys_clk_pin rise@0.000ns - sys_clk_pin rise@0.000ns)
  Data Path Delay:        0.361ns  (logic 0.252ns (69.733%)  route 0.109ns (30.267%))
  Logic Levels:           1  (CARRY4=1)
  Clock Path Skew:        0.000ns (DCD - SCD - CPR)
    Destination Clock Delay (DCD):    1.992ns
    Source Clock Delay      (SCD):    1.477ns
    Clock Pessimism Removal (CPR):    0.515ns

    Location             Delay type                Incr(ns)  Path(ns)    Netlist Resource(s)
  -------------------------------------------------------------------    -------------------
                         (clock sys_clk_pin rise edge)
                                                      0.000     0.000 r  
    W5                                                0.000     0.000 r  clk (IN)
                         net (fo=0)                   0.000     0.000    clk
    W5                   IBUF (Prop_ibuf_I_O)         0.226     0.226 r  clk_IBUF_inst/O
                         net (fo=1, routed)           0.631     0.858    clk_IBUF
    BUFGCTRL_X0Y0        BUFG (Prop_bufg_I_O)         0.026     0.884 r  clk_IBUF_BUFG_inst/O
                         net (fo=79, routed)          0.594     1.477    u_s2_debouncer/CLK
    SLICE_X3Y9           FDRE                                         r  u_s2_debouncer/count_reg[2]/C
  -------------------------------------------------------------------    -------------------
    SLICE_X3Y9           FDRE (Prop_fdre_C_Q)         0.141     1.618 r  u_s2_debouncer/count_reg[2]/Q
                         net (fo=1, routed)           0.109     1.728    u_s2_debouncer/count_reg_n_0_[2]
    SLICE_X3Y9           CARRY4 (Prop_carry4_S[2]_O[2])
                                                      0.111     1.839 r  u_s2_debouncer/count_reg[0]_i_2__0/O[2]
                         net (fo=1, routed)           0.000     1.839    u_s2_debouncer/count_reg[0]_i_2__0_n_5
    SLICE_X3Y9           FDRE                                         r  u_s2_debouncer/count_reg[2]/D
  -------------------------------------------------------------------    -------------------

                         (clock sys_clk_pin rise edge)
                                                      0.000     0.000 r  
    W5                                                0.000     0.000 r  clk (IN)
                         net (fo=0)                   0.000     0.000    clk
    W5                   IBUF (Prop_ibuf_I_O)         0.414     0.414 r  clk_IBUF_inst/O
                         net (fo=1, routed)           0.685     1.099    clk_IBUF
    BUFGCTRL_X0Y0        BUFG (Prop_bufg_I_O)         0.029     1.128 r  clk_IBUF_BUFG_inst/O
                         net (fo=79, routed)          0.865     1.992    u_s2_debouncer/CLK
    SLICE_X3Y9           FDRE                                         r  u_s2_debouncer/count_reg[2]/C
                         clock pessimism             -0.515     1.477    
    SLICE_X3Y9           FDRE (Hold_fdre_C_D)         0.105     1.582    u_s2_debouncer/count_reg[2]
  -------------------------------------------------------------------
                         required time                         -1.582    
                         arrival time                           1.839    
  -------------------------------------------------------------------
                         slack                                  0.256    

Slack (MET) :             0.261ns  (arrival time - required time)
  Source:                 u_s2_debouncer/count_reg[11]/C
                            (rising edge-triggered cell FDRE clocked by sys_clk_pin  {rise@0.000ns fall@5.000ns period=10.000ns})
  Destination:            u_s2_debouncer/count_reg[11]/D
                            (rising edge-triggered cell FDRE clocked by sys_clk_pin  {rise@0.000ns fall@5.000ns period=10.000ns})
  Path Group:             sys_clk_pin
  Path Type:              Hold (Min at Fast Process Corner)
  Requirement:            0.000ns  (sys_clk_pin rise@0.000ns - sys_clk_pin rise@0.000ns)
  Data Path Delay:        0.366ns  (logic 0.249ns (67.994%)  route 0.117ns (32.006%))
  Logic Levels:           1  (CARRY4=1)
  Clock Path Skew:        0.000ns (DCD - SCD - CPR)
    Destination Clock Delay (DCD):    1.991ns
    Source Clock Delay      (SCD):    1.476ns
    Clock Pessimism Removal (CPR):    0.515ns

    Location             Delay type                Incr(ns)  Path(ns)    Netlist Resource(s)
  -------------------------------------------------------------------    -------------------
                         (clock sys_clk_pin rise edge)
                                                      0.000     0.000 r  
    W5                                                0.000     0.000 r  clk (IN)
                         net (fo=0)                   0.000     0.000    clk
    W5                   IBUF (Prop_ibuf_I_O)         0.226     0.226 r  clk_IBUF_inst/O
                         net (fo=1, routed)           0.631     0.858    clk_IBUF
    BUFGCTRL_X0Y0        BUFG (Prop_bufg_I_O)         0.026     0.884 r  clk_IBUF_BUFG_inst/O
                         net (fo=79, routed)          0.593     1.476    u_s2_debouncer/CLK
    SLICE_X3Y11          FDRE                                         r  u_s2_debouncer/count_reg[11]/C
  -------------------------------------------------------------------    -------------------
    SLICE_X3Y11          FDRE (Prop_fdre_C_Q)         0.141     1.617 r  u_s2_debouncer/count_reg[11]/Q
                         net (fo=2, routed)           0.117     1.734    u_s2_debouncer/count_reg[11]
    SLICE_X3Y11          CARRY4 (Prop_carry4_S[3]_O[3])
                                                      0.108     1.842 r  u_s2_debouncer/count_reg[8]_i_1__0/O[3]
                         net (fo=1, routed)           0.000     1.842    u_s2_debouncer/count_reg[8]_i_1__0_n_4
    SLICE_X3Y11          FDRE                                         r  u_s2_debouncer/count_reg[11]/D
  -------------------------------------------------------------------    -------------------

                         (clock sys_clk_pin rise edge)
                                                      0.000     0.000 r  
    W5                                                0.000     0.000 r  clk (IN)
                         net (fo=0)                   0.000     0.000    clk
    W5                   IBUF (Prop_ibuf_I_O)         0.414     0.414 r  clk_IBUF_inst/O
                         net (fo=1, routed)           0.685     1.099    clk_IBUF
    BUFGCTRL_X0Y0        BUFG (Prop_bufg_I_O)         0.029     1.128 r  clk_IBUF_BUFG_inst/O
                         net (fo=79, routed)          0.864     1.991    u_s2_debouncer/CLK
    SLICE_X3Y11          FDRE                                         r  u_s2_debouncer/count_reg[11]/C
                         clock pessimism             -0.515     1.476    
    SLICE_X3Y11          FDRE (Hold_fdre_C_D)         0.105     1.581    u_s2_debouncer/count_reg[11]
  -------------------------------------------------------------------
                         required time                         -1.581    
                         arrival time                           1.842    
  -------------------------------------------------------------------
                         slack                                  0.261    





Pulse Width Checks
--------------------------------------------------------------------------------------
Clock Name:         sys_clk_pin
Waveform(ns):       { 0.000 5.000 }
Period(ns):         10.000
Sources:            { clk }

Check Type        Corner  Lib Pin  Reference Pin  Required(ns)  Actual(ns)  Slack(ns)  Location       Pin
Min Period        n/a     BUFG/I   n/a            2.155         10.000      7.845      BUFGCTRL_X0Y0  clk_IBUF_BUFG_inst/I
Min Period        n/a     FDRE/C   n/a            1.000         10.000      9.000      SLICE_X65Y74   u_key_debouncer/btn_state_reg/C
Min Period        n/a     FDRE/C   n/a            1.000         10.000      9.000      SLICE_X64Y72   u_key_debouncer/count_reg[0]/C
Min Period        n/a     FDRE/C   n/a            1.000         10.000      9.000      SLICE_X64Y74   u_key_debouncer/count_reg[10]/C
Min Period        n/a     FDRE/C   n/a            1.000         10.000      9.000      SLICE_X64Y74   u_key_debouncer/count_reg[11]/C
Min Period        n/a     FDRE/C   n/a            1.000         10.000      9.000      SLICE_X64Y75   u_key_debouncer/count_reg[12]/C
Min Period        n/a     FDRE/C   n/a            1.000         10.000      9.000      SLICE_X64Y75   u_key_debouncer/count_reg[13]/C
Min Period        n/a     FDRE/C   n/a            1.000         10.000      9.000      SLICE_X64Y75   u_key_debouncer/count_reg[14]/C
Min Period        n/a     FDRE/C   n/a            1.000         10.000      9.000      SLICE_X64Y75   u_key_debouncer/count_reg[15]/C
Min Period        n/a     FDRE/C   n/a            1.000         10.000      9.000      SLICE_X64Y76   u_key_debouncer/count_reg[16]/C
Low Pulse Width   Slow    FDRE/C   n/a            0.500         5.000       4.500      SLICE_X65Y74   u_key_debouncer/btn_state_reg/C
Low Pulse Width   Fast    FDRE/C   n/a            0.500         5.000       4.500      SLICE_X65Y74   u_key_debouncer/btn_state_reg/C
Low Pulse Width   Slow    FDRE/C   n/a            0.500         5.000       4.500      SLICE_X64Y72   u_key_debouncer/count_reg[0]/C
Low Pulse Width   Fast    FDRE/C   n/a            0.500         5.000       4.500      SLICE_X64Y72   u_key_debouncer/count_reg[0]/C
Low Pulse Width   Slow    FDRE/C   n/a            0.500         5.000       4.500      SLICE_X64Y74   u_key_debouncer/count_reg[10]/C
Low Pulse Width   Fast    FDRE/C   n/a            0.500         5.000       4.500      SLICE_X64Y74   u_key_debouncer/count_reg[10]/C
Low Pulse Width   Slow    FDRE/C   n/a            0.500         5.000       4.500      SLICE_X64Y74   u_key_debouncer/count_reg[11]/C
Low Pulse Width   Fast    FDRE/C   n/a            0.500         5.000       4.500      SLICE_X64Y74   u_key_debouncer/count_reg[11]/C
Low Pulse Width   Slow    FDRE/C   n/a            0.500         5.000       4.500      SLICE_X64Y75   u_key_debouncer/count_reg[12]/C
Low Pulse Width   Fast    FDRE/C   n/a            0.500         5.000       4.500      SLICE_X64Y75   u_key_debouncer/count_reg[12]/C
High Pulse Width  Slow    FDRE/C   n/a            0.500         5.000       4.500      SLICE_X65Y74   u_key_debouncer/btn_state_reg/C
High Pulse Width  Fast    FDRE/C   n/a            0.500         5.000       4.500      SLICE_X65Y74   u_key_debouncer/btn_state_reg/C
High Pulse Width  Slow    FDRE/C   n/a            0.500         5.000       4.500      SLICE_X64Y72   u_key_debouncer/count_reg[0]/C
High Pulse Width  Fast    FDRE/C   n/a            0.500         5.000       4.500      SLICE_X64Y72   u_key_debouncer/count_reg[0]/C
High Pulse Width  Slow    FDRE/C   n/a            0.500         5.000       4.500      SLICE_X64Y74   u_key_debouncer/count_reg[10]/C
High Pulse Width  Fast    FDRE/C   n/a            0.500         5.000       4.500      SLICE_X64Y74   u_key_debouncer/count_reg[10]/C
High Pulse Width  Slow    FDRE/C   n/a            0.500         5.000       4.500      SLICE_X64Y74   u_key_debouncer/count_reg[11]/C
High Pulse Width  Fast    FDRE/C   n/a            0.500         5.000       4.500      SLICE_X64Y74   u_key_debouncer/count_reg[11]/C
High Pulse Width  Slow    FDRE/C   n/a            0.500         5.000       4.500      SLICE_X64Y75   u_key_debouncer/count_reg[12]/C
High Pulse Width  Fast    FDRE/C   n/a            0.500         5.000       4.500      SLICE_X64Y75   u_key_debouncer/count_reg[12]/C



